******************************************************************************
               TMS320C6x Linker Unix v8.3.2                    
******************************************************************************
>> Linked Fri Jun 28 08:40:47 2019

OUTPUT FILE NAME:   <USB_HostMsc_lcdkOMAPL138_c674xExampleProject.out>
ENTRY POINT SYMBOL: "_c_int00"  address: c3600000


MEMORY CONFIGURATION

         name            origin    length      used     unused   attr    fill
----------------------  --------  ---------  --------  --------  ----  --------
  IROM                  11700000   00100000  00000000  00100000  R  X
  IRAM                  11800000   00040000  00000000  00040000  RW X
  L3_CBA_RAM            80000000   00020000  00000000  00020000  RW X
  APP_CACHED_BIOS_RSVD_ c2000000   01000000  00000000  01000000  RWIX
  APP_CODE_MEM          c3001000   001ff000  00028580  001d6a80  RWIX
  APP_CACHED_DATA_MEM   c3200000   00400000  0006f125  00390edb  RWIX
  APP_CACHED_DATA_BLK1_ c3600000   00400000  000000c0  003fff40  RWIX
  APP_CACHED_DATA_BLK2_ c3a00000   00200000  00000000  00200000  RWIX
  APP_UNCACHED_DATA_BLK c3d00000   00200000  00000000  00200000  RWIX


SEGMENT ALLOCATION MAP

run origin  load origin   length   init length attrs members
----------  ----------- ---------- ----------- ----- -------
c3001000    c3001000    00028380   00028380    r-x
  c3001000    c3001000    00028380   00028380    r-x .text
c3029400    c3029400    00000200   00000200    r-x
  c3029400    c3029400    00000200   00000200    r-x .vecs
c3200000    c3200000    0006cc04   00000000    rw-
  c3200000    c3200000    00055df4   00000000    rw- .far
  c3255df8    c3255df8    00015000   00000000    rw- .stack
  c326adf8    c326adf8    00001e0c   00000000    rw- .fardata
c326cc08    c326cc08    00001934   00001934    r--
  c326cc08    c326cc08    000017f9   000017f9    r-- .const
  c326e404    c326e404    00000138   00000138    r-- .switch
c326e540    c326e540    0000018c   00000000    rw-
  c326e540    c326e540    00000120   00000000    rw- .cio
  c326e660    c326e660    00000012   00000000    rw- .bss
  c326e674    c326e674    00000058   00000000    rw- .neardata
c326e6d0    c326e6d0    00000a68   00000a68    r--
  c326e6d0    c326e6d0    00000a68   00000a68    r-- .cinit
c3600000    c3600000    000000c0   000000c0    r-x
  c3600000    c3600000    000000c0   000000c0    r-x .text:_c_int00


SECTION ALLOCATION MAP

 output                                  attributes/
section   page    origin      length       input sections
--------  ----  ----------  ----------   ----------------
.vecs      0    c3029400    00000200     
                  c3029400    00000200     usb_c674x_omapl138_pe674.oe674 (.vecs)

.stack     0    c3255df8    00015000     UNINITIALIZED
                  c3255df8    00000008     boot.ae674 : boot.oe674 (.stack)
                  c3255e00    00014ff8     --HOLE--

.bss       0    c326e660    00000012     UNINITIALIZED
                  c326e660    00000004     (.common:delayTimerCount)
                  c326e664    00000004     (.common:delayTimerFlag)
                  c326e668    00000004     (.common:delayTimerHandle)
                  c326e66c    00000004     (.common:g_eState)
                  c326e670    00000002     ti.fs.fatfs.ae674 : ff.oe674 (.bss)

.neardata 
*          0    c326e674    00000058     UNINITIALIZED
                  c326e674    00000018     ti.osal.ae674 : Utils_tirtos.oe674 (.neardata)
                  c326e68c    0000000c     host_msc_main.obj (.neardata)
                  c326e698    0000000c     ti.drv.usb.ae674 : usbdmsc.oe674 (.neardata)
                  c326e6a4    0000000c                      : usbtick.oe674 (.neardata)
                  c326e6b0    00000008                      : usbhenum_musb.oe674 (.neardata)
                  c326e6b8    00000008     ti.fs.fatfs.ae674 : FATFS_drv.oe674 (.neardata)
                  c326e6c0    00000004     fatfs_port_usbmsc.obj (.neardata)
                  c326e6c4    00000004     fs_shell_app_utils.obj (.neardata)
                  c326e6c8    00000004     ti.drv.uart.ae674 : UART_drv.oe674 (.neardata)

.rodata    0    c326e6cc    00000000     UNINITIALIZED

.cinit     0    c326e6d0    00000a68     
                  c326e6d0    00000a06     (.cinit..fardata.load) [load image, compression = rle]
                  c326f0d6    0000001e     (.cinit..neardata.load) [load image, compression = rle]
                  c326f0f4    0000000d     (.cinit..far.load) [load image, compression = rle]
                  c326f101    00000009     (.cinit..bss.load) [load image, compression = rle]
                  c326f10a    00000002     --HOLE-- [fill = 0]
                  c326f10c    00000008     (__TI_handler_table)
                  c326f114    00000004     --HOLE-- [fill = 0]
                  c326f118    00000020     (__TI_cinit_table)

.init_array 
*          0    c3200000    00000000     UNINITIALIZED

.far       0    c3200000    00055df4     UNINITIALIZED
                  c3200000    00020000     (.common:dBuffer)
                  c3220000    00014100     (.common:region0DescriptorSpace)
                  c3234100    00010000     fs_shell_app_utils.obj (.far:gFsShellAppUtilsDataBuf)
                  c3244100    00009c40     (.common:ti_sysbios_heaps_HeapMem_Instance_State_0_buf__A)
                  c324dd40    00002390     (.common:FATFS_objects)
                  c32500d0    00001928     (.common:gadgetList)
                  c32519f8    00000008     (.common:parmbuf)
                  c3251a00    00001000     ti.drv.usb.ae674 : cppi41dma.oe674 (.far:linking_ram0$0)
                  c3252a00    00000800     (.common:dmaBuffer)
                  c3253200    00000800     usb_c674x_omapl138_pe674.oe674 (.far:taskStackSection)
                  c3253a00    00000568     (.common:g_sUSBHCD)
                  c3253f68    00000400     (.common:xdc_runtime_SysMin_Module_State_0_outbuf__A)
                  c3254368    00000018     (.common:g_USBInstance)
                  c3254380    00000228     fs_shell_app_utils.obj (.far:gFsShellAppUtilsReadFileObj)
                  c32545a8    00000010     ti.fs.fatfs.ae674 : ff.oe674 (.far:FatFs$0)
                  c32545b8    00000008     ti.drv.usb.ae674 : usbhenum_musb.oe674 (.far:g_ulAlloc$0)
                  c32545c0    00000228     fs_shell_app_utils.obj (.far:gFsShellAppUtilsWriteFileObj)
                  c32547e8    00000204     (.common:UartObjects)
                  c32549ec    00000004     --HOLE--
                  c32549f0    0000000c     (.common:g_pfTickHandlers)
                  c32549fc    00000004     --HOLE--
                  c3254a00    00000200     (.common:g_pucCommand)
                  c3254c00    00000200     ti.fs.fatfs.ae674 : ff.oe674 (.far:LfnBuf$0)
                  c3254e00    00000200     fs_shell_app_utils.obj (.far:gFsShellAppUtilsCwd)
                  c3255000    00000200     fs_shell_app_utils.obj (.far:gFsShellAppUtilsTempPath)
                  c3255200    00000200     ti.drv.usb.ae674 : usbhmsc.oe674 (.far:mscBuffer$0)
                  c3255400    00000200                      : usbhscsi.oe674 (.far:scsiBuffer$0)
                  c3255600    00000200                      : usbhscsi.oe674 (.far:scsiCmd$0)
                  c3255800    00000164     (.common:musbObj)
                  c3255964    00000154     (.common:cppiInfo)
                  c3255ab8    00000118     fs_shell_app_utils.obj (.far:gFsShellAppUtilsFileInfo)
                  c3255bd0    00000080     (.common:g_pHCDPool)
                  c3255c50    00000050     (.common:gFsShellAppUtilsRxBuf)
                  c3255ca0    00000040     ti.drv.usb.ae674 : usb_musb_dcd.oe674 (.far:g_pucDataBufferIn$0)
                  c3255ce0    0000003c     (.common:req)
                  c3255d1c    00000038     (.common:delayTimerParams)
                  c3255d54    0000002c     fs_shell_app_utils.obj (.far:gFsShellAppUtilsDirObj)
                  c3255d80    00000024     (.common:g_USBHMSCDevice)
                  c3255da4    00000004     --HOLE--
                  c3255da8    00000024     fs_shell_app_utils.obj (.far:argv$1)
                  c3255dcc    00000004     --HOLE--
                  c3255dd0    0000000c     (.common:g_pvTickInstance)
                  c3255ddc    00000004     --HOLE--
                  c3255de0    0000000d     (.common:g_sSCSICSW)
                  c3255ded    00000003     --HOLE--
                  c3255df0    00000004     (.common:g_ulConnectRetry)

.fardata   0    c326adf8    00001e0c     UNINITIALIZED
                  c326adf8    00000b40     ti.osal.ae674 : SemaphoreP_tirtos.oe674 (.fardata:gOsalSemPTiRtosPool$0)
                  c326b938    00000500                   : HwiP_tirtos.oe674 (.fardata:gOsalHwiPTiRtosPool$0)
                  c326be38    00000400     usb_c674x_omapl138_pe674.oe674 (.fardata:ti_sysbios_family_c64p_EventCombiner_Module__state__V)
                  c326c238    000000fc     ti.drv.uart.ae674 : UART_soc.oe674 (.fardata:uartInitCfg)
                  c326c334    00000004     rts6740_elf.lib : _lock.c.obj (.fardata:_lock)
                  c326c338    000000b0     ti.osal.ae674 : TimerP_tirtos.oe674 (.fardata:gOsalTimerPTiRtosPool$0)
                  c326c3e8    00000080     usb_c674x_omapl138_pe674.oe674 (.fardata:ti_sysbios_knl_Swi_Module_State_0_readyQ__A)
                  c326c468    00000080     usb_c674x_omapl138_pe674.oe674 (.fardata:ti_sysbios_knl_Task_Module_State_0_readyQ__A)
                  c326c4e8    0000006c     fs_shell_app_utils.obj (.fardata:gFsShellAppUtilsCmdTable)
                  c326c554    0000006c     usb_c674x_omapl138_pe674.oe674 (.fardata:ti_sysbios_family_c64p_Hwi_Module__state__V)
                  c326c5c0    00000060     usb_c674x_omapl138_pe674.oe674 (.fardata:ti_sysbios_timers_timer64_Timer_Module_State_0_device__A)
                  c326c620    0000005c     usb_c674x_omapl138_pe674.oe674 (.fardata:ti_sysbios_knl_Task_Object__table__V)
                  c326c67c    00000004     rts6740_elf.lib : _lock.c.obj (.fardata:_unlock)
                  c326c680    00000050     ti.fs.fatfs.ae674 : diskio.oe674 (.fardata:drive_fxn_table$0)
                  c326c6d0    00000050     usb_c674x_omapl138_pe674.oe674 (.fardata:ti_sysbios_timers_timer64_Timer_Object__table__V)
                  c326c720    00000048     ti.drv.usb.ae674 : usbdaudio.oe674 (.fardata:g_sAudioDeviceInfo)
                  c326c768    00000048                      : usbdbulk.oe674 (.fardata:g_sBulkDeviceInfo)
                  c326c7b0    00000048                      : usbdmsc.oe674 (.fardata:g_sMSCDeviceInfo)
                  c326c7f8    00000048     usb_c674x_omapl138_pe674.oe674 (.fardata:ti_sysbios_knl_Task_Module__state__V)
                  c326c840    00000040     usb_c674x_omapl138_pe674.oe674 (.fardata:ti_sysbios_gates_GateMutex_Object__table__V)
                  c326c880    00000030     ti.osal.ae674 : Utils_tirtos.oe674 (.fardata:gOsal_HwAttrs)
                  c326c8b0    00000030     usb_c674x_omapl138_pe674.oe674 (.fardata:ti_sysbios_family_c64p_Exception_Module__state__V)
                  c326c8e0    00000030     usb_c674x_omapl138_pe674.oe674 (.fardata:ti_sysbios_knl_Swi_Object__table__V)
                  c326c910    0000002c     usb_c674x_omapl138_pe674.oe674 (.fardata:ti_sysbios_knl_Clock_Module__state__V)
                  c326c93c    00000024     usb_c674x_omapl138_pe674.oe674 (.fardata:ti_sysbios_BIOS_Module__state__V)
                  c326c960    00000020     ti.drv.usb.ae674 : usb_musb.oe674 (.fardata:epInfo)
                  c326c980    00000020     usb_c674x_omapl138_pe674.oe674 (.fardata:ti_sysbios_timers_timer64_Timer_Module_State_0_gctrl__A)
                  c326c9a0    00000020     usb_c674x_omapl138_pe674.oe674 (.fardata:ti_sysbios_timers_timer64_Timer_Module_State_0_handles__A)
                  c326c9c0    00000020     usb_c674x_omapl138_pe674.oe674 (.fardata:ti_sysbios_timers_timer64_Timer_Module_State_0_intFreqs__A)
                  c326c9e0    00000020     usb_c674x_omapl138_pe674.oe674 (.fardata:xdc_runtime_Error_IgnoreBlock)
                  c326ca00    0000001c     usb_c674x_omapl138_pe674.oe674 (.fardata:ti_sysbios_knl_Swi_Module__state__V)
                  c326ca1c    00000018     host_msc_main.obj (.fardata:FATFS_drvFxnTable)
                  c326ca34    00000004     rts6740_elf.lib : errno.c.obj (.fardata)
                  c326ca38    00000018     ti.drv.usb.ae674 : usbhenum_musb.oe674 (.fardata:g_sUSBHEP0State$0)
                  c326ca50    00000018     usb_c674x_omapl138_pe674.oe674 (.fardata:ti_sysbios_family_c64p_Hwi_Object__table__V)
                  c326ca68    00000018     usb_c674x_omapl138_pe674.oe674 (.fardata:ti_sysbios_heaps_HeapMem_Object__table__V)
                  c326ca80    00000018     usb_c674x_omapl138_pe674.oe674 (.fardata:ti_sysbios_timers_timer64_Timer_Module__state__V)
                  c326ca98    00000012     ti.drv.usb.ae674 : usbdaudio.oe674 (.fardata:g_pAudioDeviceDescriptor$0)
                  c326caaa    00000002     usb_c674x_omapl138_pe674.oe674 (.fardata:xdc_runtime_Error_Module__state__V)
                  c326caac    00000004     usb_c674x_omapl138_pe674.oe674 (.fardata:ti_sysbios_family_c64p_Cache_Module__state__V)
                  c326cab0    00000012     ti.drv.usb.ae674 : usbdbulk.oe674 (.fardata:g_pBulkDeviceDescriptor)
                  c326cac2    00000002     --HOLE--
                  c326cac4    00000004     usb_c674x_omapl138_pe674.oe674 (.fardata:ti_sysbios_family_c64p_primus_TimerSupport_Module__state__V)
                  c326cac8    00000010     host_msc_main.obj (.fardata:FATFS_initCfg)
                  c326cad8    00000010     ti.drv.usb.ae674 : usbdaudio.oe674 (.fardata:g_psAudioSections)
                  c326cae8    00000010     usb_c674x_omapl138_pe674.oe674 (.fardata:xdc_runtime_System_Module_State_0_atexitHandlers__A)
                  c326caf8    0000000c     rts6740_elf.lib : exit.c.obj (.fardata)
                  c326cb04    0000000c     usb_c674x_omapl138_pe674.oe674 (.fardata:xdc_runtime_SysMin_Module__state__V)
                  c326cb10    00000009     ti.drv.usb.ae674 : usbdaudio.oe674 (.fardata:g_pAudioDescriptor$0)
                  c326cb19    00000003     --HOLE--
                  c326cb1c    00000004     usb_c674x_omapl138_pe674.oe674 (.fardata:xdc_runtime_Memory_Module__state__V)
                  c326cb20    00000009     ti.drv.usb.ae674 : usbdbulk.oe674 (.fardata:g_pBulkDescriptor)
                  c326cb29    00000007     --HOLE--
                  c326cb30    00000009                      : usbdmsc.oe674 (.fardata:g_pMSCDescriptor$0)
                  c326cb39    00000007     --HOLE--
                  c326cb40    00000008     ti.fs.fatfs.ae674 : FATFS_drv.oe674 (.fardata:VolToPart)
                  c326cb48    00000008     ti.drv.usb.ae674 : usbdaudio.oe674 (.fardata:g_pIADAudioDescriptor)
                  c326cb50    00000008                      : usbdbulk.oe674 (.fardata:g_psBulkSections)
                  c326cb58    00000008                      : usbdmsc.oe674 (.fardata:g_psMSCSections)
                  c326cb60    00000008                      : usbdmsc.oe674 (.fardata:g_sMSCConfigHeader)
                  c326cb68    00000008                      : usbdmsc.oe674 (.fardata:g_sMSCConfigSection)
                  c326cb70    00000008                      : usbdmsc.oe674 (.fardata:g_sMSCInterfaceSection)
                  c326cb78    00000008     usb_c674x_omapl138_pe674.oe674 (.fardata:ti_sysbios_family_c64p_Hwi_Module__root__V)
                  c326cb80    00000008     usb_c674x_omapl138_pe674.oe674 (.fardata:ti_sysbios_family_c64p_primus_TimerSupport_Module_State_0_suspSrc__A)
                  c326cb88    00000008     usb_c674x_omapl138_pe674.oe674 (.fardata:ti_sysbios_gates_GateHwi_Module__root__V)
                  c326cb90    00000008     usb_c674x_omapl138_pe674.oe674 (.fardata:ti_sysbios_gates_GateMutex_Module__root__V)
                  c326cb98    00000008     usb_c674x_omapl138_pe674.oe674 (.fardata:ti_sysbios_hal_Hwi_Module__root__V)
                  c326cba0    00000008     usb_c674x_omapl138_pe674.oe674 (.fardata:ti_sysbios_hal_Hwi_Object__table__V)
                  c326cba8    00000008     usb_c674x_omapl138_pe674.oe674 (.fardata:ti_sysbios_heaps_HeapMem_Module__root__V)
                  c326cbb0    00000008     usb_c674x_omapl138_pe674.oe674 (.fardata:ti_sysbios_knl_Queue_Module__root__V)
                  c326cbb8    00000008     usb_c674x_omapl138_pe674.oe674 (.fardata:ti_sysbios_knl_Semaphore_Module__root__V)
                  c326cbc0    00000008     usb_c674x_omapl138_pe674.oe674 (.fardata:ti_sysbios_knl_Task_Module__root__V)
                  c326cbc8    00000008     usb_c674x_omapl138_pe674.oe674 (.fardata:ti_sysbios_timers_timer64_Timer_Module__root__V)
                  c326cbd0    00000008     ti.drv.uart.ae674 : UART_stdio.oe674 (.fardata:uart_stdio)
                  c326cbd8    00000008     usb_c674x_omapl138_pe674.oe674 (.fardata:xdc_runtime_Registry_Module__state__V)
                  c326cbe0    00000008     usb_c674x_omapl138_pe674.oe674 (.fardata:xdc_runtime_Startup_Module__state__V)
                  c326cbe8    00000008     usb_c674x_omapl138_pe674.oe674 (.fardata:xdc_runtime_System_Module__state__V)
                  c326cbf0    00000004     ti.drv.usb.ae674 : usbdmsc.oe674 (.fardata:g_pMSCConfigDescriptors)
                  c326cbf4    00000004     --HOLE--
                  c326cbf8    00000004     usb_c674x_omapl138_pe674.oe674 (.fardata:ti_sysbios_gates_GateHwi_Object__table__V)
                  c326cbfc    00000004     --HOLE--
                  c326cc00    00000004     usb_c674x_omapl138_pe674.oe674 (.fardata:ti_sysbios_knl_Task_Module_State_0_idleTask__A)

.text:_c_int00 
*          0    c3600000    000000c0     
                  c3600000    000000a0     boot.ae674 : boot.oe674 (.text:_c_int00)
                  c36000a0    00000010     usb_c674x_omapl138_pe674.oe674 ($Tramp$S$$xdc_runtime_Startup_reset__I)
                  c36000b0    00000010     --HOLE-- [fill = 00000000]

xdc.meta   0    c3200000    00000118     COPY SECTION
                  c3200000    00000118     usb_c674x_omapl138_pe674.oe674 (xdc.meta)

.text      0    c3001000    00028380     
                  c3001000    00001fe0     rts6740_elf.lib : _printfi.c.obj (.text:__TI_printfi)
                  c3002fe0    00000ee0     fs_shell_app_utils.obj (.text)
                  c3003ec0    000009c0     ti.drv.usb.ae674 : usbhenum_musb.oe674 (.text:USBHCDMain)
                  c3004880    00000960                      : usbhenum_musb.oe674 (.text:USBHostIntHandlerInternal)
                  c30051e0    00000920     ti.fs.fatfs.ae674 : ff.oe674 (.text:find_volume$0)
                  c3005b00    000008a0     ti.drv.usb.ae674 : usbdmsc.oe674 (.text:USBDSCSICommand)
                  c30063a0    000008a0     ti.targets.rts6000.ae674 : System.oe674 (.text:xdc_runtime_System_doPrint__I)
                  c3006c40    00000780     sysbios.ae674 : BIOS.obj (.text:ti_sysbios_family_c64p_Exception_handler__I)
                  c30073c0    00000760     ti.fs.fatfs.ae674 : ff.oe674 (.text:follow_path$0)
                  c3007b20    00000740     sysbios.ae674 : BIOS.obj (.text:ti_sysbios_timers_timer64_Timer_Instance_init__E)
                  c3008260    000006e0     ti.drv.uart.ae674 : UART_v0.oe674 (.text:UART_v0_hwiIntFxn$0)
                  c3008940    000006c0     ti.fs.fatfs.ae674 : ff.oe674 (.text:dir_register$0)
                  c3009000    00000660     ti.drv.uart.ae674 : UART_stdio.oe674 (.text:UART_printf)
                  c3009660    00000660     rts6740_elf.lib : _printfi.c.obj (.text:_pconv_a)
                  c3009cc0    00000640     ti.drv.usb.ae674 : cppi41dma.oe674 (.text:Cppi41DmaInit)
                  c300a300    00000600     rts6740_elf.lib : divd.c.obj (.text:__c6xabi_divd)
                  c300a900    000005e0     ti.drv.usb.ae674 : usbhenum_musb.oe674 (.text:USBHCDPipeRead)
                  c300aee0    000005c0                      : usb_musb_dcd.oe674 (.text:usbMusbDcdDeviceConfig)
                  c300b4a0    000005a0                      : usbhenum_musb.oe674 (.text:USBHCDConfigureEndpoints)
                  c300ba40    000005a0                      : usbhenum_musb.oe674 (.text:USBHCDPipeWrite)
                  c300bfe0    00000560     ti.fs.fatfs.ae674 : ff.oe674 (.text:f_mkdir)
                  c300c540    00000520     ti.drv.usb.ae674 : cppi41dma.oe674 (.text:doDmaTxTransfer)
                  c300ca60    00000500     ti.fs.fatfs.ae674 : ff.oe674 (.text:f_write)
                  c300cf60    000004e0     ti.drv.usb.ae674 : usbdaudio.oe674 (.text:HandleRequests$0)
                  c300d440    000004c0                      : usb_musb.oe674 (.text:USB_open_musb)
                  c300d900    000004a0     ti.board.ae674 : lcdkOMAPL138_pinmux.oe674 (.text:Board_pinmuxConfig)
                  c300dda0    000004a0     ti.fs.fatfs.ae674 : ff.oe674 (.text:f_read)
                  c300e240    00000480     ti.drv.uart.ae674 : UART_v0.oe674 (.text:UART_open_v0$0)
                  c300e6c0    00000460     ti.drv.usb.ae674 : usb_musb_dcd.oe674 (.text:usbMusbDcdEp0EvntHandler)
                  c300eb20    00000440     ti.drv.uart.ae674 : UART_v0.oe674 (.text:UART_write2_v0$0)
                  c300ef60    00000400     ti.drv.usb.ae674 : usbdmsc.oe674 (.text:HandleEndpoints$0)
                  c300f360    00000400     ti.drv.uart.ae674 : UART_v0.oe674 (.text:UART_read2_v0$0)
                  c300f760    00000400     rts6740_elf.lib : _printfi.c.obj (.text:_pconv_g)
                  c300fb60    000003e0     ti.fs.fatfs.ae674 : FATFS_drv.oe674 (.text:FATFS_open)
                  c300ff40    000003e0     ti.drv.usb.ae674 : usb_dev_dman.oe674 (.text:USBDGetDescriptor$0)
                  c3010320    000003e0     ti.fs.fatfs.ae674 : ff.oe674 (.text:f_open)
                  c3010700    000003c0     sysbios.ae674 : BIOS.obj (.text:ti_sysbios_knl_Semaphore_pend__E)
                  c3010ac0    000003a0     ti.fs.fatfs.ae674 : ff.oe674 (.text:dir_find$0)
                  c3010e60    000003a0                       : ff.oe674 (.text:dir_next$0)
                  c3011200    000003a0     sysbios.ae674 : BIOS.obj (.text:ti_sysbios_timers_timer64_Timer_Module_startup__E)
                  c30115a0    00000360     ti.drv.usb.ae674 : usbhmsc.oe674 (.text:USBHMSCDriveReady)
                  c3011900    00000340     usb_c674x_omapl138_pe674.oe674 (.text:xdc_runtime_System_printfExtend__I)
                  c3011c40    00000320     sysbios.ae674 : BIOS.obj (.text:ti_sysbios_timers_timer64_Timer_deviceConfig__I)
                  c3011f60    00000300     ti.board.ae674 : lcdkOMAPL138_pll.oe674 (.text:Board_CorePLLConfig)
                  c3012260    000002e0     ti.fs.fatfs.ae674 : ff.oe674 (.text:dir_read$0)
                  c3012540    000002e0     sysbios.ae674 : BIOS.obj (.text:ti_sysbios_timers_timer64_Timer_setPeriodMicroSecs__E)
                  c3012820    000002c0     ti.board.ae674 : lcdkOMAPL138_pll.oe674 (.text:Board_DDRPLLConfig)
                  c3012ae0    000002c0     sysbios.ae674 : BIOS.obj (.text:ti_sysbios_knl_Clock_workFunc__E)
                  c3012da0    000002a0     rts6740_elf.lib : _printfi.c.obj (.text:_pconv_e)
                  c3013040    000002a0     ti.fs.fatfs.ae674 : ff.oe674 (.text:f_getfree)
                  c30132e0    000002a0     rts6740_elf.lib : _printfi.c.obj (.text:fcvt)
                  c3013580    000002a0     host_msc_main.obj (.text)
                  c3013820    00000280     ti.fs.fatfs.ae674 : FATFS_drv.oe674 (.text:FATFS_readBootSector$0)
                  c3013aa0    00000280     ti.drv.usb.ae674 : usbhenum_musb.oe674 (.text:USBHCDControlTransfer)
                  c3013d20    00000260                      : usb_musb_dcd.oe674 (.text:USBDConfigAlternate)
                  c3013f80    00000260     rts6740_elf.lib : imath64.c.obj (.text:__c6xabi_divull)
                  c30141e0    00000260     ti.fs.fatfs.ae674 : ff.oe674 (.text:get_fileinfo$0)
                  c3014440    00000260                       : ff.oe674 (.text:put_fat$0)
                  c30146a0    00000260     sysbios.ae674 : BIOS.obj (.text:ti_sysbios_family_c64p_Hwi_dispatchCore__I)
                  c3014900    00000260     ti.drv.usb.ae674 : usb_musb_dcd.oe674 (.text:usbMusbDcdCoreIntrHandler)
                  c3014b60    00000260     ti.targets.rts6000.ae674 : Startup.oe674 (.text:xdc_runtime_Startup_startMods__I)
                  c3014dc0    00000240     ti.board.ae674 : lcdkOMAPL138_clock.oe674 (.text:Board_moduleClockEnable)
                  c3015000    00000240     ti.osal.ae674 : TimerP_tirtos.oe674 (.text:TimerP_create)
                  c3015240    00000240     sysbios.ae674 : BIOS.obj (.text:ti_sysbios_family_c64p_Exception_internalHandler__I)
                  c3015480    00000240     ti.targets.rts6000.ae674 : Core-mem.oe674 (.text:xdc_runtime_Core_createObject__I)
                  c30156c0    00000220     ti.fs.fatfs.ae674 : ff.oe674 (.text:sync_fs$0)
                  c30158e0    00000220     sysbios.ae674 : BIOS.obj (.text:ti_sysbios_family_c64p_Hwi_reconfig__E)
                  c3015b00    00000220                   : BIOS.obj (.text:ti_sysbios_knl_Swi_run__I)
                  c3015d20    00000200     ti.osal.ae674 : SemaphoreP_tirtos.oe674 (.text:SemaphoreP_create)
                  c3015f20    00000200     ti.drv.uart.ae674 : UART_v0.oe674 (.text:UART_readPolling_v0$0)
                  c3016120    00000200     ti.drv.usb.ae674 : usbhenum_musb.oe674 (.text:USBHCDInitInternal$0)
                  c3016320    00000200                      : usbhenum_musb.oe674 (.text:USBHCDPipeFree)
                  c3016520    00000200     rts6740_elf.lib : _printfi.c.obj (.text:_ltostr)
                  c3016720    00000200     sysbios.ae674 : c64p_Hwi_disp_always.obj (.text:_ti_sysbios_family_c64p_Hwi_dispatchAlways)
                  c3016920    00000200     ti.fs.fatfs.ae674 : ff.oe674 (.text:create_chain$0)
                  c3016b20    00000200                       : ff.oe674 (.text:get_fat$0)
                  c3016d20    00000200     timer.obj (.text)
                  c3016f20    00000200     ti.targets.rts6000.ae674 : Error.oe674 (.text:xdc_runtime_Error_policyDefault__E)
                  c3017120    000001e0     ti.board.ae674 : lcdkOMAPL138_clock.oe674 (.text:Board_moduleClockSyncReset)
                  c3017300    000001e0     ti.drv.usb.ae674 : cppi41dma.oe674 (.text:Cppi41DmaTxChTeardown)
                  c30174e0    000001e0     ti.osal.ae674 : HwiP_tirtos.oe674 (.text:HwiP_create)
                  c30176c0    000001e0     ti.drv.uart.ae674 : UART_stdio.oe674 (.text:UART_convertVal$0)
                  c30178a0    000001e0     ti.drv.usb.ae674 : usbhenum_musb.oe674 (.text:USBHCDPipeConfig)
                  c3017a80    000001e0                      : usb_musb_dcd.oe674 (.text:USBMusbDcdConfigDevChara)
                  c3017c60    000001e0     sysbios.ae674 : BIOS.obj (.text:ti_sysbios_family_c64p_Cache_block__I)
                  c3017e40    000001e0                   : BIOS.obj (.text:ti_sysbios_knl_Task_sleep__E)
                  c3018020    000001e0     ti.targets.rts6000.ae674 : Text.oe674 (.text:xdc_runtime_Text_putSite__E)
                  c3018200    000001c0     ti.drv.usb.ae674 : cppi41dma.oe674 (.text:Cppi41DmaRxChTeardown)
                  c30183c0    000001c0     rts6740_elf.lib : imath40.c.obj (.text:__c6xabi_divul)
                  c3018580    000001c0                     : frexp.c.obj (.text:frexp)
                  c3018740    000001c0                     : s_scalbn.c.obj (.text:scalbn)
                  c3018900    000001c0     sysbios.ae674 : BIOS.obj (.text:ti_sysbios_heaps_HeapMem_alloc__E)
                  c3018ac0    000001c0                   : BIOS.obj (.text:ti_sysbios_knl_Task_Instance_finalize__E)
                  c3018c80    000001c0                   : BIOS.obj (.text:ti_sysbios_knl_Task_Instance_init__E)
                  c3018e40    000001c0                   : BIOS.obj (.text:ti_sysbios_knl_Task_checkStacks__E)
                  c3019000    000001c0     ti.drv.usb.ae674 : usb_musb_dcd.oe674 (.text:usbMusbDcdSetInterface)
                  c30191c0    000001c0     usb_osal.obj (.text)
                  c3019380    000001a0     ti.board.ae674 : lcdkOMAPL138_ddr.oe674 (.text:Board_DDR3Init)
                  c3019520    000001a0     ti.drv.usb.ae674 : usbhscsi.oe674 (.text:USBHSCSITestUnitReady)
                  c30196c0    000001a0     ti.fs.fatfs.ae674 : ff.oe674 (.text:dir_sdi$0)
                  c3019860    000001a0                       : ff.oe674 (.text:f_sync)
                  c3019a00    000001a0                       : ff.oe674 (.text:f_unlink)
                  c3019ba0    000001a0     fatfs_port_usbmsc.obj (.text)
                  c3019d40    000001a0     sysbios.ae674 : BIOS.obj (.text:ti_sysbios_family_c64p_Cache_getL2InitSize__I)
                  c3019ee0    000001a0                   : BIOS.obj (.text:ti_sysbios_knl_Task_schedule__I)
                  c301a080    000001a0                   : BIOS.obj (.text:ti_sysbios_timers_timer64_Timer_start__E)
                  c301a220    000001a0     ti.drv.usb.ae674 : usb_wrapper.oe674 (.text:usbMusbDcdEpEvntHandler)
                  c301a3c0    000001a0     ti.targets.rts6000.ae674 : Core-smem.oe674 (.text:xdc_runtime_Core_constructObject__I)
                  c301a560    00000180     ti.drv.usb.ae674 : cppi41dma.oe674 (.text:Cppi41DmaProcessBD$0)
                  c301a6e0    00000180                      : usbdaudio.oe674 (.text:HandleEndpoints$0)
                  c301a860    00000180                      : usbdmsc.oe674 (.text:USBDMSCCompositeInit)
                  c301a9e0    00000180                      : usbhscsi.oe674 (.text:USBHSCSISendCommand$0)
                  c301ab60    00000180                      : usb_musb_dcd.oe674 (.text:USBMusbDcdEp0Req)
                  c301ace0    00000180     sysbios.ae674 : c64p_Exception_asm.obj (.text)
                  c301ae60    00000180                   : BIOS.obj (.text:ti_sysbios_knl_Semaphore_post__E)
                  c301afe0    00000180                   : BIOS.obj (.text:ti_sysbios_knl_Task_startCore__E)
                  c301b160    00000160     ti.board.ae674 : lcdkOMAPL138.oe674 (.text:Board_init)
                  c301b2c0    00000160     ti.fs.fatfs.ae674 : FATFS_drv.oe674 (.text:FATFS_close)
                  c301b420    00000160     ti.osal.ae674 : RegisterIntr_tirtos.oe674 (.text:Osal_RegisterInterrupt)
                  c301b580    00000160     ti.drv.usb.ae674 : usbdaudio.oe674 (.text:USBDAudioInit)
                  c301b6e0    00000160                      : usbhenum_musb.oe674 (.text:USBHCDClearFeature$0)
                  c301b840    00000160                      : usbhenum_musb.oe674 (.text:USBHCDDeviceDisconnected$0)
                  c301b9a0    00000160                      : usbhenum_musb.oe674 (.text:USBHCDInit)
                  c301bb00    00000160                      : cppi41dma.oe674 (.text:dmaTxCompletion)
                  c301bc60    00000160     ti.fs.fatfs.ae674 : ff.oe674 (.text:f_mount)
                  c301bdc0    00000160     sysbios.ae674 : BIOS.obj (.text:ti_sysbios_heaps_HeapMem_free__E)
                  c301bf20    00000160                   : BIOS.obj (.text:ti_sysbios_knl_Swi_post__E)
                  c301c080    00000160     ti.targets.rts6000.ae674 : Text.oe674 (.text:xdc_runtime_Text_putMod__E)
                  c301c1e0    00000140     ti.drv.usb.ae674 : usbhenum_musb.oe674 (.text:USBHostCheckPipes)
                  c301c320    00000140                      : musb.oe674 (.text:USBHostEndpointConfig)
                  c301c460    00000140     sysbios.ae674 : BIOS.obj (.text:ti_sysbios_family_c64p_Cache_Module_startup__E)
                  c301c5a0    00000140                   : BIOS.obj (.text:ti_sysbios_family_c64p_Cache_getL1DInitSize__I)
                  c301c6e0    00000140                   : BIOS.obj (.text:ti_sysbios_family_c64p_Cache_getL1PInitSize__I)
                  c301c820    00000140                   : BIOS.obj (.text:ti_sysbios_knl_Task_blockI__E)
                  c301c960    00000140                   : BIOS.obj (.text:ti_sysbios_knl_Task_postInit__I)
                  c301caa0    00000140     ti.targets.rts6000.ae674 : Core-mem.oe674 (.text:xdc_runtime_Core_deleteObject__I)
                  c301cbe0    00000140                              : Text.oe674 (.text:xdc_runtime_Text_putLab__E)
                  c301cd20    00000120     ti.board.ae674 : lcdkOMAPL138_pinmux.oe674 (.text:Board_configEmifPinMux)
                  c301ce40    00000120     ti.fs.fatfs.ae674 : FATFS_drv.oe674 (.text:FATFS_diskInitialize$0)
                  c301cf60    00000120     ti.drv.usb.ae674 : usbdbulk.oe674 (.text:USBDBulkInit)
                  c301d080    00000120                      : usbdcdesc.oe674 (.text:USBDCDConfigGetInterface)
                  c301d1a0    00000120                      : usb_desc.oe674 (.text:USBDescGetInterface)
                  c301d2c0    00000120                      : musb.oe674 (.text:USBDevEndpointConfigGet)
                  c301d3e0    00000120                      : usb_musb_dcd.oe674 (.text:USBMusbDcdEpReq)
                  c301d500    00000120     boot.ae674 : autoinit.oe674 (.text:_auto_init_elf)
                  c301d620    00000120     rts6740_elf.lib : _printfi.c.obj (.text:_pconv_f)
                  c301d740    00000120     ti.fs.fatfs.ae674 : ff.oe674 (.text:f_opendir)
                  c301d860    00000120                       : ff.oe674 (.text:remove_chain$0)
                  c301d980    00000120     usb_c674x_omapl138_pe674.oe674 (.text:ti_sysbios_BIOS_rtsUnlock__I)
                  c301daa0    00000120     sysbios.ae674 : BIOS.obj (.text:ti_sysbios_family_c64p_Hwi_Instance_init__E)
                  c301dbc0    00000120                   : BIOS.obj (.text:ti_sysbios_family_c64p_Hwi_Module_startup__E)
                  c301dce0    00000120                   : BIOS.obj (.text:ti_sysbios_knl_Swi_restoreHwi__E)
                  c301de00    00000120                   : BIOS.obj (.text:ti_sysbios_knl_Task_exit__E)
                  c301df20    00000120                   : BIOS.obj (.text:ti_sysbios_knl_Task_unblockI__E)
                  c301e040    00000100     ti.board.ae674 : lcdkOMAPL138_clock.oe674 (.text:Board_moduleClockInit)
                  c301e140    00000100     ti.drv.usb.ae674 : cppi41dma.oe674 (.text:Cppi41DmaRecoverBD$0)
                  c301e240    00000100                      : usbdaudio.oe674 (.text:DataReceived$0)
                  c301e340    00000100     ti.osal.ae674 : EventCombinerP_tirtos.oe674 (.text:EventCombinerP_GroupRegisterInt)
                  c301e440    00000100     ti.drv.usb.ae674 : usbdbulk.oe674 (.text:HandleEndpoints$0)
                  c301e540    00000100                      : usbdaudio.oe674 (.text:InterfaceChange$0)
                  c301e640    00000100     ti.drv.uart.ae674 : UART_v0.oe674 (.text:UART_read_v0$0)
                  c301e740    00000100                       : UART_v0.oe674 (.text:UART_writePolling_v0$0)
                  c301e840    00000100                       : UART_v0.oe674 (.text:UART_write_v0$0)
                  c301e940    00000100     ti.drv.usb.ae674 : usbdcdesc.oe674 (.text:USBDCDConfigGetInterfaceEndpoint)
                  c301ea40    00000100                      : usb_dev_dman.oe674 (.text:USBDInitCoreObject)
                  c301eb40    00000100                      : usb_dev_dman.oe674 (.text:USBDSetConfiguration$0)
                  c301ec40    00000100                      : usb_dev_dman.oe674 (.text:USBDeviceInit)
                  c301ed40    00000100                      : usb_musb.oe674 (.text:USB_irqConfig_musb)
                  c301ee40    00000100     rts6740_elf.lib : copy_decompress_rle.c.obj (.text:__TI_decompress_rle_core)
                  c301ef40    00000100                     : _printfi.c.obj (.text:_mcpy)
                  c301f040    00000100                     : atoi.c.obj (.text:atoi)
                  c301f140    00000100     ti.fs.fatfs.ae674 : ff.oe674 (.text:check_fs$0)
                  c301f240    00000100     sysbios.ae674 : BIOS.obj (.text:ti_sysbios_family_c64p_Hwi_Instance_finalize__E)
                  c301f340    00000100                   : BIOS.obj (.text:ti_sysbios_timers_timer64_Timer_initDevice__I)
                  c301f440    00000100     ti.targets.rts6000.ae674 : Memory.oe674 (.text:xdc_runtime_Memory_alloc__E)
                  c301f540    00000100                              : Startup.oe674 (.text:xdc_runtime_Startup_exec__E)
                  c301f640    000000e0     rts6740_elf.lib : hostwrite.c.obj (.text:HOSTwrite)
                  c301f720    000000e0     ti.drv.uart.ae674 : UART_v0.oe674 (.text:UART_close_v0$0)
                  c301f800    000000e0                       : UART_stdio.oe674 (.text:UART_puts)
                  c301f8e0    000000e0                       : UART_v0.oe674 (.text:UART_readCancelNoCB$0)
                  c301f9c0    000000e0     ti.drv.usb.ae674 : usbdcdesc.oe674 (.text:USBDCDConfigDescGet)
                  c301faa0    000000e0                      : usb_dcd_interface.oe674 (.text:USBDcdIntfRegisterDcd)
                  c301fb80    000000e0                      : usb_dev_dman.oe674 (.text:USBDevEndpt0Handler)
                  c301fc60    000000e0                      : usbhenum_musb.oe674 (.text:USBHCDGetDeviceDescriptor$0)
                  c301fd40    000000e0                      : usbhenum_musb.oe674 (.text:USBHCDRxAbort$0)
                  c301fe20    000000e0                      : usbhenum_musb.oe674 (.text:USBHCDTerm)
                  c301ff00    000000e0     rts6740_elf.lib : exit.c.obj (.text:exit)
                  c301ffe0    000000e0     ti.fs.fatfs.ae674 : ff.oe674 (.text:f_readdir)
                  c30200c0    000000e0     rts6740_elf.lib : ltoa.c.obj (.text:ltoa)
                  c30201a0    000000e0                     : memset.c.obj (.text:memset)
                  c3020280    000000e0     ti.fs.fatfs.ae674 : ff.oe674 (.text:sync_window$0)
                  c3020360    000000e0     sysbios.ae674 : BIOS.obj (.text:ti_sysbios_family_c64p_EventCombiner_dispatch__E)
                  c3020440    000000e0                   : BIOS.obj (.text:ti_sysbios_knl_Swi_runLoop__I)
                  c3020520    000000e0                   : BIOS.obj (.text:ti_sysbios_knl_Task_Module_startup__E)
                  c3020600    000000e0                   : BIOS.obj (.text:ti_sysbios_timers_timer64_Timer_startup__E)
                  c30206e0    000000c0     ti.drv.usb.ae674 : usb_wrapper.oe674 (.text:DMAQueuePendHandler)
                  c30207a0    000000c0                      : usbdbulk.oe674 (.text:HandleDisconnect$0)
                  c3020860    000000c0     ti.osal.ae674 : Utils_tirtos.oe674 (.text:Osal_delay)
                  c3020920    000000c0     ti.drv.usb.ae674 : usbhenum_musb.oe674 (.text:SendUnknownConnect$0)
                  c30209e0    000000c0     ti.drv.uart.ae674 : UART_v0.oe674 (.text:UART_charPut$0)
                  c3020aa0    000000c0                       : UART_v0.oe674 (.text:UART_writeCancelNoCB$0)
                  c3020b60    000000c0     ti.drv.usb.ae674 : usb_dev_dman.oe674 (.text:USBDSetAddress$0)
                  c3020c20    000000c0                      : musb.oe674 (.text:USBDevEndpointConfigSet)
                  c3020ce0    000000c0                      : musb.oe674 (.text:USBDevEndpointStatusClear)
                  c3020da0    000000c0                      : usbhenum_musb.oe674 (.text:USBHCDTxAbort$0)
                  c3020e60    000000c0                      : usbhmsc.oe674 (.text:USBHMSCClose$0)
                  c3020f20    000000c0                      : usbhscsi.oe674 (.text:USBHSCSIRead10)
                  c3020fe0    000000c0                      : usbhscsi.oe674 (.text:USBHSCSIWrite10)
                  c30210a0    000000c0     rts6740_elf.lib : divu.asm.obj (.text:__divu)
                  c3021160    000000c0     ti.drv.usb.ae674 : cppi41dma.oe674 (.text:cppiDmaAllocnBuffer)
                  c3021220    000000c0                      : cppi41dma.oe674 (.text:cppiDmaFreenBuffer)
                  c30212e0    000000c0     ti.fs.fatfs.ae674 : ff.oe674 (.text:dir_remove$0)
                  c30213a0    000000c0     ti.drv.usb.ae674 : cppi41dma.oe674 (.text:dmaRxCompletion)
                  c3021460    000000c0                      : cppi41dma.oe674 (.text:doDmaRxTransfer)
                  c3021520    000000c0     sysbios.ae674 : BIOS.obj (.text:ti_sysbios_heaps_HeapMem_getStats__E)
                  c30215e0    000000c0                   : BIOS.obj (.text:ti_sysbios_knl_Clock_logTick__E)
                  c30216a0    000000c0                   : BIOS.obj (.text:ti_sysbios_knl_Swi_schedule__I)
                  c3021760    000000c0                   : BIOS.obj (.text:ti_sysbios_knl_Task_allBlockedFunction__I)
                  c3021820    000000c0                   : BIOS.obj (.text:ti_sysbios_timers_timer64_Timer_Instance_finalize__E)
                  c30218e0    000000c0     rts6740_elf.lib : tls.c.obj (.text:tls:init:__TI_tls_init)
                  c30219a0    000000c0     ti.drv.usb.ae674 : usb_dev_dman.oe674 (.text:usbEp0reqComplete)
                  c3021a60    000000c0                      : usb_dev_dman.oe674 (.text:usbSetupEpReq)
                  c3021b20    000000c0     ti.targets.rts6000.ae674 : Assert.oe674 (.text:xdc_runtime_Assert_raise__I)
                  c3021be0    000000c0                              : Error.oe674 (.text:xdc_runtime_Error_setX__E)
                  c3021ca0    000000c0                              : SysMin.oe674 (.text:xdc_runtime_SysMin_abort__E)
                  c3021d60    000000c0                              : SysMin.oe674 (.text:xdc_runtime_SysMin_flush__E)
                  c3021e20    000000a0     ti.fs.fatfs.ae674 : FATFS_drv.oe674 (.text:FATFS_init)
                  c3021ec0    000000a0     ti.drv.usb.ae674 : usbdaudio.oe674 (.text:HandleDevice$0)
                  c3021f60    000000a0                      : usbdmsc.oe674 (.text:HandleDisconnect$0)
                  c3022000    000000a0                      : usbtick.oe674 (.text:InternalUSBStartOfFrameTick)
                  c30220a0    000000a0     ti.osal.ae674 : RegisterIntr_tirtos.oe674 (.text:Osal_DeleteInterrupt)
                  c3022140    000000a0     ti.drv.uart.ae674 : UART_stdio.oe674 (.text:UART_gets)
                  c30221e0    000000a0                       : UART_drv.oe674 (.text:UART_init)
                  c3022280    000000a0                       : UART_stdio.oe674 (.text:UART_stdioInit)
                  c3022320    000000a0                       : UART_v0.oe674 (.text:UART_v0_callback)
                  c30223c0    000000a0     ti.drv.usb.ae674 : usb_dev_dman.oe674 (.text:USBDGetStatus$0)
                  c3022460    000000a0                      : usb_dev_dman.oe674 (.text:USBDSetInterface$0)
                  c3022500    000000a0                      : usb_desc.oe674 (.text:USBDescGetInterfaceEndpoint)
                  c30225a0    000000a0                      : musb.oe674 (.text:USBEndpointDataGet)
                  c3022640    000000a0                      : usbhmsc.oe674 (.text:USBHMSCOpen$0)
                  c30226e0    000000a0                      : usb_musb_dcd.oe674 (.text:USBMusbDcdInit)
                  c3022780    000000a0     rts6740_elf.lib : remu.asm.obj (.text:__remu)
                  c3022820    000000a0                     : _printfi.c.obj (.text:_ecpy)
                  c30228c0    000000a0     sysbios.ae674 : c64p_Hwi_asm.obj (.text:_ti_sysbios_family_c64p_Hwi_plug__E)
                  c3022960    000000a0     ti.drv.usb.ae674 : cppi41dma.oe674 (.text:disableCoreTxDMA)
                  c3022a00    000000a0                      : cppi41dma.oe674 (.text:enableCoreRxDMA)
                  c3022aa0    000000a0                      : cppi41dma.oe674 (.text:enableCoreTxDMA)
                  c3022b40    000000a0     rts6740_elf.lib : memcpy64.asm.obj (.text:memcpy)
                  c3022be0    000000a0     ti.fs.fatfs.ae674 : ff.oe674 (.text:move_window$0)
                  c3022c80    000000a0     sysbios.ae674 : BIOS.obj (.text:ti_sysbios_family_c64p_Exception_Module_startup__E)
                  c3022d20    000000a0     usb_c674x_omapl138_pe674.oe674 (.text:ti_sysbios_family_c64p_Hwi_construct)
                  c3022dc0    000000a0     usb_c674x_omapl138_pe674.oe674 (.text:ti_sysbios_family_c64p_Hwi_create)
                  c3022e60    000000a0     sysbios.ae674 : BIOS.obj (.text:ti_sysbios_family_c64p_Hwi_eventMap__E)
                  c3022f00    000000a0                   : BIOS.obj (.text:ti_sysbios_family_c64p_Hwi_getStackInfo__E)
                  c3022fa0    000000a0                   : BIOS.obj (.text:ti_sysbios_gates_GateMutex_enter__E)
                  c3023040    000000a0     usb_c674x_omapl138_pe674.oe674 (.text:ti_sysbios_hal_Hwi_create)
                  c30230e0    000000a0     usb_c674x_omapl138_pe674.oe674 (.text:ti_sysbios_knl_Task_create)
                  c3023180    000000a0     usb_c674x_omapl138_pe674.oe674 (.text:ti_sysbios_timers_timer64_Timer_construct)
                  c3023220    000000a0     sysbios.ae674 : BIOS.obj (.text:ti_sysbios_timers_timer64_Timer_stop__E)
                  c30232c0    000000a0     ti.fs.fatfs.ae674 : ff.oe674 (.text:validate$0)
                  c3023360    000000a0     ti.targets.rts6000.ae674 : Core-params.oe674 (.text:xdc_runtime_Core_assignParams__I)
                  c3023400    000000a0                              : SysMin.oe674 (.text:xdc_runtime_SysMin_putch__E)
                  c30234a0    000000a0                              : System.oe674 (.text:xdc_runtime_System_formatNum__I)
                  c3023540    000000a0                              : System.oe674 (.text:xdc_runtime_System_putchar__I)
                  c30235e0    000000a0                              : Text.oe674 (.text:xdc_runtime_Text_printVisFxn__I)
                  c3023680    000000a0                              : Text.oe674 (.text:xdc_runtime_Text_xprintf__I)
                  c3023720    00000080     ti.board.ae674 : lcdkOMAPL138_clock.oe674 (.text:CSL_PSC_setModuleNextState$0)
                  c30237a0    00000080     ti.osal.ae674 : EventCombinerP_tirtos.oe674 (.text:EventCombinerP_getHwi)
                  c3023820    00000080     ti.fs.fatfs.ae674 : FATFS_drv.oe674 (.text:FATFS_diskWrite$0)
                  c30238a0    00000080     ti.drv.usb.ae674 : usbdbulk.oe674 (.text:HandleConfigChange$0)
                  c3023920    00000080                      : usbdmsc.oe674 (.text:HandleRequests$0)
                  c30239a0    00000080     ti.osal.ae674 : TimerP_tirtos.oe674 (.text:TimerP_Params_init)
                  c3023a20    00000080                   : TimerP_tirtos.oe674 (.text:TimerP_setPeriodMicroSecs)
                  c3023aa0    00000080     ti.csl.ae674 : uart.oe674 (.text:UART_charPut_v0)
                  c3023b20    00000080                  : uart.oe674 (.text:UART_fIFOConfig_v0)
                  c3023ba0    00000080     ti.drv.usb.ae674 : usbdcdesc.oe674 (.text:USBDCDConfigDescGetNum)
                  c3023c20    00000080                      : usb_desc.oe674 (.text:USBDescGet)
                  c3023ca0    00000080                      : usb_desc.oe674 (.text:USBDescGetNum)
                  c3023d20    00000080                      : musb.oe674 (.text:USBFIFOConfigSet)
                  c3023da0    00000080                      : musb.oe674 (.text:USBFIFOFlush)
                  c3023e20    00000080                      : usbhmsc.oe674 (.text:USBHMSCBlockRead)
                  c3023ea0    00000080                      : usbhmsc.oe674 (.text:USBHMSCBlockWrite)
                  c3023f20    00000080                      : usbhscsi.oe674 (.text:USBHSCSIInquiry)
                  c3023fa0    00000080                      : usbhscsi.oe674 (.text:USBHSCSIReadCapacity)
                  c3024020    00000080                      : usbhscsi.oe674 (.text:USBHSCSIRequestSense)
                  c30240a0    00000080                      : usb_wrapper.oe674 (.text:USBInitMUSBDevCfg)
                  c3024120    00000080                      : musb.oe674 (.text:USBRxChAbort)
                  c30241a0    00000080                      : usb_wrapper.oe674 (.text:UsbPhyOn)
                  c3024220    00000080     rts6740_elf.lib : trgmsg.c.obj (.text:__TI_readmsg)
                  c30242a0    00000080                     : llshift.c.obj (.text:__c6xabi_llshl)
                  c3024320    00000080                     : snprintf.c.obj (.text:_outs)
                  c30243a0    00000080     sysbios.ae674 : c62_TaskSupport_asm.obj (.text:_ti_sysbios_family_c62_TaskSupport_swap__E)
                  c3024420    00000080     ti.drv.usb.ae674 : cppi41dma.oe674 (.text:cppiDmaAllocBuffer)
                  c30244a0    00000080                      : cppi41dma.oe674 (.text:disableCoreRxDMA)
                  c3024520    00000080     rts6740_elf.lib : snprintf.c.obj (.text:snprintf)
                  c30245a0    00000080                     : strcat.c.obj (.text:strcat)
                  c3024620    00000080                     : strncpy.c.obj (.text:strncpy)
                  c30246a0    00000080     sysbios.ae674 : BIOS.obj (.text:ti_sysbios_family_c64p_Cache_invL1pAll__E)
                  c3024720    00000080                   : BIOS.obj (.text:ti_sysbios_family_c64p_Cache_wait__E)
                  c30247a0    00000080                   : BIOS.obj (.text:ti_sysbios_hal_Hwi_checkStack)
                  c3024820    00000080                   : BIOS.obj (.text:ti_sysbios_hal_Hwi_initStack)
                  c30248a0    00000080                   : BIOS.obj (.text:ti_sysbios_heaps_HeapMem_Instance_init__E)
                  c3024920    00000080                   : BIOS.obj (.text:ti_sysbios_heaps_HeapMem_init__I)
                  c30249a0    00000080                   : BIOS.obj (.text:ti_sysbios_knl_Idle_run__E)
                  c3024a20    00000080                   : BIOS.obj (.text:ti_sysbios_knl_Semaphore_pendTimeout__I)
                  c3024aa0    00000080                   : BIOS.obj (.text:ti_sysbios_knl_Swi_startup__E)
                  c3024b20    00000080                   : BIOS.obj (.text:ti_sysbios_knl_Task_processVitalTaskFlag__I)
                  c3024ba0    00000080                   : BIOS.obj (.text:ti_sysbios_knl_Task_restoreHwi__E)
                  c3024c20    00000080                   : BIOS.obj (.text:ti_sysbios_knl_Task_restore__E)
                  c3024ca0    00000080     ti.targets.rts6000.ae674 : Core-label.oe674 (.text:xdc_runtime_Core_assignLabel__I)
                  c3024d20    00000080                              : System.oe674 (.text:xdc_runtime_System_atexit__E)
                  c3024da0    00000080                              : System.oe674 (.text:xdc_runtime_System_processAtExit__E)
                  c3024e20    00000080                              : System.oe674 (.text:xdc_runtime_System_vprintf__E)
                  c3024ea0    00000060     ti.drv.usb.ae674 : cppi41dma.oe674 (.text:Cppi41DmaInitTddPool)
                  c3024f00    00000060                      : cppi41dma.oe674 (.text:CppiDmaGetINTD0Status)
                  c3024f60    00000060     ti.fs.fatfs.ae674 : FATFS_drv.oe674 (.text:FATFS_diskRead$0)
                  c3024fc0    00000060     ti.drv.usb.ae674 : usbdbulk.oe674 (.text:HandleDevice$0)
                  c3025020    00000060     ti.osal.ae674 : HwiP_tirtos.oe674 (.text:HwiP_delete)
                  c3025080    00000060                   : Utils_tirtos.oe674 (.text:Osal_getHwAttrs)
                  c30250e0    00000060                   : Utils_tirtos.oe674 (.text:Osal_getThreadType)
                  c3025140    00000060                   : SemaphoreP_tirtos.oe674 (.text:SemaphoreP_delete)
                  c30251a0    00000060                   : SemaphoreP_tirtos.oe674 (.text:SemaphoreP_pend)
                  c3025200    00000060                   : TimerP_tirtos.oe674 (.text:TimerP_start)
                  c3025260    00000060                   : TimerP_tirtos.oe674 (.text:TimerP_stop)
                  c30252c0    00000060     ti.csl.ae674 : uart.oe674 (.text:UART_divisorLatchWrite_v0)
                  c3025320    00000060                  : uart.oe674 (.text:UART_divisorValCompute_v0)
                  c3025380    00000060                  : uart.oe674 (.text:UART_fifoWait_v0)
                  c30253e0    00000060                  : uart.oe674 (.text:UART_lineCharacConfig_v0)
                  c3025440    00000060     ti.drv.uart.ae674 : UART_v0.oe674 (.text:UART_readCancel_v0$0)
                  c30254a0    00000060                       : UART_v0.oe674 (.text:UART_writeCancel_v0$0)
                  c3025500    00000060     ti.drv.usb.ae674 : usbdmsc.oe674 (.text:USBDSCSISendStatus$0)
                  c3025560    00000060                      : musb.oe674 (.text:USBDevEndpointStall)
                  c30255c0    00000060                      : musb.oe674 (.text:USBEndpointDataPut)
                  c3025620    00000060                      : musb.oe674 (.text:USBHostEndpointStatusClear)
                  c3025680    00000060                      : musb.oe674 (.text:USBHostSpeedGet)
                  c30256e0    00000060                      : musb.oe674 (.text:USBHostTxFifoFlush)
                  c3025740    00000060                      : musb.oe674 (.text:USBReset)
                  c30257a0    00000060                      : usb_musb.oe674 (.text:USB_irqCore_musb)
                  c3025800    00000060                      : usb_musb.oe674 (.text:USB_irqMisc_musb)
                  c3025860    00000060     rts6740_elf.lib : trgmsg.c.obj (.text:__TI_writemsg)
                  c30258c0    00000060                     : llshift.c.obj (.text:__c6xabi_llshru)
                  c3025920    00000060                     : imath64.c.obj (.text:_subcull)
                  c3025980    00000060     sysbios.ae674 : c64p_Hwi_asm_switch.obj (.text:_ti_sysbios_family_c64p_Hwi_switchAndDispatch__I)
                  c30259e0    00000060                   : c64p_Hwi_asm_switch.obj (.text:_ti_sysbios_family_xxx_Hwi_switchAndRunFunc)
                  c3025a40    00000060     ti.drv.usb.ae674 : cppi41dma.oe674 (.text:cppiDmaFreeBuffer)
                  c3025aa0    00000060     ti.fs.fatfs.ae674 : diskio.oe674 (.text:disk_initialize)
                  c3025b00    00000060                       : diskio.oe674 (.text:disk_ioctl)
                  c3025b60    00000060                       : diskio.oe674 (.text:disk_read)
                  c3025bc0    00000060                       : diskio.oe674 (.text:disk_status)
                  c3025c20    00000060                       : diskio.oe674 (.text:disk_write)
                  c3025c80    00000060                       : ff.oe674 (.text:f_close)
                  c3025ce0    00000060     rts6740_elf.lib : memccpy.c.obj (.text:memccpy)
                  c3025d40    00000060                     : strcmp.c.obj (.text:strcmp)
                  c3025da0    00000060                     : strcpy.c.obj (.text:strcpy)
                  c3025e00    00000060                     : strcspn.c.obj (.text:strcspn)
                  c3025e60    00000060     usb_c674x_omapl138_pe674.oe674 (.text:ti_sysbios_BIOS_atExitFunc__I)
                  c3025ec0    00000060     usb_c674x_omapl138_pe674.oe674 (.text:ti_sysbios_BIOS_rtsLock__I)
                  c3025f20    00000060     sysbios.ae674 : BIOS.obj (.text:ti_sysbios_family_c62_TaskSupport_start__E)
                  c3025f80    00000060                   : BIOS.obj (.text:ti_sysbios_family_c64p_Cache_marInit__I)
                  c3025fe0    00000060                   : BIOS.obj (.text:ti_sysbios_family_c64p_Cache_setMar__E)
                  c3026040    00000060                   : BIOS.obj (.text:ti_sysbios_family_c64p_EventCombiner_Module_startup__E)
                  c30260a0    00000060                   : BIOS.obj (.text:ti_sysbios_family_c64p_EventCombiner_disableEvent__E)
                  c3026100    00000060                   : BIOS.obj (.text:ti_sysbios_family_c64p_EventCombiner_enableEvent__E)
                  c3026160    00000060                   : BIOS.obj (.text:ti_sysbios_family_c64p_EventCombiner_unused__E)
                  c30261c0    00000060     usb_c674x_omapl138_pe674.oe674 (.text:ti_sysbios_gates_GateHwi_Object__create__S)
                  c3026220    00000060     usb_c674x_omapl138_pe674.oe674 (.text:ti_sysbios_gates_GateMutex_Object__create__S)
                  c3026280    00000060     usb_c674x_omapl138_pe674.oe674 (.text:ti_sysbios_heaps_HeapMem_Object__create__S)
                  c30262e0    00000060     usb_c674x_omapl138_pe674.oe674 (.text:ti_sysbios_heaps_HeapMem_Object__get__S)
                  c3026340    00000060     sysbios.ae674 : BIOS.obj (.text:ti_sysbios_knl_Clock_Module_startup__E)
                  c30263a0    00000060     usb_c674x_omapl138_pe674.oe674 (.text:ti_sysbios_knl_Clock_doTick__I)
                  c3026400    00000060     usb_c674x_omapl138_pe674.oe674 (.text:ti_sysbios_knl_Queue_construct)
                  c3026460    00000060     sysbios.ae674 : BIOS.obj (.text:ti_sysbios_knl_Semaphore_Instance_init__E)
                  c30264c0    00000060     usb_c674x_omapl138_pe674.oe674 (.text:ti_sysbios_knl_Semaphore_construct)
                  c3026520    00000060     sysbios.ae674 : BIOS.obj (.text:ti_sysbios_knl_Swi_Module_startup__E)
                  c3026580    00000060     usb_c674x_omapl138_pe674.oe674 (.text:ti_sysbios_knl_Task_Object__get__S)
                  c30265e0    00000060     sysbios.ae674 : BIOS.obj (.text:ti_sysbios_knl_Task_enter__I)
                  c3026640    00000060     ti.drv.uart.ae674 : UART_stdio.oe674 (.text:uart_console_putc$0)
                  c30266a0    00000060     ti.drv.usb.ae674 : usb_wrapper.oe674 (.text:usbHostIntrHandler)
                  c3026700    00000060     ti.targets.rts6000.ae674 : Memory.oe674 (.text:xdc_runtime_Memory_valloc__E)
                  c3026760    00000060     usb_c674x_omapl138_pe674.oe674 (.text:xdc_runtime_SysMin_output__I)
                  c30267c0    00000060     ti.targets.rts6000.ae674 : Text.oe674 (.text:xdc_runtime_Text_cordText__E)
                  c3026820    00000040     ti.drv.usb.ae674 : usbdaudio.oe674 (.text:ConfigChangeHandler$0)
                  c3026860    00000040     ti.fs.fatfs.ae674 : FATFS_drv.oe674 (.text:FATFS_diskStatus$0)
                  c30268a0    00000040     ti.drv.usb.ae674 : usbtick.oe674 (.text:InternalUSBTickInit)
                  c30268e0    00000040     ti.osal.ae674 : MuxIntcP_tirtos.oe674 (.text:MuxIntcP_create)
                  c3026920    00000040                   : RegisterIntr_tirtos.oe674 (.text:Osal_RegisterInterrupt_initParams)
                  c3026960    00000040                   : SemaphoreP_tirtos.oe674 (.text:SemaphoreP_Params_init)
                  c30269a0    00000040                   : SemaphoreP_tirtos.oe674 (.text:SemaphoreP_post)
                  c30269e0    00000040     ti.csl.ae674 : uart.oe674 (.text:UART_breakCtl_v0)
                  c3026a20    00000040                  : uart.oe674 (.text:UART_charGetNonBlocking2_v0)
                  c3026a60    00000040                  : uart.oe674 (.text:UART_intDisable_v0)
                  c3026aa0    00000040                  : uart.oe674 (.text:UART_intEnable_v0)
                  c3026ae0    00000040                  : uart.oe674 (.text:UART_intIdentityGet_v0)
                  c3026b20    00000040                  : uart.oe674 (.text:UART_loopbackModeControl_v0)
                  c3026b60    00000040     ti.drv.uart.ae674 : UART_drv.oe674 (.text:UART_open)
                  c3026ba0    00000040     ti.csl.ae674 : uart.oe674 (.text:UART_readLineStatus_v0)
                  c3026be0    00000040     ti.drv.usb.ae674 : usb_wrapper.oe674 (.text:USBDMAModeTXEnable)
                  c3026c20    00000040                      : usbdmsc.oe674 (.text:USBDMSCInit)
                  c3026c60    00000040                      : musb.oe674 (.text:USBDevEndpointDataAck)
                  c3026ca0    00000040                      : musb.oe674 (.text:USBDmaTxChTeardown)
                  c3026ce0    00000040                      : musb.oe674 (.text:USBEndpointDataSend)
                  c3026d20    00000040                      : musb.oe674 (.text:USBEndpointDataToggleClear)
                  c3026d60    00000040                      : usbhenum_musb.oe674 (.text:USBHCDRegisterDrivers)
                  c3026da0    00000040                      : usbhmsc.oe674 (.text:USBHMSCDriveOpen)
                  c3026de0    00000040                      : musb.oe674 (.text:USBHostAutoReqClear)
                  c3026e20    00000040                      : musb.oe674 (.text:USBHostAutoReqSet)
                  c3026e60    00000040                      : musb.oe674 (.text:USBHostEndpointDataAck)
                  c3026ea0    00000040                      : musb.oe674 (.text:USBHostRequestINClear)
                  c3026ee0    00000040                      : musb.oe674 (.text:USBHostReset)
                  c3026f20    00000040                      : usb_wrapper.oe674 (.text:USBInitMUSBHostCfg)
                  c3026f60    00000040                      : musb.oe674 (.text:USBIntDisableEndpoint)
                  c3026fa0    00000040                      : musb.oe674 (.text:USBIntEnableEndpoint)
                  c3026fe0    00000040                      : musb.oe674 (.text:USBOTGSessionRequest)
                  c3027020    00000040                      : usb_drv.oe674 (.text:USB_open)
                  c3027060    00000040     ti.osal.ae674 : Utils_tirtos.oe674 (.text:_DebugP_assert)
                  c30270a0    00000040     rts6740_elf.lib : frcmpyd_div.c.obj (.text:__TI_frcmpyd_div)
                  c30270e0    00000040                     : isinf.c.obj (.text:__c6xabi_isinf)
                  c3027120    00000040                     : _printfi.c.obj (.text:__c6xabi_isnan)
                  c3027160    00000040                     : strasg.asm.obj (.text:__strasgi_64plus)
                  c30271a0    00000040                     : args_main.c.obj (.text:_args_main)
                  c30271e0    00000040                     : snprintf.c.obj (.text:_outc)
                  c3027220    00000040     sysbios.ae674 : c62_TaskSupport_asm.obj (.text:_ti_sysbios_family_c62_TaskSupport_buildTaskStack)
                  c3027260    00000040     ti.fs.fatfs.ae674 : diskio.oe674 (.text:disk_register)
                  c30272a0    00000040                       : diskio.oe674 (.text:disk_unregister)
                  c30272e0    00000040     rts6740_elf.lib : strlen.c.obj (.text:strlen)
                  c3027320    00000040     usb_c674x_omapl138_pe674.oe674 (.text:ti_sysbios_BIOS_errorRaiseHook__I)
                  c3027360    00000040     usb_c674x_omapl138_pe674.oe674 (.text:ti_sysbios_BIOS_exitFunc__I)
                  c30273a0    00000040     usb_c674x_omapl138_pe674.oe674 (.text:ti_sysbios_BIOS_registerRTSLock__I)
                  c30273e0    00000040     usb_c674x_omapl138_pe674.oe674 (.text:ti_sysbios_BIOS_removeRTSLock__I)
                  c3027420    00000040     usb_c674x_omapl138_pe674.oe674 (.text:ti_sysbios_BIOS_startFunc__I)
                  c3027460    00000040     sysbios.ae674 : BIOS.obj (.text:ti_sysbios_family_c64p_EventCombiner_dispatchPlug__E)
                  c30274a0    00000040     usb_c674x_omapl138_pe674.oe674 (.text:ti_sysbios_family_c64p_Hwi_Module__startupDone__F)
                  c30274e0    00000040     usb_c674x_omapl138_pe674.oe674 (.text:ti_sysbios_family_c64p_Hwi_Object__delete__S)
                  c3027520    00000040     usb_c674x_omapl138_pe674.oe674 (.text:ti_sysbios_family_c64p_Hwi_Params__init__S)
                  c3027560    00000040     usb_c674x_omapl138_pe674.oe674 (.text:ti_sysbios_family_c64p_Hwi_destruct)
                  c30275a0    00000040     sysbios.ae674 : BIOS.obj (.text:ti_sysbios_family_c64p_Hwi_disableInterrupt__E)
                  c30275e0    00000040                   : BIOS.obj (.text:ti_sysbios_family_c64p_Hwi_dispatchC__I)
                  c3027620    00000040                   : BIOS.obj (.text:ti_sysbios_family_c64p_Hwi_enableInterrupt__E)
                  c3027660    00000040                   : BIOS.obj (.text:ti_sysbios_family_c64p_Hwi_getEventId__E)
                  c30276a0    00000040                   : BIOS.obj (.text:ti_sysbios_family_c64p_primus_TimerSupport_enable__E)
                  c30276e0    00000040     usb_c674x_omapl138_pe674.oe674 (.text:ti_sysbios_gates_GateHwi_Handle__label__S)
                  c3027720    00000040     usb_c674x_omapl138_pe674.oe674 (.text:ti_sysbios_gates_GateHwi_Object__delete__S)
                  c3027760    00000040     usb_c674x_omapl138_pe674.oe674 (.text:ti_sysbios_gates_GateMutex_Handle__label__S)
                  c30277a0    00000040     sysbios.ae674 : BIOS.obj (.text:ti_sysbios_gates_GateMutex_Instance_init__E)
                  c30277e0    00000040     usb_c674x_omapl138_pe674.oe674 (.text:ti_sysbios_gates_GateMutex_Object__delete__S)
                  c3027820    00000040     sysbios.ae674 : BIOS.obj (.text:ti_sysbios_gates_GateMutex_leave__E)
                  c3027860    00000040     usb_c674x_omapl138_pe674.oe674 (.text:ti_sysbios_hal_Cache_CacheProxy_inv__E)
                  c30278a0    00000040     usb_c674x_omapl138_pe674.oe674 (.text:ti_sysbios_hal_Cache_CacheProxy_wb__E)
                  c30278e0    00000040     usb_c674x_omapl138_pe674.oe674 (.text:ti_sysbios_hal_Hwi_HwiProxy_getStackInfo__E)
                  c3027920    00000040     sysbios.ae674 : BIOS.obj (.text:ti_sysbios_hal_Hwi_Instance_init__E)
                  c3027960    00000040     usb_c674x_omapl138_pe674.oe674 (.text:ti_sysbios_hal_Hwi_Object__delete__S)
                  c30279a0    00000040     usb_c674x_omapl138_pe674.oe674 (.text:ti_sysbios_hal_Hwi_Params__init__S)
                  c30279e0    00000040     usb_c674x_omapl138_pe674.oe674 (.text:ti_sysbios_heaps_HeapMem_Handle__label__S)
                  c3027a20    00000040     usb_c674x_omapl138_pe674.oe674 (.text:ti_sysbios_heaps_HeapMem_Object__delete__S)
                  c3027a60    00000040     usb_c674x_omapl138_pe674.oe674 (.text:ti_sysbios_knl_Clock_Module_State_clockQ)
                  c3027aa0    00000040     usb_c674x_omapl138_pe674.oe674 (.text:ti_sysbios_knl_Queue_Object__get__S)
                  c3027ae0    00000040     usb_c674x_omapl138_pe674.oe674 (.text:ti_sysbios_knl_Queue_destruct)
                  c3027b20    00000040     usb_c674x_omapl138_pe674.oe674 (.text:ti_sysbios_knl_Semaphore_Params__init__S)
                  c3027b60    00000040     usb_c674x_omapl138_pe674.oe674 (.text:ti_sysbios_knl_Semaphore_destruct)
                  c3027ba0    00000040     usb_c674x_omapl138_pe674.oe674 (.text:ti_sysbios_knl_Swi_Object__get__S)
                  c3027be0    00000040     usb_c674x_omapl138_pe674.oe674 (.text:ti_sysbios_knl_Task_Params__init__S)
                  c3027c20    00000040     sysbios.ae674 : BIOS.obj (.text:ti_sysbios_knl_Task_sleepTimeout__I)
                  c3027c60    00000040     usb_c674x_omapl138_pe674.oe674 (.text:ti_sysbios_timers_timer64_Timer_Module__startupDone__F)
                  c3027ca0    00000040     usb_c674x_omapl138_pe674.oe674 (.text:ti_sysbios_timers_timer64_Timer_Params__init__S)
                  c3027ce0    00000040     ti.drv.uart.ae674 : UART_stdio.oe674 (.text:uart_console_getc$0)
                  c3027d20    00000040     ti.drv.usb.ae674 : usb_dev_dman.oe674 (.text:usbEpreqComplete)
                  c3027d60    00000040     rts6740_elf.lib : wcslen.c.obj (.text:wcslen)
                  c3027da0    00000040     ti.targets.rts6000.ae674 : Error.oe674 (.text:xdc_runtime_Error_check__E)
                  c3027de0    00000040                              : Error.oe674 (.text:xdc_runtime_Error_init__E)
                  c3027e20    00000040     usb_c674x_omapl138_pe674.oe674 (.text:xdc_runtime_IHeap_alloc)
                  c3027e60    00000040     usb_c674x_omapl138_pe674.oe674 (.text:xdc_runtime_IHeap_free)
                  c3027ea0    00000040     ti.targets.rts6000.ae674 : Registry.oe674 (.text:xdc_runtime_Registry_findById__E)
                  c3027ee0    00000040     usb_c674x_omapl138_pe674.oe674 (.text:xdc_runtime_Startup_exec__I)
                  c3027f20    00000040     ti.targets.rts6000.ae674 : SysMin.oe674 (.text:xdc_runtime_SysMin_Module_startup__E)
                  c3027f60    00000040                              : SysMin.oe674 (.text:xdc_runtime_SysMin_exit__E)
                  c3027fa0    00000040                              : System.oe674 (.text:xdc_runtime_System_abort__E)
                  c3027fe0    00000040                              : System.oe674 (.text:xdc_runtime_System_exit__E)
                  c3028020    00000040     usb_c674x_omapl138_pe674.oe674 (.text:xdc_runtime_System_printf__E)
                  c3028060    00000020     ti.board.ae674 : lcdkOMAPL138_pll.oe674 (.text:Board_PLLInit)
                  c3028080    00000020                    : lcdkOMAPL138_lld_init.oe674 (.text:Board_uartStdioInit)
                  c30280a0    00000020     ti.osal.ae674 : CacheP_tirtos.oe674 (.text:CacheP_Inv)
                  c30280c0    00000020                   : CacheP_tirtos.oe674 (.text:CacheP_wb)
                  c30280e0    00000020     ti.drv.usb.ae674 : usbdmsc.oe674 (.text:ConfigChangeHandler$0)
                  c3028100    00000020                      : cppi41dma.oe674 (.text:CppiDmaGetPendStatus)
                  c3028120    00000020     ti.osal.ae674 : EventCombinerP_tirtos.oe674 (.text:EventCombinerP_disableEvent)
                  c3028140    00000020                   : EventCombinerP_tirtos.oe674 (.text:EventCombinerP_dispatchPlug)
                  c3028160    00000020                   : EventCombinerP_tirtos.oe674 (.text:EventCombinerP_enableEvent)
                  c3028180    00000020     ti.fs.fatfs.ae674 : FATFS_drv.oe674 (.text:FATFS_diskIOctrl$0)
                  c30281a0    00000020     ti.drv.usb.ae674 : usbdmsc.oe674 (.text:HandleDevice$0)
                  c30281c0    00000020                      : usbdaudio.oe674 (.text:HandleDisconnect$0)
                  c30281e0    00000020                      : usbdbulk.oe674 (.text:HandleReset$0)
                  c3028200    00000020                      : usbdbulk.oe674 (.text:HandleResume$0)
                  c3028220    00000020                      : usbdbulk.oe674 (.text:HandleSuspend$0)
                  c3028240    00000020     ti.osal.ae674 : HwiP_tirtos.oe674 (.text:HwiP_clearInterrupt)
                  c3028260    00000020                   : HwiP_tirtos.oe674 (.text:HwiP_disable)
                  c3028280    00000020                   : HwiP_tirtos.oe674 (.text:HwiP_disableInterrupt)
                  c30282a0    00000020                   : HwiP_tirtos.oe674 (.text:HwiP_enableInterrupt)
                  c30282c0    00000020                   : HwiP_tirtos.oe674 (.text:HwiP_restore)
                  c30282e0    00000020     ti.drv.uart.ae674 : UART_drv.oe674 (.text:UART_Params_init)
                  c3028300    00000020                       : UART_v0.oe674 (.text:UART_control_v0$0)
                  c3028320    00000020     ti.csl.ae674 : uart.oe674 (.text:UART_divisorLatchDisable_v0)
                  c3028340    00000020                  : uart.oe674 (.text:UART_fIFOCharPut_v0)
                  c3028360    00000020                  : uart.oe674 (.text:UART_fifoEmpty_v0)
                  c3028380    00000020     ti.drv.uart.ae674 : UART_v0.oe674 (.text:UART_init_v0$0)
                  c30283a0    00000020     ti.csl.ae674 : uart.oe674 (.text:UART_operatingModeSelect_v0)
                  c30283c0    00000020     ti.drv.uart.ae674 : UART_status.oe674 (.text:UART_printStatus)
                  c30283e0    00000020     ti.csl.ae674 : uart.oe674 (.text:UART_pwremuConfig_v0)
                  c3028400    00000020     ti.drv.uart.ae674 : UART_drv.oe674 (.text:UART_readPolling)
                  c3028420    00000020                       : UART_drv.oe674 (.text:UART_write)
                  c3028440    00000020                       : UART_drv.oe674 (.text:UART_writePolling)
                  c3028460    00000020     ti.drv.usb.ae674 : usb_wrapper.oe674 (.text:USBClearInt)
                  c3028480    00000020                      : musb.oe674 (.text:USBDevAddrSet)
                  c30284a0    00000020                      : musb.oe674 (.text:USBDevConnect)
                  c30284c0    00000020                      : musb.oe674 (.text:USBDevDisconnect)
                  c30284e0    00000020                      : usb_wrapper.oe674 (.text:USBDmaIntEnable)
                  c3028500    00000020                      : musb.oe674 (.text:USBDmaTxChDisable)
                  c3028520    00000020                      : musb.oe674 (.text:USBEnableOtgIntr)
                  c3028540    00000020                      : musb.oe674 (.text:USBEndpointStatus)
                  c3028560    00000020                      : usb_wrapper.oe674 (.text:USBGetEndpointIntrStatus)
                  c3028580    00000020                      : usbhenum_musb.oe674 (.text:USBHCDPowerConfigInit)
                  c30285a0    00000020                      : musb.oe674 (.text:USBHostAddrSet)
                  c30285c0    00000020                      : musb.oe674 (.text:USBHostRequestIN)
                  c30285e0    00000020                      : musb.oe674 (.text:USBHostRequestStatus)
                  c3028600    00000020                      : musb.oe674 (.text:USBIntDisableControl)
                  c3028620    00000020                      : musb.oe674 (.text:USBIntEnableControl)
                  c3028640    00000020                      : musb.oe674 (.text:USBIntStatusControl)
                  c3028660    00000020                      : usb_wrapper.oe674 (.text:USBModuleClkEnable)
                  c3028680    00000020                      : usb_wrapper.oe674 (.text:USBWrapperEnableInt)
                  c30286a0    00000020                      : usb_wrapper.oe674 (.text:USB_Host_Init)
                  c30286c0    00000020                      : usb_drv.oe674 (.text:USB_coreIrqHandler)
                  c30286e0    00000020                      : usb_drv.oe674 (.text:USB_irqConfig)
                  c3028700    00000020                      : usb_wrapper.oe674 (.text:UsbPhyOff)
                  c3028720    00000020     rts6740_elf.lib : errno.c.obj (.text:__c6xabi_errno_addr)
                  c3028740    00000020                     : push.asm.obj (.text:__pop_rts)
                  c3028760    00000020                     : push.asm.obj (.text:__push_rts)
                  c3028780    00000020                     : _lock.c.obj (.text:_nop)
                  c30287a0    00000020                     : _lock.c.obj (.text:_register_lock)
                  c30287c0    00000020                     : _lock.c.obj (.text:_register_unlock)
                  c30287e0    00000020                     : signbit.c.obj (.text:_signbit)
                  c3028800    00000020     sysbios.ae674 : c62_TaskSupport_asm.obj (.text:_ti_sysbios_family_c62_TaskSupport_glue)
                  c3028820    00000020     rts6740_elf.lib : exit.c.obj (.text:abort)
                  c3028840    00000020                     : s_copysign.c.obj (.text:copysign)
                  c3028860    00000020                     : copy_decompress_none.c.obj (.text:decompress:none:__TI_decompress_none)
                  c3028880    00000020                     : copy_decompress_rle.c.obj (.text:decompress:rle24:__TI_decompress_rle24)
                  c30288a0    00000020     ti.fs.fatfs.ae674 : diskio.oe674 (.text:get_fattime)
                  c30288c0    00000020     usb_c674x_omapl138_pe674.oe674 (.text:ti_sysbios_BIOS_RtsGateProxy_enter__E)
                  c30288e0    00000020     usb_c674x_omapl138_pe674.oe674 (.text:ti_sysbios_BIOS_RtsGateProxy_leave__E)
                  c3028900    00000020     sysbios.ae674 : BIOS.obj (.text:ti_sysbios_BIOS_exit__E)
                  c3028920    00000020                   : BIOS.obj (.text:ti_sysbios_BIOS_getThreadType__E)
                  c3028940    00000020                   : BIOS.obj (.text:ti_sysbios_BIOS_linkedWithIncorrectBootLibrary__E)
                  c3028960    00000020     usb_c674x_omapl138_pe674.oe674 (.text:ti_sysbios_BIOS_nullFunc__I)
                  c3028980    00000020     sysbios.ae674 : BIOS.obj (.text:ti_sysbios_BIOS_setThreadType__E)
                  c30289a0    00000020                   : BIOS.obj (.text:ti_sysbios_BIOS_start__E)
                  c30289c0    00000020     usb_c674x_omapl138_pe674.oe674 (.text:ti_sysbios_family_c62_TaskSupport_Module__startupDone__S)
                  c30289e0    00000020     sysbios.ae674 : BIOS.obj (.text:ti_sysbios_family_c62_TaskSupport_checkStack__E)
                  c3028a00    00000020                   : BIOS.obj (.text:ti_sysbios_family_c62_TaskSupport_getStackAlignment__E)
                  c3028a20    00000020                   : BIOS.obj (.text:ti_sysbios_family_c64p_Cache_inv__E)
                  c3028a40    00000020                   : BIOS.obj (.text:ti_sysbios_family_c64p_Cache_wbInv__E)
                  c3028a60    00000020                   : BIOS.obj (.text:ti_sysbios_family_c64p_Cache_wb__E)
                  c3028a80    00000020     usb_c674x_omapl138_pe674.oe674 (.text:ti_sysbios_family_c64p_Hwi_Module__startupDone__S)
                  c3028aa0    00000020     sysbios.ae674 : BIOS.obj (.text:ti_sysbios_family_c64p_Hwi_clearInterrupt__E)
                  c3028ac0    00000020                   : BIOS.obj (.text:ti_sysbios_family_c64p_Hwi_getFunc__E)
                  c3028ae0    00000020                   : BIOS.obj (.text:ti_sysbios_family_c64p_Hwi_getHandle__E)
                  c3028b00    00000020                   : BIOS.obj (.text:ti_sysbios_family_c64p_Hwi_startup__E)
                  c3028b20    00000020                   : BIOS.obj (.text:ti_sysbios_family_c64p_Hwi_switchFromBootStack__E)
                  c3028b40    00000020                   : BIOS.obj (.text:ti_sysbios_family_c64p_Hwi_unPluggedInterrupt__I)
                  c3028b60    00000020                   : BIOS.obj (.text:ti_sysbios_gates_GateHwi_Instance_init__E)
                  c3028b80    00000020                   : BIOS.obj (.text:ti_sysbios_gates_GateHwi_enter__E)
                  c3028ba0    00000020                   : BIOS.obj (.text:ti_sysbios_gates_GateHwi_leave__E)
                  c3028bc0    00000020                   : BIOS.obj (.text:ti_sysbios_gates_GateHwi_query__E)
                  c3028be0    00000020                   : BIOS.obj (.text:ti_sysbios_gates_GateMutex_Instance_finalize__E)
                  c3028c00    00000020                   : BIOS.obj (.text:ti_sysbios_gates_GateMutex_query__E)
                  c3028c20    00000020     usb_c674x_omapl138_pe674.oe674 (.text:ti_sysbios_hal_Hwi_HwiProxy_Module__startupDone__S)
                  c3028c40    00000020     usb_c674x_omapl138_pe674.oe674 (.text:ti_sysbios_hal_Hwi_HwiProxy_clearInterrupt__E)
[...]
c326dc24  UART_FxnTable_v0                                                    
c326dc54  ti_sysbios_family_c64p_Cache_EMIFA_BASE__C                          
c326dc58  UART_config                                                         
c326dc88  ti_sysbios_family_c64p_Hwi_Object__PARAMS__C                        
c326dcb8  xdc_runtime_Startup_sfxnTab__A                                      
c326dd14  ti_sysbios_hal_Hwi_Object__PARAMS__C                                
c326dd40  ti_sysbios_heaps_HeapMem_Module__FXNS__C                            
c326ddb0  ti_sysbios_gates_GateHwi_Module__FXNS__C                            
c326ddd4  ti_sysbios_gates_GateMutex_Module__FXNS__C                          
c326ddf8  ti_sysbios_heaps_HeapMem_Object__PARAMS__C                          
c326de1c  ti_sysbios_knl_Semaphore_Object__PARAMS__C                          
c326de60  ti_sysbios_family_c64p_Hwi_Object__DESC__C                          
c326de80  ti_sysbios_gates_GateHwi_Object__DESC__C                            
c326dea0  ti_sysbios_gates_GateMutex_Object__DESC__C                          
c326dec0  ti_sysbios_hal_Hwi_Object__DESC__C                                  
c326dee0  ti_sysbios_heaps_HeapMem_Object__DESC__C                            
c326df00  ti_sysbios_knl_Queue_Object__DESC__C                                
c326df20  ti_sysbios_knl_Semaphore_Object__DESC__C                            
c326df40  ti_sysbios_knl_Task_Object__DESC__C                                 
c326df60  ti_sysbios_timers_timer64_Timer_Object__DESC__C                     
c326dfec  ti_sysbios_gates_GateHwi_Object__PARAMS__C                          
c326e004  ti_sysbios_gates_GateMutex_Object__PARAMS__C                        
c326e01c  ti_sysbios_knl_Queue_Object__PARAMS__C                              
c326e034  ti_sysbios_family_c64p_Cache_EMIFA_CFG__C                           
c326e038  xdc_runtime_Startup_sfxnRts__A                                      
c326e050  g_pBulkInterface                                                    
c326e068  g_pMSCInterface                                                     
c326e0ba  ti_sysbios_family_c64p_EventCombiner_Module__id__C                  
c326e0dc  USB_FxnTable_musb                                                   
c326e0ec  g_USBHostMSCClassDriver                                             
c326e0fc  ti_sysbios_family_c64p_Cache_EMIFA_LENGTH__C                        
c326e100  ti_sysbios_family_c64p_EventCombiner_EVTMASK__C                     
c326e11e  ti_sysbios_family_c64p_Exception_Module__id__C                      
c326e128  g_sAudioConfigHeader                                                
c326e130  g_sAudioConfigSection                                               
c326e138  g_sAudioControlInterfaceSection                                     
c326e140  g_sAudioStreamInterfaceSection                                      
c326e148  g_sBulkConfigHeader                                                 
c326e150  g_sBulkConfigSection                                                
c326e158  g_sBulkInterfaceSection                                             
c326e160  g_sIADAudioConfigSection                                            
c326e168  ti_sysbios_knl_Idle_funcList__C                                     
c326e170  xdc_runtime_Startup_firstFxns__A                                    
c326e178  xdc_runtime_Startup_firstFxns__C                                    
c326e180  xdc_runtime_Startup_lastFxns__C                                     
c326e188  g_pAudioConfigDescriptors                                           
c326e18c  ti_sysbios_family_c64p_Cache_EMIFB_BASE__C                          
c326e190  g_pBulkConfigDescriptors                                            
c326e194  ti_sysbios_family_c64p_Cache_EMIFB_CFG__C                           
c326e19c  ti_sysbios_family_c64p_Cache_EMIFB_LENGTH__C                        
c326e1a0  ti_sysbios_family_c64p_Cache_EMIFC_BASE__C                          
c326e1a4  ti_sysbios_family_c64p_Cache_EMIFC_CFG__C                           
c326e1a8  ti_sysbios_family_c64p_Cache_EMIFC_LENGTH__C                        
c326e1ac  ti_sysbios_family_c64p_Cache_E_invalidL1CacheSize__C                
c326e1b0  ti_sysbios_family_c64p_Cache_E_invalidL2CacheSize__C                
c326e1b4  ti_sysbios_family_c64p_Cache_MAR0_31__C                             
c326e1b8  ti_sysbios_family_c64p_Cache_MAR128_159__C                          
c326e1bc  ti_sysbios_family_c64p_Cache_MAR160_191__C                          
c326e1c0  ti_sysbios_family_c64p_Cache_MAR192_223__C                          
c326e1c4  ti_sysbios_family_c64p_Cache_MAR224_255__C                          
c326e1c8  ti_sysbios_family_c64p_Cache_MAR32_63__C                            
c326e1cc  ti_sysbios_family_c64p_Cache_MAR64_95__C                            
c326e1d0  ti_sysbios_family_c64p_Cache_MAR96_127__C                           
c326e1d4  ti_sysbios_family_c64p_EventCombiner_EVTRegs__C                     
c326e1d8  ti_sysbios_family_c64p_EventCombiner_E_unpluggedEvent__C            
c326e1dc  ti_sysbios_family_c64p_Exception_E_exceptionMax__C                  
c326e1e0  ti_sysbios_family_c64p_Exception_exceptionHook__C                   
c326e1e4  ti_sysbios_family_c64p_Exception_externalHook__C                    
c326e1e8  ti_sysbios_family_c64p_Exception_internalHook__C                    
c326e1ec  ti_sysbios_family_c64p_Exception_nmiHook__C                         
c326e1f0  ti_sysbios_family_c64p_Hwi_E_alreadyDefined__C                      
c326e1f4  ti_sysbios_family_c64p_Hwi_E_handleNotFound__C                      
c326e1f8  ti_sysbios_family_c64p_Hwi_E_invalidIntNum__C                       
c326e1fc  ti_sysbios_family_c64p_Hwi_INTRMUX1Address__C                       
c326e200  ti_sysbios_family_c64p_Hwi_LD_end__C                                
c326e204  ti_sysbios_family_c64p_Hwi_LM_begin__C                              
c326e208  ti_sysbios_family_c64p_Hwi_Module__diagsEnabled__C                  
c326e20c  ti_sysbios_family_c64p_Hwi_Module__diagsIncluded__C                 
c326e210  ti_sysbios_family_c64p_Hwi_Module__diagsMask__C                     
c326e214  ti_sysbios_family_c64p_Hwi_Module__loggerFxn1__C                    
c326e218  ti_sysbios_family_c64p_Hwi_Module__loggerFxn8__C                    
c326e21c  ti_sysbios_family_c64p_Hwi_Module__loggerObj__C                     
c326e220  ti_sysbios_gates_GateMutex_Instance_State_sem__O                    
c326e224  ti_sysbios_hal_Hwi_E_stackOverflow__C                               
c326e228  ti_sysbios_heaps_HeapMem_E_memory__C                                
c326e22c  ti_sysbios_heaps_HeapMem_Module__gateObj__C                         
c326e230  ti_sysbios_heaps_HeapMem_Object__count__C                           
c326e234  ti_sysbios_heaps_HeapMem_Object__table__C                           
c326e238  ti_sysbios_heaps_HeapMem_reqAlign__C                                
c326e23c  ti_sysbios_knl_Clock_LM_begin__C                                    
c326e240  ti_sysbios_knl_Clock_LM_tick__C                                     
c326e244  ti_sysbios_knl_Clock_LW_delayed__C                                  
c326e248  ti_sysbios_knl_Clock_Module_State_clockQ__O                         
c326e24c  ti_sysbios_knl_Clock_Module__diagsEnabled__C                        
c326e250  ti_sysbios_knl_Clock_Module__diagsIncluded__C                       
c326e254  ti_sysbios_knl_Clock_Module__diagsMask__C                           
c326e258  ti_sysbios_knl_Clock_Module__loggerFxn1__C                          
c326e25c  ti_sysbios_knl_Clock_Module__loggerFxn2__C                          
c326e260  ti_sysbios_knl_Clock_Module__loggerObj__C                           
c326e264  ti_sysbios_knl_Semaphore_Instance_State_pendQ__O                    
c326e268  ti_sysbios_knl_Idle_funcList__A                                     
c326e26c  ti_sysbios_knl_Semaphore_LM_pend__C                                 
c326e270  ti_sysbios_knl_Semaphore_LM_post__C                                 
c326e274  ti_sysbios_knl_Semaphore_Module__diagsEnabled__C                    
c326e278  ti_sysbios_knl_Semaphore_Module__diagsIncluded__C                   
c326e27c  ti_sysbios_knl_Semaphore_Module__diagsMask__C                       
c326e280  ti_sysbios_knl_Semaphore_Module__loggerFxn2__C                      
c326e284  ti_sysbios_knl_Semaphore_Module__loggerFxn4__C                      
c326e288  ti_sysbios_knl_Semaphore_Module__loggerObj__C                       
c326e28c  ti_sysbios_knl_Swi_LD_end__C                                        
c326e290  ti_sysbios_knl_Swi_LM_begin__C                                      
c326e294  ti_sysbios_knl_Swi_LM_post__C                                       
c326e298  ti_sysbios_knl_Swi_Module__diagsEnabled__C                          
c326e29c  ti_sysbios_knl_Swi_Module__diagsIncluded__C                         
c326e2a0  ti_sysbios_knl_Swi_Module__diagsMask__C                             
c326e2a4  ti_sysbios_knl_Swi_Module__loggerFxn1__C                            
c326e2a8  ti_sysbios_knl_Swi_Module__loggerFxn4__C                            
c326e2ac  ti_sysbios_knl_Swi_Module__loggerObj__C                             
c326e2b0  ti_sysbios_knl_Swi_Object__count__C                                 
c326e2b4  ti_sysbios_knl_Swi_Object__table__C                                 
c326e2b8  ti_sysbios_knl_Task_E_spOutOfBounds__C                              
c326e2bc  ti_sysbios_knl_Task_E_stackOverflow__C                              
c326e2c0  ti_sysbios_knl_Task_LD_block__C                                     
c326e2c4  ti_sysbios_knl_Task_LD_exit__C                                      
c326e2c8  ti_sysbios_knl_Task_LD_ready__C                                     
c326e2cc  ti_sysbios_knl_Task_LM_sleep__C                                     
c326e2d0  ti_sysbios_knl_Task_LM_switch__C                                    
c326e2d4  ti_sysbios_knl_Task_Module_State_inactiveQ__O                       
c326e2d8  ti_sysbios_knl_Task_Module__diagsEnabled__C                         
c326e2dc  ti_sysbios_knl_Task_Module__diagsIncluded__C                        
c326e2e0  ti_sysbios_knl_Task_Module__diagsMask__C                            
c326e2e4  ti_sysbios_knl_Task_Module__loggerFxn2__C                           
c326e2e8  ti_sysbios_knl_Task_Module__loggerFxn4__C                           
c326e2ec  ti_sysbios_knl_Task_Module__loggerObj__C                            
c326e2f0  ti_sysbios_knl_Task_Object__count__C                                
c326e2f4  ti_sysbios_knl_Task_Object__table__C                                
c326e2f8  ti_sysbios_knl_Task_allBlockedFunc__C                               
c326e2fc  ti_sysbios_knl_Task_defaultStackHeap__C                             
c326e300  ti_sysbios_knl_Task_defaultStackSize__C                             
c326e304  ti_sysbios_knl_Task_numConstructedTasks__C                          
c326e308  ti_sysbios_timers_timer64_Timer_E_cannotSupport__C                  
c326e30c  ti_sysbios_timers_timer64_Timer_E_invalidTimer__C                   
c326e310  ti_sysbios_timers_timer64_Timer_E_notAvailable__C                   
c326e314  ti_sysbios_timers_timer64_Timer_anyMaskHigh__C                      
c326e318  ti_sysbios_timers_timer64_Timer_anyMask__C                          
c326e31c  ti_sysbios_timers_timer64_Timer_defaultHalf__C                      
c326e320  ti_sysbios_timers_timer64_Timer_freqDivisor__C                      
c326e324  ti_sysbios_timers_timer64_Timer_numLocalTimers__C                   
c326e328  ti_sysbios_timers_timer64_Timer_numTimerDevices__C                  
c326e32c  xdc_runtime_Assert_E_assertFailed__C                                
c326e330  xdc_runtime_Core_A_initializedParams__C                             
c326e334  xdc_runtime_Core_Module__diagsEnabled__C                            
c326e338  xdc_runtime_Core_Module__diagsIncluded__C                           
c326e33c  xdc_runtime_Core_Module__diagsMask__C                               
c326e340  xdc_runtime_Error_E_memory__C                                       
c326e344  xdc_runtime_Error_Module__diagsEnabled__C                           
c326e348  xdc_runtime_Error_Module__diagsIncluded__C                          
c326e34c  xdc_runtime_Error_Module__diagsMask__C                              
c326e350  xdc_runtime_Error_Module__loggerFxn8__C                             
c326e354  xdc_runtime_Error_Module__loggerObj__C                              
c326e358  xdc_runtime_Error_policyFxn__C                                      
c326e35c  xdc_runtime_Error_policy__C                                         
c326e360  xdc_runtime_Error_raiseHook__C                                      
c326e364  xdc_runtime_IGateProvider_Interface__BASE__C                        
c326e368  xdc_runtime_IHeap_Interface__BASE__C                                
c326e36c  xdc_runtime_IModule_Interface__BASE__C                              
c326e370  xdc_runtime_Log_L_error__C                                          
c326e374  xdc_runtime_Main_Module__diagsEnabled__C                            
c326e378  xdc_runtime_Main_Module__diagsIncluded__C                           
c326e37c  xdc_runtime_Main_Module__diagsMask__C                               
c326e380  xdc_runtime_Memory_defaultHeapInstance__C                           
c326e384  xdc_runtime_Startup_execImpl__C                                     
c326e388  xdc_runtime_Startup_maxPasses__C                                    
c326e38c  xdc_runtime_Startup_sfxnRts__C                                      
c326e390  xdc_runtime_Startup_sfxnTab__C                                      
c326e394  xdc_runtime_Startup_startModsFxn__C                                 
c326e398  xdc_runtime_SysMin_bufSize__C                                       
c326e39c  xdc_runtime_SysMin_outputFunc__C                                    
c326e3a0  xdc_runtime_System_Module__gateObj__C                               
c326e3a4  xdc_runtime_System_abortFxn__C                                      
c326e3a8  xdc_runtime_System_exitFxn__C                                       
c326e3ac  xdc_runtime_System_extendFxn__C                                     
c326e3b0  xdc_runtime_System_maxAtexitHandlers__C                             
c326e3b4  xdc_runtime_Text_charTab__C                                         
c326e3b8  xdc_runtime_Text_nameEmpty__C                                       
c326e3bc  xdc_runtime_Text_nameStatic__C                                      
c326e3c0  xdc_runtime_Text_nameUnknown__C                                     
c326e3c4  xdc_runtime_Text_visitRopeFxn__C                                    
c326e3c8  ti_sysbios_family_c64p_Exception_useInternalBuffer__C               
c326e3ca  ti_sysbios_family_c64p_Hwi_Module__id__C                            
c326e3cc  ti_sysbios_family_c64p_Hwi_Module__loggerDefined__C                 
c326e3ce  ti_sysbios_hal_Hwi_Module__id__C                                    
c326e3d0  ti_sysbios_heaps_HeapMem_Module__id__C                              
c326e3d2  ti_sysbios_knl_Clock_Module__id__C                                  
c326e3d4  ti_sysbios_knl_Clock_Module__loggerDefined__C                       
c326e3d6  ti_sysbios_knl_Semaphore_Module__id__C                              
c326e3d8  ti_sysbios_knl_Semaphore_Module__loggerDefined__C                   
c326e3da  ti_sysbios_knl_Swi_Module__id__C                                    
c326e3dc  ti_sysbios_knl_Swi_Module__loggerDefined__C                         
c326e3de  ti_sysbios_knl_Task_Module__id__C                                   
c326e3e0  ti_sysbios_knl_Task_Module__loggerDefined__C                        
c326e3e2  ti_sysbios_timers_timer64_Timer_Module__id__C                       
c326e3e4  ti_sysbios_timers_timer64_Timer_startupNeeded__C                    
c326e3e6  ti_sysbios_timers_timer64_Timer_useTimer64pRegMap__C                
c326e3e8  xdc_runtime_Core_Module__id__C                                      
c326e3ea  xdc_runtime_Error_Module__loggerDefined__C                          
c326e3ec  xdc_runtime_Error_maxDepth__C                                       
c326e3ee  xdc_runtime_Main_Module__id__C                                      
c326e3f0  xdc_runtime_Memory_Module__id__C                                    
c326e3f2  xdc_runtime_SysMin_flushAtExit__C                                   
c326e3f4  xdc_runtime_Text_charCnt__C                                         
c326e3f6  xdc_runtime_Text_isLoaded__C                                        
c326e3f8  xdc_runtime_Text_registryModsLastId__C                              
c326e3fa  xdc_runtime_Text_unnamedModsLastId__C                               
c326e400  xdc_runtime_Text_charTab__A                                         
c326e540  __CIOBUF_                                                           
c326e660  __TI_STATIC_BASE                                                    
c326e660  delayTimerCount                                                     
c326e664  delayTimerFlag                                                      
c326e668  delayTimerHandle                                                    
c326e66c  g_eState                                                            
c326e674  gOsalSemAllocCnt                                                    
c326e678  gOsalSemPeak                                                        
c326e67c  gOsalTimerAllocCnt                                                  
c326e680  gOsalTimerPeak                                                      
c326e684  gOsalHwiAllocCnt                                                    
c326e688  gOsalHwiPeak                                                        
c326e68c  g_ulMSCInstance                                                     
c326e690  fatfsHandle                                                         
c326e694  g_fsHasOpened                                                       
c326e698  intStatus                                                           
c326e69c  g_bytesRead                                                         
c326e6a0  g_bytesWritten                                                      
c326e6a4  g_bUSBTimerInitialized                                              
c326e6a8  g_ulCurrentUSBTick                                                  
c326e6ac  g_ulUSBSOFCount                                                     
c326e6c4  gFsShellAppUtilsCurState                                            
c326f10c  __TI_Handler_Table_Base                                             
c326f114  __TI_Handler_Table_Limit                                            
c326f118  __TI_CINIT_Base                                                     
c326f138  __TI_CINIT_Limit                                                    
c3600000  _c_int00                                                            
ffffffff  __TI_pprof_out_hndl                                                 
ffffffff  __TI_prof_data_size                                                 
ffffffff  __TI_prof_data_start                                                
ffffffff  __binit__                                                           
ffffffff  __c_args__                                                          
ffffffff  binit                                                               
UNDEFED   __TI_INITARRAY_Base                                                 
UNDEFED   __TI_INITARRAY_Limit                                                
UNDEFED   __TI_TLS_INIT_Base                                                  
UNDEFED   __TI_TLS_INIT_Limit                                                 

[997 symbols]
