******************************************************************************
               TMS320C6x Linker Unix v8.3.2                    
******************************************************************************
>> Linked Fri Jun 28 09:52:57 2019

OUTPUT FILE NAME:   <USB_HostMsc_lcdkOMAPL138_c674xExampleProject.out>
ENTRY POINT SYMBOL: "_c_int00"  address: c3600000


MEMORY CONFIGURATION

         name            origin    length      used     unused   attr    fill
----------------------  --------  ---------  --------  --------  ----  --------
  IROM                  11700000   00100000  00000000  00100000  R  X
  IRAM                  11800000   00040000  00000000  00040000  RW X
  L3_CBA_RAM            80000000   00020000  00000000  00020000  RW X
  APP_CACHED_BIOS_RSVD_ c2000000   01000000  00000000  01000000  RWIX
  APP_CODE_MEM          c3001000   001ff000  000249a0  001da660  RWIX
  APP_CACHED_DATA_MEM   c3200000   00400000  0006eb6e  00391492  RWIX
  APP_CACHED_DATA_BLK1_ c3600000   00400000  000000c0  003fff40  RWIX
  APP_CACHED_DATA_BLK2_ c3a00000   00200000  00000000  00200000  RWIX
  APP_UNCACHED_DATA_BLK c3d00000   00200000  00000000  00200000  RWIX


SEGMENT ALLOCATION MAP

run origin  load origin   length   init length attrs members
----------  ----------- ---------- ----------- ----- -------
c3001000    c3001000    000247a0   000247a0    r-x
  c3001000    c3001000    000247a0   000247a0    r-x .text
c3025800    c3025800    00000200   00000200    r-x
  c3025800    c3025800    00000200   00000200    r-x .vecs
c3200000    c3200000    0006c8fc   00000000    rw-
  c3200000    c3200000    00055bed   00000000    rw- .far
  c3255bf0    c3255bf0    00015000   00000000    rw- .stack
  c326abf0    c326abf0    00001d0c   00000000    rw- .fardata
c326c900    c326c900    00001748   00001748    r--
  c326c900    c326c900    00001621   00001621    r-- .const
  c326df24    c326df24    00000124   00000124    r-- .switch
c326e048    c326e048    00000188   00000000    rw-
  c326e048    c326e048    00000120   00000000    rw- .cio
  c326e168    c326e168    00000012   00000000    rw- .bss
  c326e17c    c326e17c    00000054   00000000    rw- .neardata
c326e1d0    c326e1d0    000009a8   000009a8    r--
  c326e1d0    c326e1d0    000009a8   000009a8    r-- .cinit
c3600000    c3600000    000000c0   000000c0    r-x
  c3600000    c3600000    000000c0   000000c0    r-x .text:_c_int00


SECTION ALLOCATION MAP

 output                                  attributes/
section   page    origin      length       input sections
--------  ----  ----------  ----------   ----------------
.vecs      0    c3025800    00000200     
                  c3025800    00000200     usb_c674x_omapl138_pe674.oe674 (.vecs)

.stack     0    c3255bf0    00015000     UNINITIALIZED
                  c3255bf0    00000008     boot.ae674 : boot.oe674 (.stack)
                  c3255bf8    00014ff8     --HOLE--

.bss       0    c326e168    00000012     UNINITIALIZED
                  c326e168    00000004     (.common:delayTimerCount)
                  c326e16c    00000004     (.common:delayTimerFlag)
                  c326e170    00000004     (.common:delayTimerHandle)
                  c326e174    00000004     (.common:g_eState)
                  c326e178    00000002     ti.fs.fatfs.ae674 : ff.oe674 (.bss)

.neardata 
*          0    c326e17c    00000054     UNINITIALIZED
                  c326e17c    00000018     ti.osal.ae674 : Utils_tirtos.oe674 (.neardata)
                  c326e194    0000000c     host_msc_main.obj (.neardata)
                  c326e1a0    0000000c     ti.drv.usb.ae674 : usbdmsc.oe674 (.neardata)
                  c326e1ac    0000000c                      : usbtick.oe674 (.neardata)
                  c326e1b8    00000008                      : usbhenum_musb.oe674 (.neardata)
                  c326e1c0    00000008     ti.fs.fatfs.ae674 : FATFS_drv.oe674 (.neardata)
                  c326e1c8    00000004     fatfs_port_usbmsc.obj (.neardata)
                  c326e1cc    00000004     fs_shell_app_utils.obj (.neardata)

.rodata    0    c326e1d0    00000000     UNINITIALIZED

.cinit     0    c326e1d0    000009a8     
                  c326e1d0    0000094f     (.cinit..fardata.load) [load image, compression = rle]
                  c326eb1f    0000001b     (.cinit..neardata.load) [load image, compression = rle]
                  c326eb3a    0000000d     (.cinit..far.load) [load image, compression = rle]
                  c326eb47    00000009     (.cinit..bss.load) [load image, compression = rle]
                  c326eb50    00000008     (__TI_handler_table)
                  c326eb58    00000020     (__TI_cinit_table)

.init_array 
*          0    c3200000    00000000     UNINITIALIZED

.far       0    c3200000    00055bed     UNINITIALIZED
                  c3200000    00020000     (.common:dBuffer)
                  c3220000    00014100     (.common:region0DescriptorSpace)
                  c3234100    00010000     fs_shell_app_utils.obj (.far:gFsShellAppUtilsDataBuf)
                  c3244100    00009c40     (.common:ti_sysbios_heaps_HeapMem_Instance_State_0_buf__A)
                  c324dd40    00002390     (.common:FATFS_objects)
                  c32500d0    00001928     (.common:gadgetList)
                  c32519f8    00000008     (.common:parmbuf)
                  c3251a00    00001000     ti.drv.usb.ae674 : cppi41dma.oe674 (.far:linking_ram0$0)
                  c3252a00    00000800     (.common:dmaBuffer)
                  c3253200    00000800     usb_c674x_omapl138_pe674.oe674 (.far:taskStackSection)
                  c3253a00    00000568     (.common:g_sUSBHCD)
                  c3253f68    00000400     (.common:xdc_runtime_SysMin_Module_State_0_outbuf__A)
                  c3254368    00000018     (.common:g_USBInstance)
                  c3254380    00000228     fs_shell_app_utils.obj (.far:gFsShellAppUtilsReadFileObj)
                  c32545a8    00000010     ti.fs.fatfs.ae674 : ff.oe674 (.far:FatFs$0)
                  c32545b8    00000008     ti.drv.usb.ae674 : usbhenum_musb.oe674 (.far:g_ulAlloc$0)
                  c32545c0    00000228     fs_shell_app_utils.obj (.far:gFsShellAppUtilsWriteFileObj)
                  c32547e8    0000000c     (.common:g_pfTickHandlers)
                  c32547f4    00000004     --HOLE--
                  c32547f8    00000004     (.common:g_ulConnectRetry)
                  c32547fc    00000004     --HOLE--
                  c3254800    00000200     (.common:g_pucCommand)
                  c3254a00    00000200     ti.fs.fatfs.ae674 : ff.oe674 (.far:LfnBuf$0)
                  c3254c00    00000200     fs_shell_app_utils.obj (.far:gFsShellAppUtilsCwd)
                  c3254e00    00000200     fs_shell_app_utils.obj (.far:gFsShellAppUtilsTempPath)
                  c3255000    00000200     ti.drv.usb.ae674 : usbhmsc.oe674 (.far:mscBuffer$0)
                  c3255200    00000200                      : usbhscsi.oe674 (.far:scsiBuffer$0)
                  c3255400    00000200                      : usbhscsi.oe674 (.far:scsiCmd$0)
                  c3255600    00000164     (.common:musbObj)
                  c3255764    00000154     (.common:cppiInfo)
                  c32558b8    00000118     fs_shell_app_utils.obj (.far:gFsShellAppUtilsFileInfo)
                  c32559d0    00000080     (.common:g_pHCDPool)
                  c3255a50    00000050     (.common:gFsShellAppUtilsRxBuf)
                  c3255aa0    00000040     ti.drv.usb.ae674 : usb_musb_dcd.oe674 (.far:g_pucDataBufferIn$0)
                  c3255ae0    0000003c     (.common:req)
                  c3255b1c    00000038     (.common:delayTimerParams)
                  c3255b54    0000002c     fs_shell_app_utils.obj (.far:gFsShellAppUtilsDirObj)
                  c3255b80    00000024     (.common:g_USBHMSCDevice)
                  c3255ba4    00000004     --HOLE--
                  c3255ba8    00000024     fs_shell_app_utils.obj (.far:argv$1)
                  c3255bcc    00000004     --HOLE--
                  c3255bd0    0000000c     (.common:g_pvTickInstance)
                  c3255bdc    00000004     --HOLE--
                  c3255be0    0000000d     (.common:g_sSCSICSW)

.fardata   0    c326abf0    00001d0c     UNINITIALIZED
                  c326abf0    00000b40     ti.osal.ae674 : SemaphoreP_tirtos.oe674 (.fardata:gOsalSemPTiRtosPool$0)
                  c326b730    00000500                   : HwiP_tirtos.oe674 (.fardata:gOsalHwiPTiRtosPool$0)
                  c326bc30    00000400     usb_c674x_omapl138_pe674.oe674 (.fardata:ti_sysbios_family_c64p_EventCombiner_Module__state__V)
                  c326c030    000000b0     ti.osal.ae674 : TimerP_tirtos.oe674 (.fardata:gOsalTimerPTiRtosPool$0)
                  c326c0e0    00000080     usb_c674x_omapl138_pe674.oe674 (.fardata:ti_sysbios_knl_Swi_Module_State_0_readyQ__A)
                  c326c160    00000080     usb_c674x_omapl138_pe674.oe674 (.fardata:ti_sysbios_knl_Task_Module_State_0_readyQ__A)
                  c326c1e0    0000006c     fs_shell_app_utils.obj (.fardata:gFsShellAppUtilsCmdTable)
                  c326c24c    0000006c     usb_c674x_omapl138_pe674.oe674 (.fardata:ti_sysbios_family_c64p_Hwi_Module__state__V)
                  c326c2b8    00000060     usb_c674x_omapl138_pe674.oe674 (.fardata:ti_sysbios_timers_timer64_Timer_Module_State_0_device__A)
                  c326c318    0000005c     usb_c674x_omapl138_pe674.oe674 (.fardata:ti_sysbios_knl_Task_Object__table__V)
                  c326c374    00000004     rts6740_elf.lib : _lock.c.obj (.fardata:_lock)
                  c326c378    00000050     ti.fs.fatfs.ae674 : diskio.oe674 (.fardata:drive_fxn_table$0)
                  c326c3c8    00000050     usb_c674x_omapl138_pe674.oe674 (.fardata:ti_sysbios_timers_timer64_Timer_Object__table__V)
                  c326c418    00000048     ti.drv.usb.ae674 : usbdaudio.oe674 (.fardata:g_sAudioDeviceInfo)
                  c326c460    00000048                      : usbdbulk.oe674 (.fardata:g_sBulkDeviceInfo)
                  c326c4a8    00000048                      : usbdmsc.oe674 (.fardata:g_sMSCDeviceInfo)
                  c326c4f0    00000048     usb_c674x_omapl138_pe674.oe674 (.fardata:ti_sysbios_knl_Task_Module__state__V)
                  c326c538    00000040     usb_c674x_omapl138_pe674.oe674 (.fardata:ti_sysbios_gates_GateMutex_Object__table__V)
                  c326c578    00000030     ti.osal.ae674 : Utils_tirtos.oe674 (.fardata:gOsal_HwAttrs)
                  c326c5a8    00000030     usb_c674x_omapl138_pe674.oe674 (.fardata:ti_sysbios_family_c64p_Exception_Module__state__V)
                  c326c5d8    00000030     usb_c674x_omapl138_pe674.oe674 (.fardata:ti_sysbios_knl_Swi_Object__table__V)
                  c326c608    0000002c     usb_c674x_omapl138_pe674.oe674 (.fardata:ti_sysbios_knl_Clock_Module__state__V)
                  c326c634    00000024     usb_c674x_omapl138_pe674.oe674 (.fardata:ti_sysbios_BIOS_Module__state__V)
                  c326c658    00000020     ti.drv.usb.ae674 : usb_musb.oe674 (.fardata:epInfo)
                  c326c678    00000020     usb_c674x_omapl138_pe674.oe674 (.fardata:ti_sysbios_timers_timer64_Timer_Module_State_0_gctrl__A)
                  c326c698    00000020     usb_c674x_omapl138_pe674.oe674 (.fardata:ti_sysbios_timers_timer64_Timer_Module_State_0_handles__A)
                  c326c6b8    00000020     usb_c674x_omapl138_pe674.oe674 (.fardata:ti_sysbios_timers_timer64_Timer_Module_State_0_intFreqs__A)
                  c326c6d8    00000020     usb_c674x_omapl138_pe674.oe674 (.fardata:xdc_runtime_Error_IgnoreBlock)
                  c326c6f8    0000001c     usb_c674x_omapl138_pe674.oe674 (.fardata:ti_sysbios_knl_Swi_Module__state__V)
                  c326c714    00000018     host_msc_main.obj (.fardata:FATFS_drvFxnTable)
                  c326c72c    00000004     rts6740_elf.lib : _lock.c.obj (.fardata:_unlock)
                  c326c730    00000018     ti.drv.usb.ae674 : usbhenum_musb.oe674 (.fardata:g_sUSBHEP0State$0)
                  c326c748    00000018     usb_c674x_omapl138_pe674.oe674 (.fardata:ti_sysbios_family_c64p_Hwi_Object__table__V)
                  c326c760    00000018     usb_c674x_omapl138_pe674.oe674 (.fardata:ti_sysbios_heaps_HeapMem_Object__table__V)
                  c326c778    00000018     usb_c674x_omapl138_pe674.oe674 (.fardata:ti_sysbios_timers_timer64_Timer_Module__state__V)
                  c326c790    00000012     ti.drv.usb.ae674 : usbdaudio.oe674 (.fardata:g_pAudioDeviceDescriptor$0)
                  c326c7a2    00000002     usb_c674x_omapl138_pe674.oe674 (.fardata:xdc_runtime_Error_Module__state__V)
                  c326c7a4    00000004     rts6740_elf.lib : errno.c.obj (.fardata)
                  c326c7a8    00000012     ti.drv.usb.ae674 : usbdbulk.oe674 (.fardata:g_pBulkDeviceDescriptor)
                  c326c7ba    00000002     --HOLE--
                  c326c7bc    00000004     usb_c674x_omapl138_pe674.oe674 (.fardata:ti_sysbios_family_c64p_Cache_Module__state__V)
                  c326c7c0    00000010     host_msc_main.obj (.fardata:FATFS_initCfg)
                  c326c7d0    00000010     ti.drv.usb.ae674 : usbdaudio.oe674 (.fardata:g_psAudioSections)
                  c326c7e0    00000010     usb_c674x_omapl138_pe674.oe674 (.fardata:xdc_runtime_System_Module_State_0_atexitHandlers__A)
                  c326c7f0    0000000c     rts6740_elf.lib : exit.c.obj (.fardata)
                  c326c7fc    0000000c     usb_c674x_omapl138_pe674.oe674 (.fardata:xdc_runtime_SysMin_Module__state__V)
                  c326c808    00000009     ti.drv.usb.ae674 : usbdaudio.oe674 (.fardata:g_pAudioDescriptor$0)
                  c326c811    00000003     --HOLE--
                  c326c814    00000004     usb_c674x_omapl138_pe674.oe674 (.fardata:ti_sysbios_family_c64p_primus_TimerSupport_Module__state__V)
                  c326c818    00000009     ti.drv.usb.ae674 : usbdbulk.oe674 (.fardata:g_pBulkDescriptor)
                  c326c821    00000003     --HOLE--
                  c326c824    00000004     usb_c674x_omapl138_pe674.oe674 (.fardata:xdc_runtime_Memory_Module__state__V)
                  c326c828    00000009     ti.drv.usb.ae674 : usbdmsc.oe674 (.fardata:g_pMSCDescriptor$0)
                  c326c831    00000007     --HOLE--
                  c326c838    00000008     ti.fs.fatfs.ae674 : FATFS_drv.oe674 (.fardata:VolToPart)
                  c326c840    00000008     ti.drv.usb.ae674 : usbdaudio.oe674 (.fardata:g_pIADAudioDescriptor)
                  c326c848    00000008                      : usbdbulk.oe674 (.fardata:g_psBulkSections)
                  c326c850    00000008                      : usbdmsc.oe674 (.fardata:g_psMSCSections)
                  c326c858    00000008                      : usbdmsc.oe674 (.fardata:g_sMSCConfigHeader)
                  c326c860    00000008                      : usbdmsc.oe674 (.fardata:g_sMSCConfigSection)
                  c326c868    00000008                      : usbdmsc.oe674 (.fardata:g_sMSCInterfaceSection)
                  c326c870    00000008     usb_c674x_omapl138_pe674.oe674 (.fardata:ti_sysbios_family_c64p_Hwi_Module__root__V)
                  c326c878    00000008     usb_c674x_omapl138_pe674.oe674 (.fardata:ti_sysbios_family_c64p_primus_TimerSupport_Module_State_0_suspSrc__A)
                  c326c880    00000008     usb_c674x_omapl138_pe674.oe674 (.fardata:ti_sysbios_gates_GateHwi_Module__root__V)
                  c326c888    00000008     usb_c674x_omapl138_pe674.oe674 (.fardata:ti_sysbios_gates_GateMutex_Module__root__V)
                  c326c890    00000008     usb_c674x_omapl138_pe674.oe674 (.fardata:ti_sysbios_hal_Hwi_Module__root__V)
                  c326c898    00000008     usb_c674x_omapl138_pe674.oe674 (.fardata:ti_sysbios_hal_Hwi_Object__table__V)
                  c326c8a0    00000008     usb_c674x_omapl138_pe674.oe674 (.fardata:ti_sysbios_heaps_HeapMem_Module__root__V)
                  c326c8a8    00000008     usb_c674x_omapl138_pe674.oe674 (.fardata:ti_sysbios_knl_Queue_Module__root__V)
                  c326c8b0    00000008     usb_c674x_omapl138_pe674.oe674 (.fardata:ti_sysbios_knl_Semaphore_Module__root__V)
                  c326c8b8    00000008     usb_c674x_omapl138_pe674.oe674 (.fardata:ti_sysbios_knl_Task_Module__root__V)
                  c326c8c0    00000008     usb_c674x_omapl138_pe674.oe674 (.fardata:ti_sysbios_timers_timer64_Timer_Module__root__V)
                  c326c8c8    00000008     ti.drv.uart.ae674 : UART_stdio.oe674 (.fardata:uart_stdio)
                  c326c8d0    00000008     usb_c674x_omapl138_pe674.oe674 (.fardata:xdc_runtime_Registry_Module__state__V)
                  c326c8d8    00000008     usb_c674x_omapl138_pe674.oe674 (.fardata:xdc_runtime_Startup_Module__state__V)
                  c326c8e0    00000008     usb_c674x_omapl138_pe674.oe674 (.fardata:xdc_runtime_System_Module__state__V)
                  c326c8e8    00000004     ti.drv.usb.ae674 : usbdmsc.oe674 (.fardata:g_pMSCConfigDescriptors)
                  c326c8ec    00000004     --HOLE--
                  c326c8f0    00000004     usb_c674x_omapl138_pe674.oe674 (.fardata:ti_sysbios_gates_GateHwi_Object__table__V)
                  c326c8f4    00000004     --HOLE--
                  c326c8f8    00000004     usb_c674x_omapl138_pe674.oe674 (.fardata:ti_sysbios_knl_Task_Module_State_0_idleTask__A)

.text:_c_int00 
*          0    c3600000    000000c0     
                  c3600000    000000a0     boot.ae674 : boot.oe674 (.text:_c_int00)
                  c36000a0    00000010     usb_c674x_omapl138_pe674.oe674 ($Tramp$S$$xdc_runtime_Startup_reset__I)
                  c36000b0    00000010     --HOLE-- [fill = 00000000]

xdc.meta   0    c3200000    00000118     COPY SECTION
                  c3200000    00000118     usb_c674x_omapl138_pe674.oe674 (xdc.meta)

.text      0    c3001000    000247a0     
                  c3001000    00001fe0     rts6740_elf.lib : _printfi.c.obj (.text:__TI_printfi)
                  c3002fe0    00000ee0     fs_shell_app_utils.obj (.text)
                  c3003ec0    000009c0     ti.drv.usb.ae674 : usbhenum_musb.oe674 (.text:USBHCDMain)
                  c3004880    00000960                      : usbhenum_musb.oe674 (.text:USBHostIntHandlerInternal)
                  c30051e0    00000920     ti.fs.fatfs.ae674 : ff.oe674 (.text:find_volume$0)
                  c3005b00    000008a0     ti.drv.usb.ae674 : usbdmsc.oe674 (.text:USBDSCSICommand)
                  c30063a0    000008a0     ti.targets.rts6000.ae674 : System.oe674 (.text:xdc_runtime_System_doPrint__I)
                  c3006c40    00000780     sysbios.ae674 : BIOS.obj (.text:ti_sysbios_family_c64p_Exception_handler__I)
                  c30073c0    00000760     ti.fs.fatfs.ae674 : ff.oe674 (.text:follow_path$0)
                  c3007b20    00000740     sysbios.ae674 : BIOS.obj (.text:ti_sysbios_timers_timer64_Timer_Instance_init__E)
                  c3008260    000006c0     ti.fs.fatfs.ae674 : ff.oe674 (.text:dir_register$0)
                  c3008920    00000660     ti.drv.uart.ae674 : UART_stdio.oe674 (.text:UART_printf)
                  c3008f80    00000660     rts6740_elf.lib : _printfi.c.obj (.text:_pconv_a)
                  c30095e0    00000640     ti.drv.usb.ae674 : cppi41dma.oe674 (.text:Cppi41DmaInit)
                  c3009c20    00000600     rts6740_elf.lib : divd.c.obj (.text:__c6xabi_divd)
                  c300a220    000005e0     ti.drv.usb.ae674 : usbhenum_musb.oe674 (.text:USBHCDPipeRead)
                  c300a800    000005c0                      : usb_musb_dcd.oe674 (.text:usbMusbDcdDeviceConfig)
                  c300adc0    000005a0                      : usbhenum_musb.oe674 (.text:USBHCDConfigureEndpoints)
                  c300b360    000005a0                      : usbhenum_musb.oe674 (.text:USBHCDPipeWrite)
                  c300b900    00000560     ti.fs.fatfs.ae674 : ff.oe674 (.text:f_mkdir)
                  c300be60    00000520     ti.drv.usb.ae674 : cppi41dma.oe674 (.text:doDmaTxTransfer)
                  c300c380    00000500     ti.fs.fatfs.ae674 : ff.oe674 (.text:f_write)
                  c300c880    000004e0     ti.drv.usb.ae674 : usbdaudio.oe674 (.text:HandleRequests$0)
                  c300cd60    000004e0     host_msc_main.obj (.text)
                  c300d240    000004c0     ti.drv.usb.ae674 : usb_musb.oe674 (.text:USB_open_musb)
                  c300d700    000004a0     ti.fs.fatfs.ae674 : ff.oe674 (.text:f_read)
                  c300dba0    00000460     ti.drv.usb.ae674 : usb_musb_dcd.oe674 (.text:usbMusbDcdEp0EvntHandler)
                  c300e000    00000400                      : usbdmsc.oe674 (.text:HandleEndpoints$0)
                  c300e400    00000400     rts6740_elf.lib : _printfi.c.obj (.text:_pconv_g)
                  c300e800    000003e0     ti.fs.fatfs.ae674 : FATFS_drv.oe674 (.text:FATFS_open)
                  c300ebe0    000003e0     ti.drv.usb.ae674 : usb_dev_dman.oe674 (.text:USBDGetDescriptor$0)
                  c300efc0    000003e0     ti.fs.fatfs.ae674 : ff.oe674 (.text:f_open)
                  c300f3a0    000003c0     sysbios.ae674 : BIOS.obj (.text:ti_sysbios_knl_Semaphore_pend__E)
                  c300f760    000003a0     ti.fs.fatfs.ae674 : ff.oe674 (.text:dir_find$0)
                  c300fb00    000003a0                       : ff.oe674 (.text:dir_next$0)
                  c300fea0    000003a0     sysbios.ae674 : BIOS.obj (.text:ti_sysbios_timers_timer64_Timer_Module_startup__E)
                  c3010240    00000360     ti.drv.usb.ae674 : usbhmsc.oe674 (.text:USBHMSCDriveReady)
                  c30105a0    00000340     usb_c674x_omapl138_pe674.oe674 (.text:xdc_runtime_System_printfExtend__I)
                  c30108e0    00000320     sysbios.ae674 : BIOS.obj (.text:ti_sysbios_timers_timer64_Timer_deviceConfig__I)
                  c3010c00    000002e0     ti.fs.fatfs.ae674 : ff.oe674 (.text:dir_read$0)
                  c3010ee0    000002e0     sysbios.ae674 : BIOS.obj (.text:ti_sysbios_timers_timer64_Timer_setPeriodMicroSecs__E)
                  c30111c0    000002c0                   : BIOS.obj (.text:ti_sysbios_knl_Clock_workFunc__E)
                  c3011480    000002a0     rts6740_elf.lib : _printfi.c.obj (.text:_pconv_e)
                  c3011720    000002a0     ti.fs.fatfs.ae674 : ff.oe674 (.text:f_getfree)
                  c30119c0    000002a0     rts6740_elf.lib : _printfi.c.obj (.text:fcvt)
                  c3011c60    00000280     ti.fs.fatfs.ae674 : FATFS_drv.oe674 (.text:FATFS_readBootSector$0)
                  c3011ee0    00000280     ti.drv.usb.ae674 : usbhenum_musb.oe674 (.text:USBHCDControlTransfer)
                  c3012160    00000260                      : usb_musb_dcd.oe674 (.text:USBDConfigAlternate)
                  c30123c0    00000260     rts6740_elf.lib : imath64.c.obj (.text:__c6xabi_divull)
                  c3012620    00000260     ti.fs.fatfs.ae674 : ff.oe674 (.text:get_fileinfo$0)
                  c3012880    00000260                       : ff.oe674 (.text:put_fat$0)
                  c3012ae0    00000260     sysbios.ae674 : BIOS.obj (.text:ti_sysbios_family_c64p_Hwi_dispatchCore__I)
                  c3012d40    00000260     ti.drv.usb.ae674 : usb_musb_dcd.oe674 (.text:usbMusbDcdCoreIntrHandler)
                  c3012fa0    00000260     ti.targets.rts6000.ae674 : Startup.oe674 (.text:xdc_runtime_Startup_startMods__I)
                  c3013200    00000240     ti.osal.ae674 : TimerP_tirtos.oe674 (.text:TimerP_create)
                  c3013440    00000240     sysbios.ae674 : BIOS.obj (.text:ti_sysbios_family_c64p_Exception_internalHandler__I)
                  c3013680    00000240     ti.targets.rts6000.ae674 : Core-mem.oe674 (.text:xdc_runtime_Core_createObject__I)
                  c30138c0    00000220     ti.fs.fatfs.ae674 : ff.oe674 (.text:sync_fs$0)
                  c3013ae0    00000220     sysbios.ae674 : BIOS.obj (.text:ti_sysbios_family_c64p_Hwi_reconfig__E)
                  c3013d00    00000220                   : BIOS.obj (.text:ti_sysbios_knl_Swi_run__I)
                  c3013f20    00000200     ti.osal.ae674 : SemaphoreP_tirtos.oe674 (.text:SemaphoreP_create)
                  c3014120    00000200     ti.drv.usb.ae674 : usbhenum_musb.oe674 (.text:USBHCDInitInternal$0)
                  c3014320    00000200                      : usbhenum_musb.oe674 (.text:USBHCDPipeFree)
                  c3014520    00000200     rts6740_elf.lib : _printfi.c.obj (.text:_ltostr)
                  c3014720    00000200     sysbios.ae674 : c64p_Hwi_disp_always.obj (.text:_ti_sysbios_family_c64p_Hwi_dispatchAlways)
                  c3014920    00000200     ti.fs.fatfs.ae674 : ff.oe674 (.text:create_chain$0)
                  c3014b20    00000200                       : ff.oe674 (.text:get_fat$0)
                  c3014d20    00000200     ti.targets.rts6000.ae674 : Error.oe674 (.text:xdc_runtime_Error_policyDefault__E)
                  c3014f20    000001e0     ti.drv.usb.ae674 : cppi41dma.oe674 (.text:Cppi41DmaTxChTeardown)
                  c3015100    000001e0     ti.osal.ae674 : HwiP_tirtos.oe674 (.text:HwiP_create)
                  c30152e0    000001e0     ti.drv.uart.ae674 : UART_stdio.oe674 (.text:UART_convertVal$0)
                  c30154c0    000001e0     ti.drv.usb.ae674 : usbhenum_musb.oe674 (.text:USBHCDPipeConfig)
                  c30156a0    000001e0                      : usb_musb_dcd.oe674 (.text:USBMusbDcdConfigDevChara)
                  c3015880    000001e0     sysbios.ae674 : BIOS.obj (.text:ti_sysbios_family_c64p_Cache_block__I)
                  c3015a60    000001e0     ti.targets.rts6000.ae674 : Text.oe674 (.text:xdc_runtime_Text_putSite__E)
                  c3015c40    000001c0     ti.drv.usb.ae674 : cppi41dma.oe674 (.text:Cppi41DmaRxChTeardown)
                  c3015e00    000001c0     rts6740_elf.lib : imath40.c.obj (.text:__c6xabi_divul)
                  c3015fc0    000001c0                     : frexp.c.obj (.text:frexp)
                  c3016180    000001c0                     : s_scalbn.c.obj (.text:scalbn)
                  c3016340    000001c0     sysbios.ae674 : BIOS.obj (.text:ti_sysbios_heaps_HeapMem_alloc__E)
                  c3016500    000001c0                   : BIOS.obj (.text:ti_sysbios_knl_Task_Instance_finalize__E)
                  c30166c0    000001c0                   : BIOS.obj (.text:ti_sysbios_knl_Task_Instance_init__E)
                  c3016880    000001c0                   : BIOS.obj (.text:ti_sysbios_knl_Task_checkStacks__E)
                  c3016a40    000001c0     timer.obj (.text)
                  c3016c00    000001c0     ti.drv.usb.ae674 : usb_musb_dcd.oe674 (.text:usbMusbDcdSetInterface)
                  c3016dc0    000001c0     usb_osal.obj (.text)
                  c3016f80    000001a0     ti.drv.usb.ae674 : usbhscsi.oe674 (.text:USBHSCSITestUnitReady)
                  c3017120    000001a0     ti.fs.fatfs.ae674 : ff.oe674 (.text:dir_sdi$0)
                  c30172c0    000001a0                       : ff.oe674 (.text:f_sync)
                  c3017460    000001a0                       : ff.oe674 (.text:f_unlink)
                  c3017600    000001a0     fatfs_port_usbmsc.obj (.text)
                  c30177a0    000001a0     sysbios.ae674 : BIOS.obj (.text:ti_sysbios_family_c64p_Cache_getL2InitSize__I)
                  c3017940    000001a0                   : BIOS.obj (.text:ti_sysbios_knl_Task_schedule__I)
                  c3017ae0    000001a0                   : BIOS.obj (.text:ti_sysbios_timers_timer64_Timer_start__E)
                  c3017c80    000001a0     ti.drv.usb.ae674 : usb_wrapper.oe674 (.text:usbMusbDcdEpEvntHandler)
                  c3017e20    000001a0     ti.targets.rts6000.ae674 : Core-smem.oe674 (.text:xdc_runtime_Core_constructObject__I)
                  c3017fc0    00000180     ti.drv.usb.ae674 : cppi41dma.oe674 (.text:Cppi41DmaProcessBD$0)
                  c3018140    00000180                      : usbdaudio.oe674 (.text:HandleEndpoints$0)
                  c30182c0    00000180                      : usbdmsc.oe674 (.text:USBDMSCCompositeInit)
                  c3018440    00000180                      : usbhscsi.oe674 (.text:USBHSCSISendCommand$0)
                  c30185c0    00000180                      : usb_musb_dcd.oe674 (.text:USBMusbDcdEp0Req)
                  c3018740    00000180     sysbios.ae674 : c64p_Exception_asm.obj (.text)
                  c30188c0    00000180                   : BIOS.obj (.text:ti_sysbios_knl_Semaphore_post__E)
                  c3018a40    00000180                   : BIOS.obj (.text:ti_sysbios_knl_Task_startCore__E)
                  c3018bc0    00000160     ti.fs.fatfs.ae674 : FATFS_drv.oe674 (.text:FATFS_close)
                  c3018d20    00000160     ti.osal.ae674 : RegisterIntr_tirtos.oe674 (.text:Osal_RegisterInterrupt)
                  c3018e80    00000160     ti.drv.usb.ae674 : usbdaudio.oe674 (.text:USBDAudioInit)
                  c3018fe0    00000160                      : usbhenum_musb.oe674 (.text:USBHCDClearFeature$0)
                  c3019140    00000160                      : usbhenum_musb.oe674 (.text:USBHCDDeviceDisconnected$0)
                  c30192a0    00000160                      : usbhenum_musb.oe674 (.text:USBHCDInit)
                  c3019400    00000160                      : cppi41dma.oe674 (.text:dmaTxCompletion)
                  c3019560    00000160     ti.fs.fatfs.ae674 : ff.oe674 (.text:f_mount)
                  c30196c0    00000160     sysbios.ae674 : BIOS.obj (.text:ti_sysbios_heaps_HeapMem_free__E)
                  c3019820    00000160                   : BIOS.obj (.text:ti_sysbios_knl_Swi_post__E)
                  c3019980    00000160     ti.targets.rts6000.ae674 : Text.oe674 (.text:xdc_runtime_Text_putMod__E)
                  c3019ae0    00000140     ti.drv.usb.ae674 : usbhenum_musb.oe674 (.text:USBHostCheckPipes)
                  c3019c20    00000140                      : musb.oe674 (.text:USBHostEndpointConfig)
                  c3019d60    00000140     sysbios.ae674 : BIOS.obj (.text:ti_sysbios_family_c64p_Cache_Module_startup__E)
                  c3019ea0    00000140                   : BIOS.obj (.text:ti_sysbios_family_c64p_Cache_getL1DInitSize__I)
                  c3019fe0    00000140                   : BIOS.obj (.text:ti_sysbios_family_c64p_Cache_getL1PInitSize__I)
                  c301a120    00000140                   : BIOS.obj (.text:ti_sysbios_knl_Task_blockI__E)
                  c301a260    00000140                   : BIOS.obj (.text:ti_sysbios_knl_Task_postInit__I)
                  c301a3a0    00000140     ti.targets.rts6000.ae674 : Core-mem.oe674 (.text:xdc_runtime_Core_deleteObject__I)
                  c301a4e0    00000140                              : Text.oe674 (.text:xdc_runtime_Text_putLab__E)
                  c301a620    00000120     ti.fs.fatfs.ae674 : FATFS_drv.oe674 (.text:FATFS_diskInitialize$0)
                  c301a740    00000120     ti.drv.usb.ae674 : usbdbulk.oe674 (.text:USBDBulkInit)
                  c301a860    00000120                      : usbdcdesc.oe674 (.text:USBDCDConfigGetInterface)
                  c301a980    00000120                      : usb_desc.oe674 (.text:USBDescGetInterface)
                  c301aaa0    00000120                      : musb.oe674 (.text:USBDevEndpointConfigGet)
                  c301abc0    00000120                      : usb_musb_dcd.oe674 (.text:USBMusbDcdEpReq)
                  c301ace0    00000120     boot.ae674 : autoinit.oe674 (.text:_auto_init_elf)
                  c301ae00    00000120     rts6740_elf.lib : _printfi.c.obj (.text:_pconv_f)
                  c301af20    00000120     ti.fs.fatfs.ae674 : ff.oe674 (.text:f_opendir)
                  c301b040    00000120                       : ff.oe674 (.text:remove_chain$0)
                  c301b160    00000120     usb_c674x_omapl138_pe674.oe674 (.text:ti_sysbios_BIOS_rtsUnlock__I)
                  c301b280    00000120     sysbios.ae674 : BIOS.obj (.text:ti_sysbios_family_c64p_Hwi_Instance_init__E)
                  c301b3a0    00000120                   : BIOS.obj (.text:ti_sysbios_family_c64p_Hwi_Module_startup__E)
                  c301b4c0    00000120                   : BIOS.obj (.text:ti_sysbios_knl_Swi_restoreHwi__E)
                  c301b5e0    00000120                   : BIOS.obj (.text:ti_sysbios_knl_Task_exit__E)
                  c301b700    00000120                   : BIOS.obj (.text:ti_sysbios_knl_Task_unblockI__E)
                  c301b820    00000100     ti.drv.usb.ae674 : cppi41dma.oe674 (.text:Cppi41DmaRecoverBD$0)
                  c301b920    00000100                      : usbdaudio.oe674 (.text:DataReceived$0)
                  c301ba20    00000100     ti.osal.ae674 : EventCombinerP_tirtos.oe674 (.text:EventCombinerP_GroupRegisterInt)
                  c301bb20    00000100     ti.drv.usb.ae674 : usbdbulk.oe674 (.text:HandleEndpoints$0)
                  c301bc20    00000100                      : usbdaudio.oe674 (.text:InterfaceChange$0)
                  c301bd20    00000100                      : usbdcdesc.oe674 (.text:USBDCDConfigGetInterfaceEndpoint)
                  c301be20    00000100                      : usb_dev_dman.oe674 (.text:USBDInitCoreObject)
                  c301bf20    00000100                      : usb_dev_dman.oe674 (.text:USBDSetConfiguration$0)
                  c301c020    00000100                      : usb_dev_dman.oe674 (.text:USBDeviceInit)
                  c301c120    00000100                      : usb_musb.oe674 (.text:USB_irqConfig_musb)
                  c301c220    00000100     rts6740_elf.lib : copy_decompress_rle.c.obj (.text:__TI_decompress_rle_core)
                  c301c320    00000100                     : _printfi.c.obj (.text:_mcpy)
                  c301c420    00000100                     : atoi.c.obj (.text:atoi)
                  c301c520    00000100     ti.fs.fatfs.ae674 : ff.oe674 (.text:check_fs$0)
                  c301c620    00000100     sysbios.ae674 : BIOS.obj (.text:ti_sysbios_family_c64p_Hwi_Instance_finalize__E)
                  c301c720    00000100                   : BIOS.obj (.text:ti_sysbios_timers_timer64_Timer_initDevice__I)
                  c301c820    00000100     ti.targets.rts6000.ae674 : Memory.oe674 (.text:xdc_runtime_Memory_alloc__E)
                  c301c920    00000100                              : Startup.oe674 (.text:xdc_runtime_Startup_exec__E)
                  c301ca20    000000e0     rts6740_elf.lib : hostwrite.c.obj (.text:HOSTwrite)
                  c301cb00    000000e0     ti.drv.uart.ae674 : UART_stdio.oe674 (.text:UART_puts)
                  c301cbe0    000000e0     ti.drv.usb.ae674 : usbdcdesc.oe674 (.text:USBDCDConfigDescGet)
                  c301ccc0    000000e0                      : usb_dcd_interface.oe674 (.text:USBDcdIntfRegisterDcd)
                  c301cda0    000000e0                      : usb_dev_dman.oe674 (.text:USBDevEndpt0Handler)
                  c301ce80    000000e0                      : usbhenum_musb.oe674 (.text:USBHCDGetDeviceDescriptor$0)
                  c301cf60    000000e0                      : usbhenum_musb.oe674 (.text:USBHCDRxAbort$0)
                  c301d040    000000e0                      : usbhenum_musb.oe674 (.text:USBHCDTerm)
                  c301d120    000000e0     rts6740_elf.lib : exit.c.obj (.text:exit)
                  c301d200    000000e0     ti.fs.fatfs.ae674 : ff.oe674 (.text:f_readdir)
                  c301d2e0    000000e0     rts6740_elf.lib : ltoa.c.obj (.text:ltoa)
                  c301d3c0    000000e0                     : memset.c.obj (.text:memset)
                  c301d4a0    000000e0     ti.fs.fatfs.ae674 : ff.oe674 (.text:sync_window$0)
                  c301d580    000000e0     sysbios.ae674 : BIOS.obj (.text:ti_sysbios_family_c64p_EventCombiner_dispatch__E)
                  c301d660    000000e0                   : BIOS.obj (.text:ti_sysbios_knl_Swi_runLoop__I)
                  c301d740    000000e0                   : BIOS.obj (.text:ti_sysbios_knl_Task_Module_startup__E)
                  c301d820    000000e0                   : BIOS.obj (.text:ti_sysbios_timers_timer64_Timer_startup__E)
                  c301d900    000000c0     ti.drv.usb.ae674 : usb_wrapper.oe674 (.text:DMAQueuePendHandler)
                  c301d9c0    000000c0                      : usbdbulk.oe674 (.text:HandleDisconnect$0)
                  c301da80    000000c0                      : usbhenum_musb.oe674 (.text:SendUnknownConnect$0)
                  c301db40    000000c0                      : usb_dev_dman.oe674 (.text:USBDSetAddress$0)
                  c301dc00    000000c0                      : musb.oe674 (.text:USBDevEndpointConfigSet)
                  c301dcc0    000000c0                      : musb.oe674 (.text:USBDevEndpointStatusClear)
                  c301dd80    000000c0                      : usbhenum_musb.oe674 (.text:USBHCDTxAbort$0)
                  c301de40    000000c0                      : usbhmsc.oe674 (.text:USBHMSCClose$0)
                  c301df00    000000c0                      : usbhscsi.oe674 (.text:USBHSCSIRead10)
                  c301dfc0    000000c0                      : usbhscsi.oe674 (.text:USBHSCSIWrite10)
                  c301e080    000000c0     rts6740_elf.lib : divu.asm.obj (.text:__divu)
                  c301e140    000000c0     ti.drv.usb.ae674 : cppi41dma.oe674 (.text:cppiDmaAllocnBuffer)
                  c301e200    000000c0                      : cppi41dma.oe674 (.text:cppiDmaFreenBuffer)
                  c301e2c0    000000c0     ti.fs.fatfs.ae674 : ff.oe674 (.text:dir_remove$0)
                  c301e380    000000c0     ti.drv.usb.ae674 : cppi41dma.oe674 (.text:dmaRxCompletion)
                  c301e440    000000c0                      : cppi41dma.oe674 (.text:doDmaRxTransfer)
                  c301e500    000000c0     sysbios.ae674 : BIOS.obj (.text:ti_sysbios_heaps_HeapMem_getStats__E)
                  c301e5c0    000000c0                   : BIOS.obj (.text:ti_sysbios_knl_Clock_logTick__E)
                  c301e680    000000c0                   : BIOS.obj (.text:ti_sysbios_knl_Swi_schedule__I)
                  c301e740    000000c0                   : BIOS.obj (.text:ti_sysbios_knl_Task_allBlockedFunction__I)
                  c301e800    000000c0                   : BIOS.obj (.text:ti_sysbios_timers_timer64_Timer_Instance_finalize__E)
                  c301e8c0    000000c0     rts6740_elf.lib : tls.c.obj (.text:tls:init:__TI_tls_init)
                  c301e980    000000c0     ti.drv.usb.ae674 : usb_dev_dman.oe674 (.text:usbEp0reqComplete)
                  c301ea40    000000c0                      : usb_dev_dman.oe674 (.text:usbSetupEpReq)
                  c301eb00    000000c0     ti.targets.rts6000.ae674 : Assert.oe674 (.text:xdc_runtime_Assert_raise__I)
                  c301ebc0    000000c0                              : Error.oe674 (.text:xdc_runtime_Error_setX__E)
                  c301ec80    000000c0                              : SysMin.oe674 (.text:xdc_runtime_SysMin_abort__E)
                  c301ed40    000000c0                              : SysMin.oe674 (.text:xdc_runtime_SysMin_flush__E)
                  c301ee00    000000a0     ti.fs.fatfs.ae674 : FATFS_drv.oe674 (.text:FATFS_init)
                  c301eea0    000000a0     ti.drv.usb.ae674 : usbdaudio.oe674 (.text:HandleDevice$0)
                  c301ef40    000000a0                      : usbdmsc.oe674 (.text:HandleDisconnect$0)
                  c301efe0    000000a0                      : usbtick.oe674 (.text:InternalUSBStartOfFrameTick)
                  c301f080    000000a0     ti.drv.uart.ae674 : UART_stdio.oe674 (.text:UART_gets)
                  c301f120    000000a0     ti.drv.usb.ae674 : usb_dev_dman.oe674 (.text:USBDGetStatus$0)
                  c301f1c0    000000a0                      : usb_dev_dman.oe674 (.text:USBDSetInterface$0)
                  c301f260    000000a0                      : usb_desc.oe674 (.text:USBDescGetInterfaceEndpoint)
                  c301f300    000000a0                      : musb.oe674 (.text:USBEndpointDataGet)
                  c301f3a0    000000a0                      : usbhmsc.oe674 (.text:USBHMSCOpen$0)
                  c301f440    000000a0                      : usb_musb_dcd.oe674 (.text:USBMusbDcdInit)
                  c301f4e0    000000a0     rts6740_elf.lib : remu.asm.obj (.text:__remu)
                  c301f580    000000a0                     : _printfi.c.obj (.text:_ecpy)
                  c301f620    000000a0     sysbios.ae674 : c64p_Hwi_asm.obj (.text:_ti_sysbios_family_c64p_Hwi_plug__E)
                  c301f6c0    000000a0     ti.drv.usb.ae674 : cppi41dma.oe674 (.text:disableCoreTxDMA)
                  c301f760    000000a0                      : cppi41dma.oe674 (.text:enableCoreRxDMA)
                  c301f800    000000a0                      : cppi41dma.oe674 (.text:enableCoreTxDMA)
                  c301f8a0    000000a0     rts6740_elf.lib : memcpy64.asm.obj (.text:memcpy)
                  c301f940    000000a0     ti.fs.fatfs.ae674 : ff.oe674 (.text:move_window$0)
                  c301f9e0    000000a0     sysbios.ae674 : BIOS.obj (.text:ti_sysbios_family_c64p_Exception_Module_startup__E)
                  c301fa80    000000a0     usb_c674x_omapl138_pe674.oe674 (.text:ti_sysbios_family_c64p_Hwi_construct)
                  c301fb20    000000a0     usb_c674x_omapl138_pe674.oe674 (.text:ti_sysbios_family_c64p_Hwi_create)
                  c301fbc0    000000a0     sysbios.ae674 : BIOS.obj (.text:ti_sysbios_family_c64p_Hwi_eventMap__E)
                  c301fc60    000000a0                   : BIOS.obj (.text:ti_sysbios_family_c64p_Hwi_getStackInfo__E)
                  c301fd00    000000a0                   : BIOS.obj (.text:ti_sysbios_gates_GateMutex_enter__E)
                  c301fda0    000000a0     usb_c674x_omapl138_pe674.oe674 (.text:ti_sysbios_hal_Hwi_create)
                  c301fe40    000000a0     usb_c674x_omapl138_pe674.oe674 (.text:ti_sysbios_knl_Task_create)
                  c301fee0    000000a0     usb_c674x_omapl138_pe674.oe674 (.text:ti_sysbios_timers_timer64_Timer_construct)
                  c301ff80    000000a0     sysbios.ae674 : BIOS.obj (.text:ti_sysbios_timers_timer64_Timer_stop__E)
                  c3020020    000000a0     ti.fs.fatfs.ae674 : ff.oe674 (.text:validate$0)
                  c30200c0    000000a0     ti.targets.rts6000.ae674 : Core-params.oe674 (.text:xdc_runtime_Core_assignParams__I)
                  c3020160    000000a0                              : SysMin.oe674 (.text:xdc_runtime_SysMin_putch__E)
                  c3020200    000000a0                              : System.oe674 (.text:xdc_runtime_System_formatNum__I)
                  c30202a0    000000a0                              : System.oe674 (.text:xdc_runtime_System_putchar__I)
                  c3020340    000000a0                              : Text.oe674 (.text:xdc_runtime_Text_printVisFxn__I)
                  c30203e0    000000a0                              : Text.oe674 (.text:xdc_runtime_Text_xprintf__I)
                  c3020480    00000080     ti.osal.ae674 : EventCombinerP_tirtos.oe674 (.text:EventCombinerP_getHwi)
                  c3020500    00000080     ti.fs.fatfs.ae674 : FATFS_drv.oe674 (.text:FATFS_diskWrite$0)
                  c3020580    00000080     ti.drv.usb.ae674 : usbdbulk.oe674 (.text:HandleConfigChange$0)
                  c3020600    00000080                      : usbdmsc.oe674 (.text:HandleRequests$0)
                  c3020680    00000080     ti.osal.ae674 : TimerP_tirtos.oe674 (.text:TimerP_Params_init)
                  c3020700    00000080                   : TimerP_tirtos.oe674 (.text:TimerP_setPeriodMicroSecs)
                  c3020780    00000080     ti.drv.usb.ae674 : usbdcdesc.oe674 (.text:USBDCDConfigDescGetNum)
                  c3020800    00000080                      : usb_desc.oe674 (.text:USBDescGet)
                  c3020880    00000080                      : usb_desc.oe674 (.text:USBDescGetNum)
                  c3020900    00000080                      : musb.oe674 (.text:USBFIFOConfigSet)
                  c3020980    00000080                      : musb.oe674 (.text:USBFIFOFlush)
                  c3020a00    00000080                      : usbhmsc.oe674 (.text:USBHMSCBlockRead)
                  c3020a80    00000080                      : usbhmsc.oe674 (.text:USBHMSCBlockWrite)
                  c3020b00    00000080                      : usbhscsi.oe674 (.text:USBHSCSIInquiry)
                  c3020b80    00000080                      : usbhscsi.oe674 (.text:USBHSCSIReadCapacity)
                  c3020c00    00000080                      : usbhscsi.oe674 (.text:USBHSCSIRequestSense)
                  c3020c80    00000080                      : usb_wrapper.oe674 (.text:USBInitMUSBDevCfg)
                  c3020d00    00000080                      : musb.oe674 (.text:USBRxChAbort)
                  c3020d80    00000080                      : usb_wrapper.oe674 (.text:UsbPhyOn)
                  c3020e00    00000080     rts6740_elf.lib : trgmsg.c.obj (.text:__TI_readmsg)
                  c3020e80    00000080                     : llshift.c.obj (.text:__c6xabi_llshl)
                  c3020f00    00000080                     : snprintf.c.obj (.text:_outs)
                  c3020f80    00000080     sysbios.ae674 : c62_TaskSupport_asm.obj (.text:_ti_sysbios_family_c62_TaskSupport_swap__E)
                  c3021000    00000080     ti.drv.usb.ae674 : cppi41dma.oe674 (.text:cppiDmaAllocBuffer)
                  c3021080    00000080                      : cppi41dma.oe674 (.text:disableCoreRxDMA)
                  c3021100    00000080     rts6740_elf.lib : snprintf.c.obj (.text:snprintf)
                  c3021180    00000080                     : strcat.c.obj (.text:strcat)
                  c3021200    00000080                     : strncpy.c.obj (.text:strncpy)
                  c3021280    00000080     sysbios.ae674 : BIOS.obj (.text:ti_sysbios_family_c64p_Cache_invL1pAll__E)
                  c3021300    00000080                   : BIOS.obj (.text:ti_sysbios_family_c64p_Cache_wait__E)
                  c3021380    00000080                   : BIOS.obj (.text:ti_sysbios_hal_Hwi_checkStack)
                  c3021400    00000080                   : BIOS.obj (.text:ti_sysbios_hal_Hwi_initStack)
                  c3021480    00000080                   : BIOS.obj (.text:ti_sysbios_heaps_HeapMem_Instance_init__E)
                  c3021500    00000080                   : BIOS.obj (.text:ti_sysbios_heaps_HeapMem_init__I)
                  c3021580    00000080                   : BIOS.obj (.text:ti_sysbios_knl_Idle_run__E)
                  c3021600    00000080                   : BIOS.obj (.text:ti_sysbios_knl_Semaphore_pendTimeout__I)
                  c3021680    00000080                   : BIOS.obj (.text:ti_sysbios_knl_Swi_startup__E)
                  c3021700    00000080                   : BIOS.obj (.text:ti_sysbios_knl_Task_processVitalTaskFlag__I)
                  c3021780    00000080                   : BIOS.obj (.text:ti_sysbios_knl_Task_restoreHwi__E)
                  c3021800    00000080                   : BIOS.obj (.text:ti_sysbios_knl_Task_restore__E)
                  c3021880    00000080     ti.targets.rts6000.ae674 : Core-label.oe674 (.text:xdc_runtime_Core_assignLabel__I)
                  c3021900    00000080                              : System.oe674 (.text:xdc_runtime_System_atexit__E)
                  c3021980    00000080                              : System.oe674 (.text:xdc_runtime_System_processAtExit__E)
                  c3021a00    00000080                              : System.oe674 (.text:xdc_runtime_System_vprintf__E)
                  c3021a80    00000060     ti.drv.usb.ae674 : cppi41dma.oe674 (.text:Cppi41DmaInitTddPool)
                  c3021ae0    00000060                      : cppi41dma.oe674 (.text:CppiDmaGetINTD0Status)
                  c3021b40    00000060     ti.fs.fatfs.ae674 : FATFS_drv.oe674 (.text:FATFS_diskRead$0)
                  c3021ba0    00000060     ti.drv.usb.ae674 : usbdbulk.oe674 (.text:HandleDevice$0)
                  c3021c00    00000060     ti.osal.ae674 : Utils_tirtos.oe674 (.text:Osal_getHwAttrs)
                  c3021c60    00000060                   : Utils_tirtos.oe674 (.text:Osal_getThreadType)
                  c3021cc0    00000060                   : SemaphoreP_tirtos.oe674 (.text:SemaphoreP_pend)
                  c3021d20    00000060                   : TimerP_tirtos.oe674 (.text:TimerP_start)
                  c3021d80    00000060                   : TimerP_tirtos.oe674 (.text:TimerP_stop)
                  c3021de0    00000060     ti.drv.usb.ae674 : usbdmsc.oe674 (.text:USBDSCSISendStatus$0)
                  c3021e40    00000060                      : musb.oe674 (.text:USBDevEndpointStall)
                  c3021ea0    00000060                      : musb.oe674 (.text:USBEndpointDataPut)
                  c3021f00    00000060                      : musb.oe674 (.text:USBHostEndpointStatusClear)
                  c3021f60    00000060                      : musb.oe674 (.text:USBHostSpeedGet)
                  c3021fc0    00000060                      : musb.oe674 (.text:USBHostTxFifoFlush)
                  c3022020    00000060                      : musb.oe674 (.text:USBReset)
                  c3022080    00000060                      : usb_musb.oe674 (.text:USB_irqCore_musb)
                  c30220e0    00000060                      : usb_musb.oe674 (.text:USB_irqMisc_musb)
                  c3022140    00000060     rts6740_elf.lib : trgmsg.c.obj (.text:__TI_writemsg)
                  c30221a0    00000060                     : llshift.c.obj (.text:__c6xabi_llshru)
                  c3022200    00000060                     : imath64.c.obj (.text:_subcull)
                  c3022260    00000060     sysbios.ae674 : c64p_Hwi_asm_switch.obj (.text:_ti_sysbios_family_c64p_Hwi_switchAndDispatch__I)
                  c30222c0    00000060                   : c64p_Hwi_asm_switch.obj (.text:_ti_sysbios_family_xxx_Hwi_switchAndRunFunc)
                  c3022320    00000060     ti.drv.usb.ae674 : cppi41dma.oe674 (.text:cppiDmaFreeBuffer)
                  c3022380    00000060     ti.fs.fatfs.ae674 : diskio.oe674 (.text:disk_initialize)
                  c30223e0    00000060                       : diskio.oe674 (.text:disk_ioctl)
                  c3022440    00000060                       : diskio.oe674 (.text:disk_read)
                  c30224a0    00000060                       : diskio.oe674 (.text:disk_status)
                  c3022500    00000060                       : diskio.oe674 (.text:disk_write)
                  c3022560    00000060                       : ff.oe674 (.text:f_close)
                  c30225c0    00000060     rts6740_elf.lib : memccpy.c.obj (.text:memccpy)
                  c3022620    00000060                     : strcmp.c.obj (.text:strcmp)
                  c3022680    00000060                     : strcpy.c.obj (.text:strcpy)
                  c30226e0    00000060                     : strcspn.c.obj (.text:strcspn)
                  c3022740    00000060     usb_c674x_omapl138_pe674.oe674 (.text:ti_sysbios_BIOS_atExitFunc__I)
                  c30227a0    00000060     usb_c674x_omapl138_pe674.oe674 (.text:ti_sysbios_BIOS_rtsLock__I)
                  c3022800    00000060     sysbios.ae674 : BIOS.obj (.text:ti_sysbios_family_c62_TaskSupport_start__E)
                  c3022860    00000060                   : BIOS.obj (.text:ti_sysbios_family_c64p_Cache_marInit__I)
                  c30228c0    00000060                   : BIOS.obj (.text:ti_sysbios_family_c64p_Cache_setMar__E)
                  c3022920    00000060                   : BIOS.obj (.text:ti_sysbios_family_c64p_EventCombiner_Module_startup__E)
                  c3022980    00000060                   : BIOS.obj (.text:ti_sysbios_family_c64p_EventCombiner_enableEvent__E)
                  c30229e0    00000060                   : BIOS.obj (.text:ti_sysbios_family_c64p_EventCombiner_unused__E)
                  c3022a40    00000060     usb_c674x_omapl138_pe674.oe674 (.text:ti_sysbios_gates_GateHwi_Object__create__S)
                  c3022aa0    00000060     usb_c674x_omapl138_pe674.oe674 (.text:ti_sysbios_gates_GateMutex_Object__create__S)
                  c3022b00    00000060     usb_c674x_omapl138_pe674.oe674 (.text:ti_sysbios_heaps_HeapMem_Object__create__S)
                  c3022b60    00000060     usb_c674x_omapl138_pe674.oe674 (.text:ti_sysbios_heaps_HeapMem_Object__get__S)
                  c3022bc0    00000060     sysbios.ae674 : BIOS.obj (.text:ti_sysbios_knl_Clock_Module_startup__E)
                  c3022c20    00000060     usb_c674x_omapl138_pe674.oe674 (.text:ti_sysbios_knl_Clock_doTick__I)
                  c3022c80    00000060     usb_c674x_omapl138_pe674.oe674 (.text:ti_sysbios_knl_Queue_construct)
                  c3022ce0    00000060     sysbios.ae674 : BIOS.obj (.text:ti_sysbios_knl_Semaphore_Instance_init__E)
                  c3022d40    00000060     usb_c674x_omapl138_pe674.oe674 (.text:ti_sysbios_knl_Semaphore_construct)
                  c3022da0    00000060     sysbios.ae674 : BIOS.obj (.text:ti_sysbios_knl_Swi_Module_startup__E)
                  c3022e00    00000060     usb_c674x_omapl138_pe674.oe674 (.text:ti_sysbios_knl_Task_Object__get__S)
                  c3022e60    00000060     sysbios.ae674 : BIOS.obj (.text:ti_sysbios_knl_Task_enter__I)
                  c3022ec0    00000060     ti.drv.uart.ae674 : UART_stdio.oe674 (.text:uart_console_putc$0)
                  c3022f20    00000060     ti.drv.usb.ae674 : usb_wrapper.oe674 (.text:usbHostIntrHandler)
                  c3022f80    00000060     ti.targets.rts6000.ae674 : Memory.oe674 (.text:xdc_runtime_Memory_valloc__E)
                  c3022fe0    00000060     usb_c674x_omapl138_pe674.oe674 (.text:xdc_runtime_SysMin_output__I)
                  c3023040    00000060     ti.targets.rts6000.ae674 : Text.oe674 (.text:xdc_runtime_Text_cordText__E)
                  c30230a0    00000040     ti.drv.usb.ae674 : usbdaudio.oe674 (.text:ConfigChangeHandler$0)
                  c30230e0    00000040     ti.fs.fatfs.ae674 : FATFS_drv.oe674 (.text:FATFS_diskStatus$0)
                  c3023120    00000040     ti.drv.usb.ae674 : usbtick.oe674 (.text:InternalUSBTickInit)
                  c3023160    00000040     ti.osal.ae674 : RegisterIntr_tirtos.oe674 (.text:Osal_RegisterInterrupt_initParams)
                  c30231a0    00000040                   : SemaphoreP_tirtos.oe674 (.text:SemaphoreP_Params_init)
                  c30231e0    00000040                   : SemaphoreP_tirtos.oe674 (.text:SemaphoreP_post)
                  c3023220    00000040     ti.drv.usb.ae674 : usb_wrapper.oe674 (.text:USBDMAModeTXEnable)
                  c3023260    00000040                      : usbdmsc.oe674 (.text:USBDMSCInit)
                  c30232a0    00000040                      : musb.oe674 (.text:USBDevEndpointDataAck)
                  c30232e0    00000040                      : musb.oe674 (.text:USBDmaTxChTeardown)
                  c3023320    00000040                      : musb.oe674 (.text:USBEndpointDataSend)
                  c3023360    00000040                      : musb.oe674 (.text:USBEndpointDataToggleClear)
                  c30233a0    00000040                      : usbhenum_musb.oe674 (.text:USBHCDRegisterDrivers)
                  c30233e0    00000040                      : usbhmsc.oe674 (.text:USBHMSCDriveOpen)
                  c3023420    00000040                      : musb.oe674 (.text:USBHostAutoReqClear)
                  c3023460    00000040                      : musb.oe674 (.text:USBHostAutoReqSet)
                  c30234a0    00000040                      : musb.oe674 (.text:USBHostEndpointDataAck)
                  c30234e0    00000040                      : musb.oe674 (.text:USBHostRequestINClear)
                  c3023520    00000040                      : musb.oe674 (.text:USBHostReset)
                  c3023560    00000040                      : usb_wrapper.oe674 (.text:USBInitMUSBHostCfg)
                  c30235a0    00000040                      : musb.oe674 (.text:USBIntDisableEndpoint)
                  c30235e0    00000040                      : musb.oe674 (.text:USBIntEnableEndpoint)
                  c3023620    00000040                      : musb.oe674 (.text:USBOTGSessionRequest)
                  c3023660    00000040                      : usb_drv.oe674 (.text:USB_open)
                  c30236a0    00000040     ti.osal.ae674 : Utils_tirtos.oe674 (.text:_DebugP_assert)
                  c30236e0    00000040     rts6740_elf.lib : frcmpyd_div.c.obj (.text:__TI_frcmpyd_div)
                  c3023720    00000040                     : isinf.c.obj (.text:__c6xabi_isinf)
                  c3023760    00000040                     : _printfi.c.obj (.text:__c6xabi_isnan)
                  c30237a0    00000040                     : strasg.asm.obj (.text:__strasgi_64plus)
                  c30237e0    00000040                     : args_main.c.obj (.text:_args_main)
                  c3023820    00000040                     : snprintf.c.obj (.text:_outc)
                  c3023860    00000040     sysbios.ae674 : c62_TaskSupport_asm.obj (.text:_ti_sysbios_family_c62_TaskSupport_buildTaskStack)
                  c30238a0    00000040     ti.fs.fatfs.ae674 : diskio.oe674 (.text:disk_register)
                  c30238e0    00000040                       : diskio.oe674 (.text:disk_unregister)
                  c3023920    00000040     rts6740_elf.lib : strlen.c.obj (.text:strlen)
                  c3023960    00000040     usb_c674x_omapl138_pe674.oe674 (.text:ti_sysbios_BIOS_errorRaiseHook__I)
                  c30239a0    00000040     usb_c674x_omapl138_pe674.oe674 (.text:ti_sysbios_BIOS_exitFunc__I)
                  c30239e0    00000040     usb_c674x_omapl138_pe674.oe674 (.text:ti_sysbios_BIOS_registerRTSLock__I)
                  c3023a20    00000040     usb_c674x_omapl138_pe674.oe674 (.text:ti_sysbios_BIOS_removeRTSLock__I)
                  c3023a60    00000040     usb_c674x_omapl138_pe674.oe674 (.text:ti_sysbios_BIOS_startFunc__I)
                  c3023aa0    00000040     sysbios.ae674 : BIOS.obj (.text:ti_sysbios_family_c64p_EventCombiner_dispatchPlug__E)
                  c3023ae0    00000040     usb_c674x_omapl138_pe674.oe674 (.text:ti_sysbios_family_c64p_Hwi_Module__startupDone__F)
                  c3023b20    00000040     usb_c674x_omapl138_pe674.oe674 (.text:ti_sysbios_family_c64p_Hwi_Object__delete__S)
                  c3023b60    00000040     usb_c674x_omapl138_pe674.oe674 (.text:ti_sysbios_family_c64p_Hwi_Params__init__S)
                  c3023ba0    00000040     sysbios.ae674 : BIOS.obj (.text:ti_sysbios_family_c64p_Hwi_disableInterrupt__E)
                  c3023be0    00000040                   : BIOS.obj (.text:ti_sysbios_family_c64p_Hwi_dispatchC__I)
                  c3023c20    00000040                   : BIOS.obj (.text:ti_sysbios_family_c64p_Hwi_enableInterrupt__E)
                  c3023c60    00000040                   : BIOS.obj (.text:ti_sysbios_family_c64p_Hwi_getEventId__E)
                  c3023ca0    00000040                   : BIOS.obj (.text:ti_sysbios_family_c64p_primus_TimerSupport_enable__E)
                  c3023ce0    00000040     usb_c674x_omapl138_pe674.oe674 (.text:ti_sysbios_gates_GateHwi_Handle__label__S)
                  c3023d20    00000040     usb_c674x_omapl138_pe674.oe674 (.text:ti_sysbios_gates_GateHwi_Object__delete__S)
                  c3023d60    00000040     usb_c674x_omapl138_pe674.oe674 (.text:ti_sysbios_gates_GateMutex_Handle__label__S)
                  c3023da0    00000040     sysbios.ae674 : BIOS.obj (.text:ti_sysbios_gates_GateMutex_Instance_init__E)
                  c3023de0    00000040     usb_c674x_omapl138_pe674.oe674 (.text:ti_sysbios_gates_GateMutex_Object__delete__S)
                  c3023e20    00000040     sysbios.ae674 : BIOS.obj (.text:ti_sysbios_gates_GateMutex_leave__E)
                  c3023e60    00000040     usb_c674x_omapl138_pe674.oe674 (.text:ti_sysbios_hal_Cache_CacheProxy_inv__E)
                  c3023ea0    00000040     usb_c674x_omapl138_pe674.oe674 (.text:ti_sysbios_hal_Cache_CacheProxy_wb__E)
                  c3023ee0    00000040     usb_c674x_omapl138_pe674.oe674 (.text:ti_sysbios_hal_Hwi_HwiProxy_getStackInfo__E)
                  c3023f20    00000040     sysbios.ae674 : BIOS.obj (.text:ti_sysbios_hal_Hwi_Instance_init__E)
                  c3023f60    00000040     usb_c674x_omapl138_pe674.oe674 (.text:ti_sysbios_hal_Hwi_Object__delete__S)
                  c3023fa0    00000040     usb_c674x_omapl138_pe674.oe674 (.text:ti_sysbios_hal_Hwi_Params__init__S)
                  c3023fe0    00000040     usb_c674x_omapl138_pe674.oe674 (.text:ti_sysbios_heaps_HeapMem_Handle__label__S)
                  c3024020    00000040     usb_c674x_omapl138_pe674.oe674 (.text:ti_sysbios_heaps_HeapMem_Object__delete__S)
                  c3024060    00000040     usb_c674x_omapl138_pe674.oe674 (.text:ti_sysbios_knl_Clock_Module_State_clockQ)
                  c30240a0    00000040     usb_c674x_omapl138_pe674.oe674 (.text:ti_sysbios_knl_Queue_Object__get__S)
                  c30240e0    00000040     usb_c674x_omapl138_pe674.oe674 (.text:ti_sysbios_knl_Queue_destruct)
                  c3024120    00000040     usb_c674x_omapl138_pe674.oe674 (.text:ti_sysbios_knl_Semaphore_Params__init__S)
                  c3024160    00000040     usb_c674x_omapl138_pe674.oe674 (.text:ti_sysbios_knl_Semaphore_destruct)
                  c30241a0    00000040     usb_c674x_omapl138_pe674.oe674 (.text:ti_sysbios_knl_Swi_Object__get__S)
                  c30241e0    00000040     usb_c674x_omapl138_pe674.oe674 (.text:ti_sysbios_knl_Task_Params__init__S)
                  c3024220    00000040     usb_c674x_omapl138_pe674.oe674 (.text:ti_sysbios_timers_timer64_Timer_Module__startupDone__F)
                  c3024260    00000040     usb_c674x_omapl138_pe674.oe674 (.text:ti_sysbios_timers_timer64_Timer_Params__init__S)
                  c30242a0    00000040     ti.drv.uart.ae674 : UART_stdio.oe674 (.text:uart_console_getc$0)
                  c30242e0    00000040     ti.drv.usb.ae674 : usb_dev_dman.oe674 (.text:usbEpreqComplete)
                  c3024320    00000040     rts6740_elf.lib : wcslen.c.obj (.text:wcslen)
                  c3024360    00000040     ti.targets.rts6000.ae674 : Error.oe674 (.text:xdc_runtime_Error_check__E)
                  c30243a0    00000040                              : Error.oe674 (.text:xdc_runtime_Error_init__E)
                  c30243e0    00000040     usb_c674x_omapl138_pe674.oe674 (.text:xdc_runtime_IHeap_alloc)
                  c3024420    00000040     usb_c674x_omapl138_pe674.oe674 (.text:xdc_runtime_IHeap_free)
                  c3024460    00000040     ti.targets.rts6000.ae674 : Registry.oe674 (.text:xdc_runtime_Registry_findById__E)
                  c30244a0    00000040     usb_c674x_omapl138_pe674.oe674 (.text:xdc_runtime_Startup_exec__I)
                  c30244e0    00000040     ti.targets.rts6000.ae674 : SysMin.oe674 (.text:xdc_runtime_SysMin_Module_startup__E)
                  c3024520    00000040                              : SysMin.oe674 (.text:xdc_runtime_SysMin_exit__E)
                  c3024560    00000040                              : System.oe674 (.text:xdc_runtime_System_abort__E)
                  c30245a0    00000040                              : System.oe674 (.text:xdc_runtime_System_exit__E)
                  c30245e0    00000040     usb_c674x_omapl138_pe674.oe674 (.text:xdc_runtime_System_printf__E)
                  c3024620    00000020     ti.osal.ae674 : CacheP_tirtos.oe674 (.text:CacheP_Inv)
                  c3024640    00000020                   : CacheP_tirtos.oe674 (.text:CacheP_wb)
                  c3024660    00000020     ti.drv.usb.ae674 : usbdmsc.oe674 (.text:ConfigChangeHandler$0)
                  c3024680    00000020                      : cppi41dma.oe674 (.text:CppiDmaGetPendStatus)
                  c30246a0    00000020     ti.osal.ae674 : EventCombinerP_tirtos.oe674 (.text:EventCombinerP_dispatchPlug)
                  c30246c0    00000020                   : EventCombinerP_tirtos.oe674 (.text:EventCombinerP_enableEvent)
                  c30246e0    00000020     ti.fs.fatfs.ae674 : FATFS_drv.oe674 (.text:FATFS_diskIOctrl$0)
                  c3024700    00000020     ti.drv.usb.ae674 : usbdmsc.oe674 (.text:HandleDevice$0)
                  c3024720    00000020                      : usbdaudio.oe674 (.text:HandleDisconnect$0)
                  c3024740    00000020                      : usbdbulk.oe674 (.text:HandleReset$0)
                  c3024760    00000020                      : usbdbulk.oe674 (.text:HandleResume$0)
                  c3024780    00000020                      : usbdbulk.oe674 (.text:HandleSuspend$0)
                  c30247a0    00000020     ti.osal.ae674 : HwiP_tirtos.oe674 (.text:HwiP_clearInterrupt)
                  c30247c0    00000020                   : HwiP_tirtos.oe674 (.text:HwiP_disable)
                  c30247e0    00000020                   : HwiP_tirtos.oe674 (.text:HwiP_disableInterrupt)
                  c3024800    00000020                   : HwiP_tirtos.oe674 (.text:HwiP_enableInterrupt)
                  c3024820    00000020                   : HwiP_tirtos.oe674 (.text:HwiP_restore)
                  c3024840    00000020     ti.drv.uart.ae674 : UART_drv.oe674 (.text:UART_readPolling)
                  c3024860    00000020                       : UART_drv.oe674 (.text:UART_write)
                  c3024880    00000020                       : UART_drv.oe674 (.text:UART_writePolling)
                  c30248a0    00000020     ti.drv.usb.ae674 : usb_wrapper.oe674 (.text:USBClearInt)
                  c30248c0    00000020                      : musb.oe674 (.text:USBDevAddrSet)
                  c30248e0    00000020                      : musb.oe674 (.text:USBDevConnect)
                  c3024900    00000020                      : musb.oe674 (.text:USBDevDisconnect)
                  c3024920    00000020                      : usb_wrapper.oe674 (.text:USBDmaIntEnable)
                  c3024940    00000020                      : musb.oe674 (.text:USBDmaTxChDisable)
                  c3024960    00000020                      : musb.oe674 (.text:USBEnableOtgIntr)
                  c3024980    00000020                      : musb.oe674 (.text:USBEndpointStatus)
                  c30249a0    00000020                      : usb_wrapper.oe674 (.text:USBGetEndpointIntrStatus)
                  c30249c0    00000020                      : usbhenum_musb.oe674 (.text:USBHCDPowerConfigInit)
                  c30249e0    00000020                      : musb.oe674 (.text:USBHostAddrSet)
                  c3024a00    00000020                      : musb.oe674 (.text:USBHostRequestIN)
                  c3024a20    00000020                      : musb.oe674 (.text:USBHostRequestStatus)
                  c3024a40    00000020                      : musb.oe674 (.text:USBIntDisableControl)
                  c3024a60    00000020                      : musb.oe674 (.text:USBIntEnableControl)
                  c3024a80    00000020                      : musb.oe674 (.text:USBIntStatusControl)
                  c3024aa0    00000020                      : usb_wrapper.oe674 (.text:USBModuleClkEnable)
                  c3024ac0    00000020                      : usb_wrapper.oe674 (.text:USBWrapperEnableInt)
                  c3024ae0    00000020                      : usb_wrapper.oe674 (.text:USB_Host_Init)
                  c3024b00    00000020                      : usb_drv.oe674 (.text:USB_coreIrqHandler)
                  c3024b20    00000020                      : usb_drv.oe674 (.text:USB_irqConfig)
                  c3024b40    00000020                      : usb_wrapper.oe674 (.text:UsbPhyOff)
                  c3024b60    00000020     rts6740_elf.lib : errno.c.obj (.text:__c6xabi_errno_addr)
                  c3024b80    00000020                     : push.asm.obj (.text:__pop_rts)
                  c3024ba0    00000020                     : push.asm.obj (.text:__push_rts)
                  c3024bc0    00000020                     : _lock.c.obj (.text:_nop)
                  c3024be0    00000020                     : _lock.c.obj (.text:_register_lock)
                  c3024c00    00000020                     : _lock.c.obj (.text:_register_unlock)
                  c3024c20    00000020                     : signbit.c.obj (.text:_signbit)
                  c3024c40    00000020     sysbios.ae674 : c62_TaskSupport_asm.obj (.text:_ti_sysbios_family_c62_TaskSupport_glue)
                  c3024c60    00000020     rts6740_elf.lib : exit.c.obj (.text:abort)
                  c3024c80    00000020                     : s_copysign.c.obj (.text:copysign)
                  c3024ca0    00000020                     : copy_decompress_none.c.obj (.text:decompress:none:__TI_decompress_none)
                  c3024cc0    00000020                     : copy_decompress_rle.c.obj (.text:decompress:rle24:__TI_decompress_rle24)
                  c3024ce0    00000020     ti.fs.fatfs.ae674 : diskio.oe674 (.text:get_fattime)
                  c3024d00    00000020     usb_c674x_omapl138_pe674.oe674 (.text:ti_sysbios_BIOS_RtsGateProxy_enter__E)
                  c3024d20    00000020     usb_c674x_omapl138_pe674.oe674 (.text:ti_sysbios_BIOS_RtsGateProxy_leave__E)
                  c3024d40    00000020     sysbios.ae674 : BIOS.obj (.text:ti_sysbios_BIOS_exit__E)
                  c3024d60    00000020                   : BIOS.obj (.text:ti_sysbios_BIOS_getThreadType__E)
                  c3024d80    00000020                   : BIOS.obj (.text:ti_sysbios_BIOS_linkedWithIncorrectBootLibrary__E)
                  c3024da0    00000020     usb_c674x_omapl138_pe674.oe674 (.text:ti_sysbios_BIOS_nullFunc__I)
                  c3024dc0    00000020     sysbios.ae674 : BIOS.obj (.text:ti_sysbios_BIOS_setThreadType__E)
                  c3024de0    00000020                   : BIOS.obj (.text:ti_sysbios_BIOS_start__E)
                  c3024e00    00000020     usb_c674x_omapl138_pe674.oe674 (.text:ti_sysbios_family_c62_TaskSupport_Module__startupDone__S)
                  c3024e20    00000020     sysbios.ae674 : BIOS.obj (.text:ti_sysbios_family_c62_TaskSupport_checkStack__E)
                  c3024e40    00000020                   : BIOS.obj (.text:ti_sysbios_family_c62_TaskSupport_getStackAlignment__E)
                  c3024e60    00000020                   : BIOS.obj (.text:ti_sysbios_family_c64p_Cache_inv__E)
                  c3024e80    00000020                   : BIOS.obj (.text:ti_sysbios_family_c64p_Cache_wbInv__E)
                  c3024ea0    00000020                   : BIOS.obj (.text:ti_sysbios_family_c64p_Cache_wb__E)
                  c3024ec0    00000020     usb_c674x_omapl138_pe674.oe674 (.text:ti_sysbios_family_c64p_Hwi_Module__startupDone__S)
                  c3024ee0    00000020     sysbios.ae674 : BIOS.obj (.text:ti_sysbios_family_c64p_Hwi_clearInterrupt__E)
                  c3024f00    00000020                   : BIOS.obj (.text:ti_sysbios_family_c64p_Hwi_getHandle__E)
                  c3024f20    00000020                   : BIOS.obj (.text:ti_sysbios_family_c64p_Hwi_startup__E)
                  c3024f40    00000020                   : BIOS.obj (.text:ti_sysbios_family_c64p_Hwi_switchFromBootStack__E)
                  c3024f60    00000020                   : BIOS.obj (.text:ti_sysbios_family_c64p_Hwi_unPluggedInterrupt__I)
                  c3024f80    00000020                   : BIOS.obj (.text:ti_sysbios_gates_GateHwi_Instance_init__E)
                  c3024fa0    00000020                   : BIOS.obj (.text:ti_sysbios_gates_GateHwi_enter__E)
                  c3024fc0    00000020                   : BIOS.obj (.text:ti_sysbios_gates_GateHwi_leave__E)
                  c3024fe0    00000020                   : BIOS.obj (.text:ti_sysbios_gates_GateHwi_query__E)
                  c3025000    00000020                   : BIOS.obj (.text:ti_sysbios_gates_GateMutex_Instance_finalize__E)
                  c3025020    00000020                   : BIOS.obj (.text:ti_sysbios_gates_GateMutex_query__E)
                  c3025040    00000020     usb_c674x_omapl138_pe674.oe674 (.text:ti_sysbios_hal_Hwi_HwiProxy_Module__startupDone__S)
                  c3025060    00000020     usb_c674x_omapl138_pe674.oe674 (.text:ti_sysbios_hal_Hwi_HwiProxy_clearInterrupt__E)
                  c3025080    00000020     usb_c674x_omapl138_pe674.oe674 (.text:ti_sysbios_hal_Hwi_HwiProxy_create)
                  c30250a0    00000020     usb_c674x_omapl138_pe674.oe674 (.text:ti_sysbios_hal_Hwi_HwiProxy_delete)
                  c30250c0    00000020     usb_c674x_omapl138_pe674.oe674 (.text:ti_sysbios_hal_Hwi_HwiProxy_disableInterrupt__E)
                  c30250e0    00000020     usb_c674x_omapl138_pe674.oe674 (.text:ti_sysbios_hal_Hwi_HwiProxy_enableInterrupt__E)
                  c3025100    00000020     usb_c674x_omapl138_pe674.oe674 (.text:ti_sysbios_hal_Hwi_HwiProxy_startup__E)
                  c3025120    00000020     usb_c674x_omapl138_pe674.oe674 (.text:ti_sysbios_hal_Hwi_HwiProxy_switchFromBootStack__E)
                  c3025140    00000020     sysbios.ae674 : BIOS.obj (.text:ti_sysbios_hal_Hwi_Instance_finalize__E)
                  c3025160    00000020                   : BIOS.obj (.text:ti_sysbios_hal_Hwi_Module_startup__E)
                  c3025180    00000020     usb_c674x_omapl138_pe674.oe674 (.text:ti_sysbios_hal_Hwi_delete)
                  c30251a0    00000020     sysbios.ae674 : BIOS.obj (.text:ti_sysbios_hal_Timer_Module_startup__E)
                  c30251c0    00000020     usb_c674x_omapl138_pe674.oe674 (.text:ti_sysbios_hal_Timer_TimerProxy_Module__startupDone__S)
                  c30251e0    00000020     usb_c674x_omapl138_pe674.oe674 (.text:ti_sysbios_heaps_HeapMem_Module_GateProxy_enter__E)
                  c3025200    00000020     usb_c674x_omapl138_pe674.oe674 (.text:ti_sysbios_heaps_HeapMem_Module_GateProxy_leave__E)
                  c3025220    00000020     usb_c674x_omapl138_pe674.oe674 (.text:ti_sysbios_heaps_HeapMem_Module_GateProxy_query__E)
                  c3025240    00000020     sysbios.ae674 : BIOS.obj (.text:ti_sysbios_heaps_HeapMem_isBlocking__E)
                  c3025260    00000020     usb_c674x_omapl138_pe674.oe674 (.text:ti_sysbios_knl_Clock_TimerProxy_Module__startupDone__S)
                  c3025280    00000020     usb_c674x_omapl138_pe674.oe674 (.text:ti_sysbios_knl_Clock_TimerProxy_getMaxTicks__E)
                  c30252a0    00000020     sysbios.ae674 : BIOS.obj (.text:ti_sysbios_knl_Idle_loop__E)
                  c30252c0    00000020                   : BIOS.obj (.text:ti_sysbios_knl_Queue_Instance_init__E)
                  c30252e0    00000020                   : BIOS.obj (.text:ti_sysbios_knl_Queue_empty__E)
                  c3025300    00000020                   : BIOS.obj (.text:ti_sysbios_knl_Queue_put__E)
                  c3025320    00000020                   : BIOS.obj (.text:ti_sysbios_knl_Semaphore_Instance_finalize__E)
                  c3025340    00000020                   : BIOS.obj (.text:ti_sysbios_knl_Swi_disable__E)
                  c3025360    00000020     usb_c674x_omapl138_pe674.oe674 (.text:ti_sysbios_knl_Task_SupportProxy_Module__startupDone__S)
                  c3025380    00000020     usb_c674x_omapl138_pe674.oe674 (.text:ti_sysbios_knl_Task_SupportProxy_checkStack__E)
                  c30253a0    00000020     usb_c674x_omapl138_pe674.oe674 (.text:ti_sysbios_knl_Task_SupportProxy_getStackAlignment__E)
                  c30253c0    00000020     usb_c674x_omapl138_pe674.oe674 (.text:ti_sysbios_knl_Task_SupportProxy_start__E)
                  c30253e0    00000020     usb_c674x_omapl138_pe674.oe674 (.text:ti_sysbios_knl_Task_SupportProxy_swap__E)
                  c3025400    00000020     sysbios.ae674 : BIOS.obj (.text:ti_sysbios_knl_Task_disable__E)
                  c3025420    00000020                   : BIOS.obj (.text:ti_sysbios_knl_Task_startup__E)
                  c3025440    00000020     usb_c674x_omapl138_pe674.oe674 (.text:ti_sysbios_timers_timer64_Timer_Module__startupDone__S)
                  c3025460    00000020     usb_c674x_omapl138_pe674.oe674 (.text:ti_sysbios_timers_timer64_Timer_TimerSupportProxy_enable__E)
                  c3025480    00000020     sysbios.ae674 : BIOS.obj (.text:ti_sysbios_timers_timer64_Timer_getMaxTicks__E)
                  c30254a0    00000020     ti.drv.usb.ae674 : usb_wrapper.oe674 (.text:usbClockCfg)
                  c30254c0    00000020                      : usb_musb_dcd.oe674 (.text:usbMusbDcdMiscIntrHandler)
                  c30254e0    00000020     usb_c674x_omapl138_pe674.oe674 (.text:xdc_iargToPtr)
                  c3025500    00000020     ti.targets.rts6000.ae674 : Error.oe674 (.text:xdc_runtime_Error_raiseX__E)
                  c3025520    00000020                              : Gate.oe674 (.text:xdc_runtime_Gate_enterSystem__E)
                  c3025540    00000020                              : Gate.oe674 (.text:xdc_runtime_Gate_leaveSystem__E)
                  c3025560    00000020     usb_c674x_omapl138_pe674.oe674 (.text:xdc_runtime_Memory_HeapProxy_alloc__E)
                  c3025580    00000020     usb_c674x_omapl138_pe674.oe674 (.text:xdc_runtime_Memory_HeapProxy_free__E)
                  c30255a0    00000020     ti.targets.rts6000.ae674 : Memory.oe674 (.text:xdc_runtime_Memory_calloc__E)
                  c30255c0    00000020                              : Memory.oe674 (.text:xdc_runtime_Memory_free__E)
                  c30255e0    00000020                              : Memory.oe674 (.text:xdc_runtime_Memory_getMaxDefaultTypeAlign__E)
                  c3025600    00000020     usb_c674x_omapl138_pe674.oe674 (.text:xdc_runtime_Startup_reset__I)
                  c3025620    00000020     ti.targets.rts6000.ae674 : Startup.oe674 (.text:xdc_runtime_Startup_rtsDone__E)
                  c3025640    00000020                              : SysMin.oe674 (.text:xdc_runtime_SysMin_ready__E)
                  c3025660    00000020     usb_c674x_omapl138_pe674.oe674 (.text:xdc_runtime_System_Module_GateProxy_enter__E)
                  c3025680    00000020     usb_c674x_omapl138_pe674.oe674 (.text:xdc_runtime_System_Module_GateProxy_leave__E)
                  c30256a0    00000020     ti.targets.rts6000.ae674 : System.oe674 (.text:xdc_runtime_System_Module_startup__E)
                  c30256c0    00000020     usb_c674x_omapl138_pe674.oe674 (.text:xdc_runtime_System_SupportProxy_abort__E)
                  c30256e0    00000020     usb_c674x_omapl138_pe674.oe674 (.text:xdc_runtime_System_SupportProxy_exit__E)
                  c3025700    00000020     usb_c674x_omapl138_pe674.oe674 (.text:xdc_runtime_System_SupportProxy_putch__E)
                  c3025720    00000020     usb_c674x_omapl138_pe674.oe674 (.text:xdc_runtime_System_SupportProxy_ready__E)
                  c3025740    00000020     ti.targets.rts6000.ae674 : System.oe674 (.text:xdc_runtime_System_vsnprintf__E)
                  c3025760    00000020                              : Text.oe674 (.text:xdc_runtime_Text_ropeText__E)
                  c3025780    00000020     usb_c674x_omapl138_pe674.oe674 (.text:xdc_runtime_Text_visitRope__I)

.const     0    c326c900    00001621     
                  c326c900    00000518     sysbios.ae674 : BIOS.obj (.const:.string)
                  c326ce18    000003e0     fs_shell_app_utils.obj (.const:.string)
[...]
c326d6e0  ti_sysbios_knl_Task_Object__PARAMS__C                               
c326d768  FATFS_config                                                        
c326d7dc  ti_sysbios_family_c64p_Hwi_Object__PARAMS__C                        
c326d80c  ti_sysbios_family_c62_TaskSupport_stackAlignment__C                 
c326d810  xdc_runtime_Startup_sfxnTab__A                                      
c326d86c  ti_sysbios_hal_Hwi_Object__PARAMS__C                                
c326d898  ti_sysbios_heaps_HeapMem_Module__FXNS__C                            
c326d908  ti_sysbios_gates_GateHwi_Module__FXNS__C                            
c326d92c  ti_sysbios_gates_GateMutex_Module__FXNS__C                          
c326d950  ti_sysbios_heaps_HeapMem_Object__PARAMS__C                          
c326d974  ti_sysbios_knl_Semaphore_Object__PARAMS__C                          
c326d9b8  ti_sysbios_family_c64p_Hwi_Object__DESC__C                          
c326d9d8  ti_sysbios_gates_GateHwi_Object__DESC__C                            
c326d9f8  ti_sysbios_gates_GateMutex_Object__DESC__C                          
c326da18  ti_sysbios_hal_Hwi_Object__DESC__C                                  
c326da38  ti_sysbios_heaps_HeapMem_Object__DESC__C                            
c326da58  ti_sysbios_knl_Queue_Object__DESC__C                                
c326da78  ti_sysbios_knl_Semaphore_Object__DESC__C                            
c326da98  ti_sysbios_knl_Task_Object__DESC__C                                 
c326dab8  ti_sysbios_timers_timer64_Timer_Object__DESC__C                     
c326db0c  ti_sysbios_gates_GateHwi_Object__PARAMS__C                          
c326db24  ti_sysbios_gates_GateMutex_Object__PARAMS__C                        
c326db3c  ti_sysbios_knl_Queue_Object__PARAMS__C                              
c326db54  ti_sysbios_family_c64p_Cache_EMIFA_BASE__C                          
c326db58  xdc_runtime_Startup_sfxnRts__A                                      
c326db70  g_pBulkInterface                                                    
c326db88  g_pMSCInterface                                                     
c326dbda  ti_sysbios_family_c64p_EventCombiner_Module__id__C                  
c326dbfc  USB_FxnTable_musb                                                   
c326dc0c  g_USBHostMSCClassDriver                                             
c326dc1c  ti_sysbios_family_c64p_Cache_EMIFA_CFG__C                           
c326dc20  ti_sysbios_family_c64p_EventCombiner_EVTMASK__C                     
c326dc3e  ti_sysbios_family_c64p_Exception_Module__id__C                      
c326dc48  g_sAudioConfigHeader                                                
c326dc50  g_sAudioConfigSection                                               
c326dc58  g_sAudioControlInterfaceSection                                     
c326dc60  g_sAudioStreamInterfaceSection                                      
c326dc68  g_sBulkConfigHeader                                                 
c326dc70  g_sBulkConfigSection                                                
c326dc78  g_sBulkInterfaceSection                                             
c326dc80  g_sIADAudioConfigSection                                            
c326dc88  ti_sysbios_knl_Idle_funcList__C                                     
c326dc90  xdc_runtime_Startup_firstFxns__A                                    
c326dc98  xdc_runtime_Startup_firstFxns__C                                    
c326dca0  xdc_runtime_Startup_lastFxns__C                                     
c326dca8  g_pAudioConfigDescriptors                                           
c326dcac  ti_sysbios_family_c64p_Cache_EMIFA_LENGTH__C                        
c326dcb0  g_pBulkConfigDescriptors                                            
c326dcb4  ti_sysbios_family_c64p_Cache_EMIFB_BASE__C                          
c326dcbc  ti_sysbios_family_c64p_Cache_EMIFB_CFG__C                           
c326dcc0  ti_sysbios_family_c64p_Cache_EMIFB_LENGTH__C                        
c326dcc4  ti_sysbios_family_c64p_Cache_EMIFC_BASE__C                          
c326dcc8  ti_sysbios_family_c64p_Cache_EMIFC_CFG__C                           
c326dccc  ti_sysbios_family_c64p_Cache_EMIFC_LENGTH__C                        
c326dcd0  ti_sysbios_family_c64p_Cache_E_invalidL1CacheSize__C                
c326dcd4  ti_sysbios_family_c64p_Cache_E_invalidL2CacheSize__C                
c326dcd8  ti_sysbios_family_c64p_Cache_MAR0_31__C                             
c326dcdc  ti_sysbios_family_c64p_Cache_MAR128_159__C                          
c326dce0  ti_sysbios_family_c64p_Cache_MAR160_191__C                          
c326dce4  ti_sysbios_family_c64p_Cache_MAR192_223__C                          
c326dce8  ti_sysbios_family_c64p_Cache_MAR224_255__C                          
c326dcec  ti_sysbios_family_c64p_Cache_MAR32_63__C                            
c326dcf0  ti_sysbios_family_c64p_Cache_MAR64_95__C                            
c326dcf4  ti_sysbios_family_c64p_Cache_MAR96_127__C                           
c326dcf8  ti_sysbios_family_c64p_EventCombiner_EVTRegs__C                     
c326dcfc  ti_sysbios_family_c64p_EventCombiner_E_unpluggedEvent__C            
c326dd00  ti_sysbios_family_c64p_Exception_E_exceptionMax__C                  
c326dd04  ti_sysbios_family_c64p_Exception_exceptionHook__C                   
c326dd08  ti_sysbios_family_c64p_Exception_externalHook__C                    
c326dd0c  ti_sysbios_family_c64p_Exception_internalHook__C                    
c326dd10  ti_sysbios_family_c64p_Exception_nmiHook__C                         
c326dd14  ti_sysbios_family_c64p_Hwi_E_alreadyDefined__C                      
c326dd18  ti_sysbios_family_c64p_Hwi_E_handleNotFound__C                      
c326dd1c  ti_sysbios_family_c64p_Hwi_E_invalidIntNum__C                       
c326dd20  ti_sysbios_family_c64p_Hwi_INTRMUX1Address__C                       
c326dd24  ti_sysbios_family_c64p_Hwi_LD_end__C                                
c326dd28  ti_sysbios_family_c64p_Hwi_LM_begin__C                              
c326dd2c  ti_sysbios_family_c64p_Hwi_Module__diagsEnabled__C                  
c326dd30  ti_sysbios_family_c64p_Hwi_Module__diagsIncluded__C                 
c326dd34  ti_sysbios_family_c64p_Hwi_Module__diagsMask__C                     
c326dd38  ti_sysbios_family_c64p_Hwi_Module__loggerFxn1__C                    
c326dd3c  ti_sysbios_family_c64p_Hwi_Module__loggerFxn8__C                    
c326dd40  ti_sysbios_family_c64p_Hwi_Module__loggerObj__C                     
c326dd44  ti_sysbios_gates_GateMutex_Instance_State_sem__O                    
c326dd48  ti_sysbios_hal_Hwi_E_stackOverflow__C                               
c326dd4c  ti_sysbios_heaps_HeapMem_E_memory__C                                
c326dd50  ti_sysbios_heaps_HeapMem_Module__gateObj__C                         
c326dd54  ti_sysbios_heaps_HeapMem_Object__count__C                           
c326dd58  ti_sysbios_heaps_HeapMem_Object__table__C                           
c326dd5c  ti_sysbios_heaps_HeapMem_reqAlign__C                                
c326dd60  ti_sysbios_knl_Clock_LM_begin__C                                    
c326dd64  ti_sysbios_knl_Clock_LM_tick__C                                     
c326dd68  ti_sysbios_knl_Clock_LW_delayed__C                                  
c326dd6c  ti_sysbios_knl_Clock_Module_State_clockQ__O                         
c326dd70  ti_sysbios_knl_Clock_Module__diagsEnabled__C                        
c326dd74  ti_sysbios_knl_Clock_Module__diagsIncluded__C                       
c326dd78  ti_sysbios_knl_Clock_Module__diagsMask__C                           
c326dd7c  ti_sysbios_knl_Clock_Module__loggerFxn1__C                          
c326dd80  ti_sysbios_knl_Clock_Module__loggerFxn2__C                          
c326dd84  ti_sysbios_knl_Clock_Module__loggerObj__C                           
c326dd88  ti_sysbios_knl_Idle_funcList__A                                     
c326dd8c  ti_sysbios_knl_Semaphore_Instance_State_pendQ__O                    
c326dd90  ti_sysbios_knl_Semaphore_LM_pend__C                                 
c326dd94  ti_sysbios_knl_Semaphore_LM_post__C                                 
c326dd98  ti_sysbios_knl_Semaphore_Module__diagsEnabled__C                    
c326dd9c  ti_sysbios_knl_Semaphore_Module__diagsIncluded__C                   
c326dda0  ti_sysbios_knl_Semaphore_Module__diagsMask__C                       
c326dda4  ti_sysbios_knl_Semaphore_Module__loggerFxn2__C                      
c326dda8  ti_sysbios_knl_Semaphore_Module__loggerFxn4__C                      
c326ddac  ti_sysbios_knl_Semaphore_Module__loggerObj__C                       
c326ddb0  ti_sysbios_knl_Swi_LD_end__C                                        
c326ddb4  ti_sysbios_knl_Swi_LM_begin__C                                      
c326ddb8  ti_sysbios_knl_Swi_LM_post__C                                       
c326ddbc  ti_sysbios_knl_Swi_Module__diagsEnabled__C                          
c326ddc0  ti_sysbios_knl_Swi_Module__diagsIncluded__C                         
c326ddc4  ti_sysbios_knl_Swi_Module__diagsMask__C                             
c326ddc8  ti_sysbios_knl_Swi_Module__loggerFxn1__C                            
c326ddcc  ti_sysbios_knl_Swi_Module__loggerFxn4__C                            
c326ddd0  ti_sysbios_knl_Swi_Module__loggerObj__C                             
c326ddd4  ti_sysbios_knl_Swi_Object__count__C                                 
c326ddd8  ti_sysbios_knl_Swi_Object__table__C                                 
c326dddc  ti_sysbios_knl_Task_E_spOutOfBounds__C                              
c326dde0  ti_sysbios_knl_Task_E_stackOverflow__C                              
c326dde4  ti_sysbios_knl_Task_LD_block__C                                     
c326dde8  ti_sysbios_knl_Task_LD_exit__C                                      
c326ddec  ti_sysbios_knl_Task_LD_ready__C                                     
c326ddf0  ti_sysbios_knl_Task_LM_switch__C                                    
c326ddf4  ti_sysbios_knl_Task_Module_State_inactiveQ__O                       
c326ddf8  ti_sysbios_knl_Task_Module__diagsEnabled__C                         
c326ddfc  ti_sysbios_knl_Task_Module__diagsIncluded__C                        
c326de00  ti_sysbios_knl_Task_Module__diagsMask__C                            
c326de04  ti_sysbios_knl_Task_Module__loggerFxn2__C                           
c326de08  ti_sysbios_knl_Task_Module__loggerFxn4__C                           
c326de0c  ti_sysbios_knl_Task_Module__loggerObj__C                            
c326de10  ti_sysbios_knl_Task_Object__count__C                                
c326de14  ti_sysbios_knl_Task_Object__table__C                                
c326de18  ti_sysbios_knl_Task_allBlockedFunc__C                               
c326de1c  ti_sysbios_knl_Task_defaultStackHeap__C                             
c326de20  ti_sysbios_knl_Task_defaultStackSize__C                             
c326de24  ti_sysbios_knl_Task_numConstructedTasks__C                          
c326de28  ti_sysbios_timers_timer64_Timer_E_cannotSupport__C                  
c326de2c  ti_sysbios_timers_timer64_Timer_E_invalidTimer__C                   
c326de30  ti_sysbios_timers_timer64_Timer_E_notAvailable__C                   
c326de34  ti_sysbios_timers_timer64_Timer_anyMaskHigh__C                      
c326de38  ti_sysbios_timers_timer64_Timer_anyMask__C                          
c326de3c  ti_sysbios_timers_timer64_Timer_defaultHalf__C                      
c326de40  ti_sysbios_timers_timer64_Timer_freqDivisor__C                      
c326de44  ti_sysbios_timers_timer64_Timer_numLocalTimers__C                   
c326de48  ti_sysbios_timers_timer64_Timer_numTimerDevices__C                  
c326de4c  xdc_runtime_Assert_E_assertFailed__C                                
c326de50  xdc_runtime_Core_A_initializedParams__C                             
c326de54  xdc_runtime_Core_Module__diagsEnabled__C                            
c326de58  xdc_runtime_Core_Module__diagsIncluded__C                           
c326de5c  xdc_runtime_Core_Module__diagsMask__C                               
c326de60  xdc_runtime_Error_E_memory__C                                       
c326de64  xdc_runtime_Error_Module__diagsEnabled__C                           
c326de68  xdc_runtime_Error_Module__diagsIncluded__C                          
c326de6c  xdc_runtime_Error_Module__diagsMask__C                              
c326de70  xdc_runtime_Error_Module__loggerFxn8__C                             
c326de74  xdc_runtime_Error_Module__loggerObj__C                              
c326de78  xdc_runtime_Error_policyFxn__C                                      
c326de7c  xdc_runtime_Error_policy__C                                         
c326de80  xdc_runtime_Error_raiseHook__C                                      
c326de84  xdc_runtime_IGateProvider_Interface__BASE__C                        
c326de88  xdc_runtime_IHeap_Interface__BASE__C                                
c326de8c  xdc_runtime_IModule_Interface__BASE__C                              
c326de90  xdc_runtime_Log_L_error__C                                          
c326de94  xdc_runtime_Main_Module__diagsEnabled__C                            
c326de98  xdc_runtime_Main_Module__diagsIncluded__C                           
c326de9c  xdc_runtime_Main_Module__diagsMask__C                               
c326dea0  xdc_runtime_Memory_defaultHeapInstance__C                           
c326dea4  xdc_runtime_Startup_execImpl__C                                     
c326dea8  xdc_runtime_Startup_maxPasses__C                                    
c326deac  xdc_runtime_Startup_sfxnRts__C                                      
c326deb0  xdc_runtime_Startup_sfxnTab__C                                      
c326deb4  xdc_runtime_Startup_startModsFxn__C                                 
c326deb8  xdc_runtime_SysMin_bufSize__C                                       
c326debc  xdc_runtime_SysMin_outputFunc__C                                    
c326dec0  xdc_runtime_System_Module__gateObj__C                               
c326dec4  xdc_runtime_System_abortFxn__C                                      
c326dec8  xdc_runtime_System_exitFxn__C                                       
c326decc  xdc_runtime_System_extendFxn__C                                     
c326ded0  xdc_runtime_System_maxAtexitHandlers__C                             
c326ded4  xdc_runtime_Text_charTab__C                                         
c326ded8  xdc_runtime_Text_nameEmpty__C                                       
c326dedc  xdc_runtime_Text_nameStatic__C                                      
c326dee0  xdc_runtime_Text_nameUnknown__C                                     
c326dee4  xdc_runtime_Text_visitRopeFxn__C                                    
c326dee8  ti_sysbios_family_c64p_Exception_useInternalBuffer__C               
c326deea  ti_sysbios_family_c64p_Hwi_Module__id__C                            
c326deec  ti_sysbios_family_c64p_Hwi_Module__loggerDefined__C                 
c326deee  ti_sysbios_hal_Hwi_Module__id__C                                    
c326def0  ti_sysbios_heaps_HeapMem_Module__id__C                              
c326def2  ti_sysbios_knl_Clock_Module__id__C                                  
c326def4  ti_sysbios_knl_Clock_Module__loggerDefined__C                       
c326def6  ti_sysbios_knl_Semaphore_Module__id__C                              
c326def8  ti_sysbios_knl_Semaphore_Module__loggerDefined__C                   
c326defa  ti_sysbios_knl_Swi_Module__id__C                                    
c326defc  ti_sysbios_knl_Swi_Module__loggerDefined__C                         
c326defe  ti_sysbios_knl_Task_Module__id__C                                   
c326df00  ti_sysbios_knl_Task_Module__loggerDefined__C                        
c326df02  ti_sysbios_timers_timer64_Timer_Module__id__C                       
c326df04  ti_sysbios_timers_timer64_Timer_startupNeeded__C                    
c326df06  ti_sysbios_timers_timer64_Timer_useTimer64pRegMap__C                
c326df08  xdc_runtime_Core_Module__id__C                                      
c326df0a  xdc_runtime_Error_Module__loggerDefined__C                          
c326df0c  xdc_runtime_Error_maxDepth__C                                       
c326df0e  xdc_runtime_Main_Module__id__C                                      
c326df10  xdc_runtime_Memory_Module__id__C                                    
c326df12  xdc_runtime_SysMin_flushAtExit__C                                   
c326df14  xdc_runtime_Text_charCnt__C                                         
c326df16  xdc_runtime_Text_isLoaded__C                                        
c326df18  xdc_runtime_Text_registryModsLastId__C                              
c326df1a  xdc_runtime_Text_unnamedModsLastId__C                               
c326df20  xdc_runtime_Text_charTab__A                                         
c326e048  __CIOBUF_                                                           
c326e168  __TI_STATIC_BASE                                                    
c326e168  delayTimerCount                                                     
c326e16c  delayTimerFlag                                                      
c326e170  delayTimerHandle                                                    
c326e174  g_eState                                                            
c326e17c  gOsalSemAllocCnt                                                    
c326e180  gOsalSemPeak                                                        
c326e184  gOsalTimerAllocCnt                                                  
c326e188  gOsalTimerPeak                                                      
c326e18c  gOsalHwiAllocCnt                                                    
c326e190  gOsalHwiPeak                                                        
c326e194  g_ulMSCInstance                                                     
c326e198  fatfsHandle                                                         
c326e19c  g_fsHasOpened                                                       
c326e1a0  intStatus                                                           
c326e1a4  g_bytesRead                                                         
c326e1a8  g_bytesWritten                                                      
c326e1ac  g_bUSBTimerInitialized                                              
c326e1b0  g_ulCurrentUSBTick                                                  
c326e1b4  g_ulUSBSOFCount                                                     
c326e1cc  gFsShellAppUtilsCurState                                            
c326eb50  __TI_Handler_Table_Base                                             
c326eb58  __TI_CINIT_Base                                                     
c326eb58  __TI_Handler_Table_Limit                                            
c326eb78  __TI_CINIT_Limit                                                    
c3600000  _c_int00                                                            
ffffffff  __TI_pprof_out_hndl                                                 
ffffffff  __TI_prof_data_size                                                 
ffffffff  __TI_prof_data_start                                                
ffffffff  __binit__                                                           
ffffffff  __c_args__                                                          
ffffffff  binit                                                               
UNDEFED   __TI_INITARRAY_Base                                                 
UNDEFED   __TI_INITARRAY_Limit                                                
UNDEFED   __TI_TLS_INIT_Base                                                  
UNDEFED   __TI_TLS_INIT_Limit                                                 

[945 symbols]
